Archive member included to satisfy reference by file (symbol)

c:/st/stm32cubeide_1.9.0/stm32cubeide/plugins/com.st.stm32cube.ide.mcu.externaltools.gnu-tools-for-stm32.10.3-2021.10.win32_1.0.0.202111181127/tools/bin/../lib/gcc/arm-none-eabi/10.3.1/../../../../arm-none-eabi/lib/thumb/v7e-m+fp/hard\libc_nano.a(lib_a-errno.o)
                              ./Core/Src/syscalls.o (__errno)
c:/st/stm32cubeide_1.9.0/stm32cubeide/plugins/com.st.stm32cube.ide.mcu.externaltools.gnu-tools-for-stm32.10.3-2021.10.win32_1.0.0.202111181127/tools/bin/../lib/gcc/arm-none-eabi/10.3.1/../../../../arm-none-eabi/lib/thumb/v7e-m+fp/hard\libc_nano.a(lib_a-exit.o)
                              c:/st/stm32cubeide_1.9.0/stm32cubeide/plugins/com.st.stm32cube.ide.mcu.externaltools.gnu-tools-for-stm32.10.3-2021.10.win32_1.0.0.202111181127/tools/bin/../lib/gcc/arm-none-eabi/10.3.1/../../../../arm-none-eabi/lib/thumb/v7e-m+fp/hard/crt0.o (exit)
c:/st/stm32cubeide_1.9.0/stm32cubeide/plugins/com.st.stm32cube.ide.mcu.externaltools.gnu-tools-for-stm32.10.3-2021.10.win32_1.0.0.202111181127/tools/bin/../lib/gcc/arm-none-eabi/10.3.1/../../../../arm-none-eabi/lib/thumb/v7e-m+fp/hard\libc_nano.a(lib_a-impure.o)
                              c:/st/stm32cubeide_1.9.0/stm32cubeide/plugins/com.st.stm32cube.ide.mcu.externaltools.gnu-tools-for-stm32.10.3-2021.10.win32_1.0.0.202111181127/tools/bin/../lib/gcc/arm-none-eabi/10.3.1/../../../../arm-none-eabi/lib/thumb/v7e-m+fp/hard\libc_nano.a(lib_a-exit.o) (_global_impure_ptr)
c:/st/stm32cubeide_1.9.0/stm32cubeide/plugins/com.st.stm32cube.ide.mcu.externaltools.gnu-tools-for-stm32.10.3-2021.10.win32_1.0.0.202111181127/tools/bin/../lib/gcc/arm-none-eabi/10.3.1/../../../../arm-none-eabi/lib/thumb/v7e-m+fp/hard\libc_nano.a(lib_a-init.o)
                              c:/st/stm32cubeide_1.9.0/stm32cubeide/plugins/com.st.stm32cube.ide.mcu.externaltools.gnu-tools-for-stm32.10.3-2021.10.win32_1.0.0.202111181127/tools/bin/../lib/gcc/arm-none-eabi/10.3.1/../../../../arm-none-eabi/lib/thumb/v7e-m+fp/hard/crt0.o (__libc_init_array)
c:/st/stm32cubeide_1.9.0/stm32cubeide/plugins/com.st.stm32cube.ide.mcu.externaltools.gnu-tools-for-stm32.10.3-2021.10.win32_1.0.0.202111181127/tools/bin/../lib/gcc/arm-none-eabi/10.3.1/../../../../arm-none-eabi/lib/thumb/v7e-m+fp/hard\libc_nano.a(lib_a-memcmp.o)
                              ./module/Src/inv_mpu.o (memcmp)
c:/st/stm32cubeide_1.9.0/stm32cubeide/plugins/com.st.stm32cube.ide.mcu.externaltools.gnu-tools-for-stm32.10.3-2021.10.win32_1.0.0.202111181127/tools/bin/../lib/gcc/arm-none-eabi/10.3.1/../../../../arm-none-eabi/lib/thumb/v7e-m+fp/hard\libc_nano.a(lib_a-memset.o)
                              c:/st/stm32cubeide_1.9.0/stm32cubeide/plugins/com.st.stm32cube.ide.mcu.externaltools.gnu-tools-for-stm32.10.3-2021.10.win32_1.0.0.202111181127/tools/bin/../lib/gcc/arm-none-eabi/10.3.1/../../../../arm-none-eabi/lib/thumb/v7e-m+fp/hard/crt0.o (memset)
c:/st/stm32cubeide_1.9.0/stm32cubeide/plugins/com.st.stm32cube.ide.mcu.externaltools.gnu-tools-for-stm32.10.3-2021.10.win32_1.0.0.202111181127/tools/bin/../lib/gcc/arm-none-eabi/10.3.1/../../../../arm-none-eabi/lib/thumb/v7e-m+fp/hard\libc_nano.a(lib_a-printf.o)
                              ./module/Src/inv_mpu.o (printf)
c:/st/stm32cubeide_1.9.0/stm32cubeide/plugins/com.st.stm32cube.ide.mcu.externaltools.gnu-tools-for-stm32.10.3-2021.10.win32_1.0.0.202111181127/tools/bin/../lib/gcc/arm-none-eabi/10.3.1/../../../../arm-none-eabi/lib/thumb/v7e-m+fp/hard\libc_nano.a(lib_a-puts.o)
                              ./module/Src/inv_mpu.o (puts)
c:/st/stm32cubeide_1.9.0/stm32cubeide/plugins/com.st.stm32cube.ide.mcu.externaltools.gnu-tools-for-stm32.10.3-2021.10.win32_1.0.0.202111181127/tools/bin/../lib/gcc/arm-none-eabi/10.3.1/../../../../arm-none-eabi/lib/thumb/v7e-m+fp/hard\libc_nano.a(lib_a-wbuf.o)
                              c:/st/stm32cubeide_1.9.0/stm32cubeide/plugins/com.st.stm32cube.ide.mcu.externaltools.gnu-tools-for-stm32.10.3-2021.10.win32_1.0.0.202111181127/tools/bin/../lib/gcc/arm-none-eabi/10.3.1/../../../../arm-none-eabi/lib/thumb/v7e-m+fp/hard\libc_nano.a(lib_a-puts.o) (__swbuf_r)
c:/st/stm32cubeide_1.9.0/stm32cubeide/plugins/com.st.stm32cube.ide.mcu.externaltools.gnu-tools-for-stm32.10.3-2021.10.win32_1.0.0.202111181127/tools/bin/../lib/gcc/arm-none-eabi/10.3.1/../../../../arm-none-eabi/lib/thumb/v7e-m+fp/hard\libc_nano.a(lib_a-wsetup.o)
                              c:/st/stm32cubeide_1.9.0/stm32cubeide/plugins/com.st.stm32cube.ide.mcu.externaltools.gnu-tools-for-stm32.10.3-2021.10.win32_1.0.0.202111181127/tools/bin/../lib/gcc/arm-none-eabi/10.3.1/../../../../arm-none-eabi/lib/thumb/v7e-m+fp/hard\libc_nano.a(lib_a-puts.o) (__swsetup_r)
c:/st/stm32cubeide_1.9.0/stm32cubeide/plugins/com.st.stm32cube.ide.mcu.externaltools.gnu-tools-for-stm32.10.3-2021.10.win32_1.0.0.202111181127/tools/bin/../lib/gcc/arm-none-eabi/10.3.1/../../../../arm-none-eabi/lib/thumb/v7e-m+fp/hard\libc_nano.a(lib_a-fflush.o)
[...]
Memory Configuration

Name             Origin             Length             Attributes
RETRAM_interrupts 0x0000000000000000 0x0000000000000600 xrw
SRAM1_text       0x0000000010000000 0x0000000000020000 xrw
SRAM2_data       0x0000000010020000 0x0000000000020000 xrw
SRAM3_ipc_shm    0x0000000010040000 0x0000000000010000 xrw
SRAM4            0x0000000010050000 0x0000000000010000 xrw
*default*        0x0000000000000000 0xffffffffffffffff

Linker script and memory map

LOAD c:/st/stm32cubeide_1.9.0/stm32cubeide/plugins/com.st.stm32cube.ide.mcu.externaltools.gnu-tools-for-stm32.10.3-2021.10.win32_1.0.0.202111181127/tools/bin/../lib/gcc/arm-none-eabi/10.3.1/thumb/v7e-m+fp/hard/crti.o
LOAD c:/st/stm32cubeide_1.9.0/stm32cubeide/plugins/com.st.stm32cube.ide.mcu.externaltools.gnu-tools-for-stm32.10.3-2021.10.win32_1.0.0.202111181127/tools/bin/../lib/gcc/arm-none-eabi/10.3.1/thumb/v7e-m+fp/hard/crtbegin.o
LOAD c:/st/stm32cubeide_1.9.0/stm32cubeide/plugins/com.st.stm32cube.ide.mcu.externaltools.gnu-tools-for-stm32.10.3-2021.10.win32_1.0.0.202111181127/tools/bin/../lib/gcc/arm-none-eabi/10.3.1/../../../../arm-none-eabi/lib/thumb/v7e-m+fp/hard/crt0.o
LOAD ./Common/System/system_stm32mp1xx.o
LOAD ./Core/Src/gpio.o
LOAD ./Core/Src/ipcc.o
LOAD ./Core/Src/lptim.o
LOAD ./Core/Src/main.o
LOAD ./Core/Src/stm32mp1xx_hal_msp.o
LOAD ./Core/Src/stm32mp1xx_it.o
LOAD ./Core/Src/syscalls.o
LOAD ./Core/Src/sysmem.o
LOAD ./Core/Src/tim.o
LOAD ./Core/Src/usart.o
LOAD ./Core/Startup/startup_stm32mp157aacx.o
LOAD ./Drivers/STM32MP1xx_HAL_Driver/stm32mp1xx_hal.o
LOAD ./Drivers/STM32MP1xx_HAL_Driver/stm32mp1xx_hal_cortex.o
LOAD ./Drivers/STM32MP1xx_HAL_Driver/stm32mp1xx_hal_dma.o
LOAD ./Drivers/STM32MP1xx_HAL_Driver/stm32mp1xx_hal_dma_ex.o
LOAD ./Drivers/STM32MP1xx_HAL_Driver/stm32mp1xx_hal_exti.o
LOAD ./Drivers/STM32MP1xx_HAL_Driver/stm32mp1xx_hal_gpio.o
LOAD ./Drivers/STM32MP1xx_HAL_Driver/stm32mp1xx_hal_hsem.o
LOAD ./Drivers/STM32MP1xx_HAL_Driver/stm32mp1xx_hal_ipcc.o
LOAD ./Drivers/STM32MP1xx_HAL_Driver/stm32mp1xx_hal_lptim.o
LOAD ./Drivers/STM32MP1xx_HAL_Driver/stm32mp1xx_hal_mdma.o
LOAD ./Drivers/STM32MP1xx_HAL_Driver/stm32mp1xx_hal_pwr.o
LOAD ./Drivers/STM32MP1xx_HAL_Driver/stm32mp1xx_hal_pwr_ex.o
LOAD ./Drivers/STM32MP1xx_HAL_Driver/stm32mp1xx_hal_rcc.o
LOAD ./Drivers/STM32MP1xx_HAL_Driver/stm32mp1xx_hal_rcc_ex.o
LOAD ./Drivers/STM32MP1xx_HAL_Driver/stm32mp1xx_hal_tim.o
LOAD ./Drivers/STM32MP1xx_HAL_Driver/stm32mp1xx_hal_tim_ex.o
LOAD ./Drivers/STM32MP1xx_HAL_Driver/stm32mp1xx_hal_uart.o
LOAD ./Drivers/STM32MP1xx_HAL_Driver/stm32mp1xx_hal_uart_ex.o
LOAD ./module/DataScope/Src/DataScope_DP.o
LOAD ./module/DataScope/Src/show.o
LOAD ./module/GPIO/Src/GPIO_bsp.o
LOAD ./module/Src/IOI2C.o
LOAD ./module/Src/MPU6050.o
LOAD ./module/Src/delay.o
LOAD ./module/Src/inv_mpu.o
LOAD ./module/Src/inv_mpu_dmp_motion_driver.o
LOAD ./module/motor/Src/BSP_Motor.o
LOAD ./module/motor/Src/MotorPIControllerTest.o
LOAD ./module/motor/Src/control.o
START GROUP
LOAD c:/st/stm32cubeide_1.9.0/stm32cubeide/plugins/com.st.stm32cube.ide.mcu.externaltools.gnu-tools-for-stm32.10.3-2021.10.win32_1.0.0.202111181127/tools/bin/../lib/gcc/arm-none-eabi/10.3.1/../../../../arm-none-eabi/lib/thumb/v7e-m+fp/hard\libc_nano.a
LOAD c:/st/stm32cubeide_1.9.0/stm32cubeide/plugins/com.st.stm32cube.ide.mcu.externaltools.gnu-tools-for-stm32.10.3-2021.10.win32_1.0.0.202111181127/tools/bin/../lib/gcc/arm-none-eabi/10.3.1/../../../../arm-none-eabi/lib/thumb/v7e-m+fp/hard\libm.a
END GROUP
START GROUP
LOAD c:/st/stm32cubeide_1.9.0/stm32cubeide/plugins/com.st.stm32cube.ide.mcu.externaltools.gnu-tools-for-stm32.10.3-2021.10.win32_1.0.0.202111181127/tools/bin/../lib/gcc/arm-none-eabi/10.3.1/thumb/v7e-m+fp/hard\libgcc.a
LOAD c:/st/stm32cubeide_1.9.0/stm32cubeide/plugins/com.st.stm32cube.ide.mcu.externaltools.gnu-tools-for-stm32.10.3-2021.10.win32_1.0.0.202111181127/tools/bin/../lib/gcc/arm-none-eabi/10.3.1/../../../../arm-none-eabi/lib/thumb/v7e-m+fp/hard\libc_nano.a
END GROUP
START GROUP
LOAD c:/st/stm32cubeide_1.9.0/stm32cubeide/plugins/com.st.stm32cube.ide.mcu.externaltools.gnu-tools-for-stm32.10.3-2021.10.win32_1.0.0.202111181127/tools/bin/../lib/gcc/arm-none-eabi/10.3.1/thumb/v7e-m+fp/hard\libgcc.a
LOAD c:/st/stm32cubeide_1.9.0/stm32cubeide/plugins/com.st.stm32cube.ide.mcu.externaltools.gnu-tools-for-stm32.10.3-2021.10.win32_1.0.0.202111181127/tools/bin/../lib/gcc/arm-none-eabi/10.3.1/../../../../arm-none-eabi/lib/thumb/v7e-m+fp/hard\libc_nano.a
LOAD c:/st/stm32cubeide_1.9.0/stm32cubeide/plugins/com.st.stm32cube.ide.mcu.externaltools.gnu-tools-for-stm32.10.3-2021.10.win32_1.0.0.202111181127/tools/bin/../lib/gcc/arm-none-eabi/10.3.1/../../../../arm-none-eabi/lib/thumb/v7e-m+fp/hard\libnosys.a
END GROUP
START GROUP
LOAD c:/st/stm32cubeide_1.9.0/stm32cubeide/plugins/com.st.stm32cube.ide.mcu.externaltools.gnu-tools-for-stm32.10.3-2021.10.win32_1.0.0.202111181127/tools/bin/../lib/gcc/arm-none-eabi/10.3.1/thumb/v7e-m+fp/hard\libgcc.a
LOAD c:/st/stm32cubeide_1.9.0/stm32cubeide/plugins/com.st.stm32cube.ide.mcu.externaltools.gnu-tools-for-stm32.10.3-2021.10.win32_1.0.0.202111181127/tools/bin/../lib/gcc/arm-none-eabi/10.3.1/../../../../arm-none-eabi/lib/thumb/v7e-m+fp/hard\libc_nano.a
LOAD c:/st/stm32cubeide_1.9.0/stm32cubeide/plugins/com.st.stm32cube.ide.mcu.externaltools.gnu-tools-for-stm32.10.3-2021.10.win32_1.0.0.202111181127/tools/bin/../lib/gcc/arm-none-eabi/10.3.1/../../../../arm-none-eabi/lib/thumb/v7e-m+fp/hard\libnosys.a
END GROUP
LOAD c:/st/stm32cubeide_1.9.0/stm32cubeide/plugins/com.st.stm32cube.ide.mcu.externaltools.gnu-tools-for-stm32.10.3-2021.10.win32_1.0.0.202111181127/tools/bin/../lib/gcc/arm-none-eabi/10.3.1/thumb/v7e-m+fp/hard/crtend.o
LOAD c:/st/stm32cubeide_1.9.0/stm32cubeide/plugins/com.st.stm32cube.ide.mcu.externaltools.gnu-tools-for-stm32.10.3-2021.10.win32_1.0.0.202111181127/tools/bin/../lib/gcc/arm-none-eabi/10.3.1/thumb/v7e-m+fp/hard/crtn.o
                0x0000000010040000                _estack = (ORIGIN (SRAM2_data) + LENGTH (SRAM2_data))
                0x0000000000000200                _Min_Heap_Size = 0x200
                0x0000000000000400                _Min_Stack_Size = 0x400
                0x0000000010040000                __OPENAMP_region_start__ = ORIGIN (SRAM3_ipc_shm)
                0x0000000010050000                __OPENAMP_region_end__ = (ORIGIN (SRAM3_ipc_shm) + LENGTH (SRAM3_ipc_shm))

.isr_vector     0x0000000000000000      0x298
                0x0000000000000000                . = ALIGN (0x4)
 *(.isr_vector)
 .isr_vector    0x0000000000000000      0x298 ./Core/Startup/startup_stm32mp157aacx.o
                0x0000000000000000                g_pfnVectors
                0x0000000000000298                . = ALIGN (0x4)

.text           0x0000000010000000    0x10f98
                0x0000000010000000                . = ALIGN (0x4)
 *(.text)
 .text          0x0000000010000000       0x40 c:/st/stm32cubeide_1.9.0/stm32cubeide/plugins/com.st.stm32cube.ide.mcu.externaltools.gnu-tools-for-stm32.10.3-2021.10.win32_1.0.0.202111181127/tools/bin/../lib/gcc/arm-none-eabi/10.3.1/thumb/v7e-m+fp/hard/crtbegin.o
 .text          0x0000000010000040       0xa0 c:/st/stm32cubeide_1.9.0/stm32cubeide/plugins/com.st.stm32cube.ide.mcu.externaltools.gnu-tools-for-stm32.10.3-2021.10.win32_1.0.0.202111181127/tools/bin/../lib/gcc/arm-none-eabi/10.3.1/../../../../arm-none-eabi/lib/thumb/v7e-m+fp/hard\libc_nano.a(lib_a-memchr.o)
                0x0000000010000040                memchr
 .text          0x00000000100000e0       0xa0 c:/st/stm32cubeide_1.9.0/stm32cubeide/plugins/com.st.stm32cube.ide.mcu.externaltools.gnu-tools-for-stm32.10.3-2021.10.win32_1.0.0.202111181127/tools/bin/../lib/gcc/arm-none-eabi/10.3.1/thumb/v7e-m+fp/hard\libgcc.a(_aeabi_ldivmod.o)
                0x00000000100000e0                __aeabi_ldivmod
 .text          0x0000000010000180      0x2d0 c:/st/stm32cubeide_1.9.0/stm32cubeide/plugins/com.st.stm32cube.ide.mcu.externaltools.gnu-tools-for-stm32.10.3-2021.10.win32_1.0.0.202111181127/tools/bin/../lib/gcc/arm-none-eabi/10.3.1/thumb/v7e-m+fp/hard\libgcc.a(_udivmoddi4.o)
                0x0000000010000180                __udivmoddi4
 .text          0x0000000010000450        0x4 c:/st/stm32cubeide_1.9.0/stm32cubeide/plugins/com.st.stm32cube.ide.mcu.externaltools.gnu-tools-for-stm32.10.3-2021.10.win32_1.0.0.202111181127/tools/bin/../lib/gcc/arm-none-eabi/10.3.1/thumb/v7e-m+fp/hard\libgcc.a(_dvmd_tls.o)
                0x0000000010000450                __aeabi_idiv0
                0x0000000010000450                __aeabi_ldiv0
 *(.text*)
 .text.SystemInit
                0x0000000010000454       0x4c ./Common/System/system_stm32mp1xx.o
                0x0000000010000454                SystemInit
 .text.MX_GPIO_Init
                0x00000000100004a0       0xcc ./Core/Src/gpio.o
                0x00000000100004a0                MX_GPIO_Init
 .text.MX_IPCC_Init
                0x000000001000056c       0x28 ./Core/Src/ipcc.o
                0x000000001000056c                MX_IPCC_Init
 .text.HAL_IPCC_MspInit
                0x0000000010000594       0x4c ./Core/Src/ipcc.o
                0x0000000010000594                HAL_IPCC_MspInit
 .text.MX_LPTIM1_Init
                0x00000000100005e0       0x68 ./Core/Src/lptim.o
                0x00000000100005e0                MX_LPTIM1_Init
 .text.MX_LPTIM2_Init
                0x0000000010000648       0x68 ./Core/Src/lptim.o
                0x0000000010000648                MX_LPTIM2_Init
 .text.HAL_LPTIM_MspInit
                0x00000000100006b0      0x1d8 ./Core/Src/lptim.o
                0x00000000100006b0                HAL_LPTIM_MspInit
 .text.main     0x0000000010000888       0x90 ./Core/Src/main.o
                0x0000000010000888                main
 .text.SystemClock_Config
                0x0000000010000918      0x1e8 ./Core/Src/main.o
                0x0000000010000918                SystemClock_Config
 .text.Error_Handler
                0x0000000010000b00        0xa ./Core/Src/main.o
                0x0000000010000b00                Error_Handler
 .text.assert_failed
                0x0000000010000b0a       0x16 ./Core/Src/main.o
                0x0000000010000b0a                assert_failed
 .text.HAL_MspInit
                0x0000000010000b20       0x72 ./Core/Src/stm32mp1xx_hal_msp.o
                0x0000000010000b20                HAL_MspInit
 .text.NMI_Handler
                0x0000000010000b92        0x6 ./Core/Src/stm32mp1xx_it.o
                0x0000000010000b92                NMI_Handler
 .text.HardFault_Handler
                0x0000000010000b98        0x6 ./Core/Src/stm32mp1xx_it.o
                0x0000000010000b98                HardFault_Handler
 .text.MemManage_Handler
                0x0000000010000b9e        0x6 ./Core/Src/stm32mp1xx_it.o
                0x0000000010000b9e                MemManage_Handler
 .text.BusFault_Handler
                0x0000000010000ba4        0x6 ./Core/Src/stm32mp1xx_it.o
                0x0000000010000ba4                BusFault_Handler
 .text.UsageFault_Handler
                0x0000000010000baa        0x6 ./Core/Src/stm32mp1xx_it.o
                0x0000000010000baa                UsageFault_Handler
 .text.SVC_Handler
                0x0000000010000bb0        0xe ./Core/Src/stm32mp1xx_it.o
                0x0000000010000bb0                SVC_Handler
 .text.DebugMon_Handler
                0x0000000010000bbe        0xe ./Core/Src/stm32mp1xx_it.o
                0x0000000010000bbe                DebugMon_Handler
 .text.PendSV_Handler
                0x0000000010000bcc        0xe ./Core/Src/stm32mp1xx_it.o
                0x0000000010000bcc                PendSV_Handler
 .text.SysTick_Handler
                0x0000000010000bda        0xc ./Core/Src/stm32mp1xx_it.o
                0x0000000010000bda                SysTick_Handler
 *fill*         0x0000000010000be6        0x2 
 .text.TIM1_UP_IRQHandler
                0x0000000010000be8       0x14 ./Core/Src/stm32mp1xx_it.o
                0x0000000010000be8                TIM1_UP_IRQHandler
 .text.UART5_IRQHandler
                0x0000000010000bfc       0x14 ./Core/Src/stm32mp1xx_it.o
                0x0000000010000bfc                UART5_IRQHandler
 .text.IPCC_RX1_IRQHandler
                0x0000000010000c10       0x14 ./Core/Src/stm32mp1xx_it.o
                0x0000000010000c10                IPCC_RX1_IRQHandler
 .text.IPCC_TX1_IRQHandler
                0x0000000010000c24       0x14 ./Core/Src/stm32mp1xx_it.o
                0x0000000010000c24                IPCC_TX1_IRQHandler
 .text.RCC_WAKEUP_IRQHandler
                0x0000000010000c38        0xc ./Core/Src/stm32mp1xx_it.o
                0x0000000010000c38                RCC_WAKEUP_IRQHandler
 .text._read    0x0000000010000c44       0x3a ./Core/Src/syscalls.o
                0x0000000010000c44                _read
 .text._write   0x0000000010000c7e       0x38 ./Core/Src/syscalls.o
                0x0000000010000c7e                _write
 .text._close   0x0000000010000cb6       0x18 ./Core/Src/syscalls.o
                0x0000000010000cb6                _close
 .text._fstat   0x0000000010000cce       0x20 ./Core/Src/syscalls.o
                0x0000000010000cce                _fstat
 .text._isatty  0x0000000010000cee       0x16 ./Core/Src/syscalls.o
                0x0000000010000cee                _isatty
 .text._lseek   0x0000000010000d04       0x1a ./Core/Src/syscalls.o
                0x0000000010000d04                _lseek
 *fill*         0x0000000010000d1e        0x2 
 .text._sbrk    0x0000000010000d20       0x6c ./Core/Src/sysmem.o
                0x0000000010000d20                _sbrk
 .text.MX_TIM1_Init
                0x0000000010000d8c       0xa4 ./Core/Src/tim.o
                0x0000000010000d8c                MX_TIM1_Init
 .text.MX_TIM13_Init
                0x0000000010000e30       0x9c ./Core/Src/tim.o
                0x0000000010000e30                MX_TIM13_Init
 .text.MX_TIM14_Init
                0x0000000010000ecc       0x9c ./Core/Src/tim.o
                0x0000000010000ecc                MX_TIM14_Init
 .text.MX_TIM16_Init
                0x0000000010000f68       0xf4 ./Core/Src/tim.o
                0x0000000010000f68                MX_TIM16_Init
 .text.MX_TIM17_Init
                0x000000001000105c       0xf4 ./Core/Src/tim.o
                0x000000001000105c                MX_TIM17_Init
 .text.HAL_TIM_Base_MspInit
                0x0000000010001150       0xa0 ./Core/Src/tim.o
                0x0000000010001150                HAL_TIM_Base_MspInit
 .text.HAL_TIM_MspPostInit
                0x00000000100011f0      0x110 ./Core/Src/tim.o
                0x00000000100011f0                HAL_TIM_MspPostInit
 .text.MX_UART5_Init
                0x0000000010001300       0x98 ./Core/Src/usart.o
                0x0000000010001300                MX_UART5_Init
 .text.HAL_UART_MspInit
                0x0000000010001398      0x118 ./Core/Src/usart.o
                0x0000000010001398                HAL_UART_MspInit
 .text.Default_Handler
                0x00000000100014b0        0x2 ./Core/Startup/startup_stm32mp157aacx.o
                0x00000000100014b0                EXTI2_IRQHandler
                0x00000000100014b0                TIM8_TRG_COM_IRQHandler
                0x00000000100014b0                TIM8_CC_IRQHandler
                0x00000000100014b0                EXTI5_IRQHandler
                0x00000000100014b0                UART8_IRQHandler
                0x00000000100014b0                SPI4_IRQHandler
                0x00000000100014b0                EXTI13_IRQHandler
                0x00000000100014b0                TIM1_CC_IRQHandler
                0x00000000100014b0                DMA2_Stream5_IRQHandler
                0x00000000100014b0                ETH1_WKUP_IRQHandler
                0x00000000100014b0                TAMP_IRQHandler
                0x00000000100014b0                DMA1_Stream5_IRQHandler
                0x00000000100014b0                TIM6_IRQHandler
                0x00000000100014b0                EXTI12_IRQHandler
                0x00000000100014b0                EXTI3_IRQHandler
                0x00000000100014b0                LPTIM4_IRQHandler
                0x00000000100014b0                EXTI8_IRQHandler
                0x00000000100014b0                LPTIM2_IRQHandler
                0x00000000100014b0                DFSDM1_FLT1_IRQHandler
                0x00000000100014b0                I2C3_ER_IRQHandler
                0x00000000100014b0                DFSDM1_FLT2_IRQHandler
                0x00000000100014b0                I2C5_EV_IRQHandler
                0x00000000100014b0                MDMA_IRQHandler
                0x00000000100014b0                LPTIM3_IRQHandler
                0x00000000100014b0                EXTI0_IRQHandler
                0x00000000100014b0                I2C2_EV_IRQHandler
                0x00000000100014b0                DMA1_Stream2_IRQHandler
                0x00000000100014b0                FPU_IRQHandler
                0x00000000100014b0                USBH_OHCI_IRQHandler
                0x00000000100014b0                FDCAN1_IT1_IRQHandler
                0x00000000100014b0                LTDC_ER_IRQHandler
                0x00000000100014b0                DMA2_Stream2_IRQHandler
                0x00000000100014b0                IPCC_RX0_IRQHandler
                0x00000000100014b0                OTG_IRQHandler
                0x00000000100014b0                SPI1_IRQHandler
                0x00000000100014b0                DCMI_IRQHandler
                0x00000000100014b0                TIM8_UP_IRQHandler
                0x00000000100014b0                DMA2_Stream3_IRQHandler
                0x00000000100014b0                USBH_EHCI_IRQHandler
                0x00000000100014b0                nCTIIRQ2_IRQHandler
                0x00000000100014b0                HASH1_IRQHandler
                0x00000000100014b0                GPU_IRQHandler
                0x00000000100014b0                SAI2_IRQHandler
                0x00000000100014b0                ADC1_IRQHandler
                0x00000000100014b0                RESERVED148_IRQHandler
                0x00000000100014b0                RTC_TIMESTAMP_IRQHandler
                0x00000000100014b0                DFSDM1_FLT3_IRQHandler
                0x00000000100014b0                USART6_IRQHandler
                0x00000000100014b0                EXTI15_IRQHandler
                0x00000000100014b0                TIM17_IRQHandler
                0x00000000100014b0                USART3_IRQHandler
                0x00000000100014b0                EXTI9_IRQHandler
                0x00000000100014b0                LPTIM5_IRQHandler
                0x00000000100014b0                DMA2_Stream0_IRQHandler
                0x00000000100014b0                TIM4_IRQHandler
                0x00000000100014b0                CRYP2_IRQHandler
                0x00000000100014b0                QUADSPI_IRQHandler
                0x00000000100014b0                I2C1_EV_IRQHandler
                0x00000000100014b0                DMA1_Stream6_IRQHandler
                0x00000000100014b0                RESERVED99_IRQHandler
                0x00000000100014b0                DMAMUX1_OVR_IRQHandler
                0x00000000100014b0                DMA1_Stream1_IRQHandler
                0x00000000100014b0                TIM16_IRQHandler
                0x00000000100014b0                UART4_IRQHandler
                0x00000000100014b0                TIM3_IRQHandler
                0x00000000100014b0                RCC_IRQHandler
                0x00000000100014b0                TIM1_TRG_COM_IRQHandler
                0x00000000100014b0                nCTIIRQ1_IRQHandler
                0x00000000100014b0                Default_Handler
                0x00000000100014b0                CEC_IRQHandler
                0x00000000100014b0                DFSDM1_FLT4_IRQHandler
                0x00000000100014b0                TIM14_IRQHandler
                0x00000000100014b0                I2C5_ER_IRQHandler
                0x00000000100014b0                TIM13_IRQHandler
                0x00000000100014b0                DMA1_Stream7_IRQHandler
                0x00000000100014b0                IPCC_TX0_IRQHandler
                0x00000000100014b0                SPI5_IRQHandler
                0x00000000100014b0                TIM12_IRQHandler
                0x00000000100014b0                TIM7_IRQHandler
                0x00000000100014b0                SDMMC1_IRQHandler
                0x00000000100014b0                TIM5_IRQHandler
                0x00000000100014b0                DMA2_Stream7_IRQHandler
                0x00000000100014b0                TIM15_IRQHandler
                0x00000000100014b0                PVD_AVD_IRQHandler
                0x00000000100014b0                I2C3_EV_IRQHandler
                0x00000000100014b0                SDMMC3_IRQHandler
                0x00000000100014b0                ETH1_IRQHandler
                0x00000000100014b0                LTDC_IRQHandler
                0x00000000100014b0                SAI3_IRQHandler
                0x00000000100014b0                SPDIF_RX_IRQHandler
                0x00000000100014b0                ADC2_IRQHandler
                0x00000000100014b0                SPI2_IRQHandler
                0x00000000100014b0                DFSDM1_FLT5_IRQHandler
                0x00000000100014b0                DMA1_Stream0_IRQHandler
                0x00000000100014b0                EXTI14_IRQHandler
                0x00000000100014b0                EXTI11_IRQHandler
                0x00000000100014b0                CRYP1_IRQHandler
                0x00000000100014b0                RNG2_IRQHandler
                0x00000000100014b0                RNG1_IRQHandler
                0x00000000100014b0                HASH2_IRQHandler
                0x00000000100014b0                EXTI4_IRQHandler
                0x00000000100014b0                ETH1_LPI_IRQHandler
                0x00000000100014b0                FDCAN2_IT1_IRQHandler
                0x00000000100014b0                DSI_IRQHandler
                0x00000000100014b0                HSEM_IT2_IRQHandler
                0x00000000100014b0                SPI6_IRQHandler
                0x00000000100014b0                MDIOS_IRQHandler
                0x00000000100014b0                I2C4_EV_IRQHandler
                0x00000000100014b0                FDCAN2_IT0_IRQHandler
                0x00000000100014b0                I2C6_ER_IRQHandler
                0x00000000100014b0                FDCAN1_IT0_IRQHandler
                0x00000000100014b0                TIM2_IRQHandler
                0x00000000100014b0                EXTI7_IRQHandler
                0x00000000100014b0                TIM1_BRK_IRQHandler
                0x00000000100014b0                DAC_IRQHandler
                0x00000000100014b0                EXTI1_IRQHandler
                0x00000000100014b0                SDMMC2_IRQHandler
                0x00000000100014b0                DTS_IRQHandler
                0x00000000100014b0                UART7_IRQHandler
                0x00000000100014b0                USART2_IRQHandler
                0x00000000100014b0                I2C6_EV_IRQHandler
                0x00000000100014b0                DFSDM1_FLT0_IRQHandler
                0x00000000100014b0                SAI4_IRQHandler
                0x00000000100014b0                I2C2_ER_IRQHandler
                0x00000000100014b0                DMA2_Stream1_IRQHandler
                0x00000000100014b0                TIM8_BRK_IRQHandler
                0x00000000100014b0                WWDG1_IRQHandler
                0x00000000100014b0                DMA2_Stream4_IRQHandler
                0x00000000100014b0                USART1_IRQHandler
                0x00000000100014b0                RESERVED143_IRQHandler
                0x00000000100014b0                EXTI10_IRQHandler
                0x00000000100014b0                SPI3_IRQHandler
                0x00000000100014b0                WAKEUP_PIN_IRQHandler
                0x00000000100014b0                DMA1_Stream4_IRQHandler
                0x00000000100014b0                I2C1_ER_IRQHandler
                0x00000000100014b0                FMC_IRQHandler
                0x00000000100014b0                FDCAN_CAL_IRQHandler
                0x00000000100014b0                EXTI6_IRQHandler
                0x00000000100014b0                MPU_SEV_IRQHandler
                0x00000000100014b0                LPTIM1_IRQHandler
                0x00000000100014b0                RTC_WKUP_ALARM_IRQHandler
                0x00000000100014b0                I2C4_ER_IRQHandler
                0x00000000100014b0                DMA2_Stream6_IRQHandler
                0x00000000100014b0                SAI1_IRQHandler
                0x00000000100014b0                DMA1_Stream3_IRQHandler
                0x00000000100014b0                RESERVED4_IRQHandler
 *fill*         0x00000000100014b2        0x2 
 .text.HAL_Init
                0x00000000100014b4       0x34 ./Drivers/STM32MP1xx_HAL_Driver/stm32mp1xx_hal.o
                0x00000000100014b4                HAL_Init
 .text.HAL_InitTick
                0x00000000100014e8       0x6c ./Drivers/STM32MP1xx_HAL_Driver/stm32mp1xx_hal.o
                0x00000000100014e8                HAL_InitTick
 .text.HAL_IncTick
                0x0000000010001554       0x28 ./Drivers/STM32MP1xx_HAL_Driver/stm32mp1xx_hal.o
                0x0000000010001554                HAL_IncTick
 .text.HAL_GetTick
                0x000000001000157c       0x18 ./Drivers/STM32MP1xx_HAL_Driver/stm32mp1xx_hal.o
                0x000000001000157c                HAL_GetTick
 .text.HAL_Delay
                0x0000000010001594       0x48 ./Drivers/STM32MP1xx_HAL_Driver/stm32mp1xx_hal.o
                0x0000000010001594                HAL_Delay
 .text.__NVIC_SetPriorityGrouping
                0x00000000100015dc       0x48 ./Drivers/STM32MP1xx_HAL_Driver/stm32mp1xx_hal_cortex.o
 .text.__NVIC_GetPriorityGrouping
                0x0000000010001624       0x1c ./Drivers/STM32MP1xx_HAL_Driver/stm32mp1xx_hal_cortex.o
 .text.__NVIC_EnableIRQ
                0x0000000010001640       0x3c ./Drivers/STM32MP1xx_HAL_Driver/stm32mp1xx_hal_cortex.o
 .text.__NVIC_SetPriority
                0x000000001000167c       0x54 ./Drivers/STM32MP1xx_HAL_Driver/stm32mp1xx_hal_cortex.o
 .text.NVIC_EncodePriority
                0x00000000100016d0       0x66 ./Drivers/STM32MP1xx_HAL_Driver/stm32mp1xx_hal_cortex.o
 *fill*         0x0000000010001736        0x2 
 .text.SysTick_Config
                0x0000000010001738       0x44 ./Drivers/STM32MP1xx_HAL_Driver/stm32mp1xx_hal_cortex.o
 .text.HAL_NVIC_SetPriorityGrouping
                0x000000001000177c       0x40 ./Drivers/STM32MP1xx_HAL_Driver/stm32mp1xx_hal_cortex.o
                0x000000001000177c                HAL_NVIC_SetPriorityGrouping
 .text.HAL_NVIC_SetPriority
                0x00000000100017bc       0x58 ./Drivers/STM32MP1xx_HAL_Driver/stm32mp1xx_hal_cortex.o
                0x00000000100017bc                HAL_NVIC_SetPriority
 .text.HAL_NVIC_EnableIRQ
                0x0000000010001814       0x30 ./Drivers/STM32MP1xx_HAL_Driver/stm32mp1xx_hal_cortex.o
                0x0000000010001814                HAL_NVIC_EnableIRQ
 .text.HAL_SYSTICK_Config
                0x0000000010001844       0x18 ./Drivers/STM32MP1xx_HAL_Driver/stm32mp1xx_hal_cortex.o
                0x0000000010001844                HAL_SYSTICK_Config
 .text.HAL_DMA_Abort_IT
                0x000000001000185c       0x4e ./Drivers/STM32MP1xx_HAL_Driver/stm32mp1xx_hal_dma.o
                0x000000001000185c                HAL_DMA_Abort_IT
 *fill*         0x00000000100018aa        0x2 
 .text.HAL_GPIO_Init
                0x00000000100018ac      0x4f0 ./Drivers/STM32MP1xx_HAL_Driver/stm32mp1xx_hal_gpio.o
                0x00000000100018ac                HAL_GPIO_Init
 .text.HAL_GPIO_ReadPin
                0x0000000010001d9c       0x4c ./Drivers/STM32MP1xx_HAL_Driver/stm32mp1xx_hal_gpio.o
                0x0000000010001d9c                HAL_GPIO_ReadPin
 .text.HAL_GPIO_WritePin
                0x0000000010001de8       0x64 ./Drivers/STM32MP1xx_HAL_Driver/stm32mp1xx_hal_gpio.o
                0x0000000010001de8                HAL_GPIO_WritePin
 .text.HAL_GPIO_TogglePin
                0x0000000010001e4c       0x4c ./Drivers/STM32MP1xx_HAL_Driver/stm32mp1xx_hal_gpio.o
                0x0000000010001e4c                HAL_GPIO_TogglePin
 .text.HAL_IPCC_Init
                0x0000000010001e98       0x7c ./Drivers/STM32MP1xx_HAL_Driver/stm32mp1xx_hal_ipcc.o
                0x0000000010001e98                HAL_IPCC_Init
 .text.HAL_IPCC_TX_IRQHandler
                0x0000000010001f14       0x9c ./Drivers/STM32MP1xx_HAL_Driver/stm32mp1xx_hal_ipcc.o
                0x0000000010001f14                HAL_IPCC_TX_IRQHandler
 .text.HAL_IPCC_RX_IRQHandler
                0x0000000010001fb0       0x98 ./Drivers/STM32MP1xx_HAL_Driver/stm32mp1xx_hal_ipcc.o
                0x0000000010001fb0                HAL_IPCC_RX_IRQHandler
 .text.HAL_IPCC_RxCallback
                0x0000000010002048       0x1a ./Drivers/STM32MP1xx_HAL_Driver/stm32mp1xx_hal_ipcc.o
                0x0000000010002048                HAL_IPCC_RxCallback
 .text.HAL_IPCC_TxCallback
                0x0000000010002062       0x1a ./Drivers/STM32MP1xx_HAL_Driver/stm32mp1xx_hal_ipcc.o
                0x0000000010002062                HAL_IPCC_TxCallback
 .text.IPCC_SetDefaultCallbacks
                0x000000001000207c       0x4c ./Drivers/STM32MP1xx_HAL_Driver/stm32mp1xx_hal_ipcc.o
                0x000000001000207c                IPCC_SetDefaultCallbacks
 .text.IPCC_Reset_Register
                0x00000000100020c8       0x28 ./Drivers/STM32MP1xx_HAL_Driver/stm32mp1xx_hal_ipcc.o
                0x00000000100020c8                IPCC_Reset_Register
 .text.HAL_LPTIM_Init
                0x00000000100020f0      0x43c ./Drivers/STM32MP1xx_HAL_Driver/stm32mp1xx_hal_lptim.o
                0x00000000100020f0                HAL_LPTIM_Init
 .text.HAL_LPTIM_Encoder_Start
                0x000000001000252c      0x11c ./Drivers/STM32MP1xx_HAL_Driver/stm32mp1xx_hal_lptim.o
                0x000000001000252c                HAL_LPTIM_Encoder_Start
 .text.LPTIM_WaitForFlag
                0x0000000010002648       0x60 ./Drivers/STM32MP1xx_HAL_Driver/stm32mp1xx_hal_lptim.o
 .text.HAL_MDMA_Abort_IT
                0x00000000100026a8       0x4e ./Drivers/STM32MP1xx_HAL_Driver/stm32mp1xx_hal_mdma.o
                0x00000000100026a8                HAL_MDMA_Abort_IT
 *fill*         0x00000000100026f6        0x2 
 .text.HAL_RCC_OscConfig
                0x00000000100026f8      0x7b0 ./Drivers/STM32MP1xx_HAL_Driver/stm32mp1xx_hal_rcc.o
                0x00000000100026f8                HAL_RCC_OscConfig
 .text.HAL_RCC_HSEConfig
                0x0000000010002ea8      0x104 ./Drivers/STM32MP1xx_HAL_Driver/stm32mp1xx_hal_rcc.o
                0x0000000010002ea8                HAL_RCC_HSEConfig
 .text.HAL_RCC_LSEConfig
                0x0000000010002fac      0x120 ./Drivers/STM32MP1xx_HAL_Driver/stm32mp1xx_hal_rcc.o
                0x0000000010002fac                HAL_RCC_LSEConfig
 .text.RCC_PLL1_Config
                0x00000000100030cc      0x4ac ./Drivers/STM32MP1xx_HAL_Driver/stm32mp1xx_hal_rcc.o
                0x00000000100030cc                RCC_PLL1_Config
 .text.HAL_RCC_ClockConfig
                0x0000000010003578      0x39c ./Drivers/STM32MP1xx_HAL_Driver/stm32mp1xx_hal_rcc.o
                0x0000000010003578                HAL_RCC_ClockConfig
 .text.RCC_MPUConfig
                0x0000000010003914      0x144 ./Drivers/STM32MP1xx_HAL_Driver/stm32mp1xx_hal_rcc.o
                0x0000000010003914                RCC_MPUConfig
 .text.RCC_AXISSConfig
                0x0000000010003a58      0x188 ./Drivers/STM32MP1xx_HAL_Driver/stm32mp1xx_hal_rcc.o
                0x0000000010003a58                RCC_AXISSConfig
 .text.RCC_MCUConfig
                0x0000000010003be0      0x1d8 ./Drivers/STM32MP1xx_HAL_Driver/stm32mp1xx_hal_rcc.o
                0x0000000010003be0                RCC_MCUConfig
 .text.HAL_RCC_GetPLL2ClockFreq
                0x0000000010003db8      0x1d8 ./Drivers/STM32MP1xx_HAL_Driver/stm32mp1xx_hal_rcc.o
                0x0000000010003db8                HAL_RCC_GetPLL2ClockFreq
 .text.HAL_RCC_GetPLL3ClockFreq
                0x0000000010003f90      0x1f4 ./Drivers/STM32MP1xx_HAL_Driver/stm32mp1xx_hal_rcc.o
                0x0000000010003f90                HAL_RCC_GetPLL3ClockFreq
 .text.HAL_RCC_GetPLL4ClockFreq
                0x0000000010004184      0x210 ./Drivers/STM32MP1xx_HAL_Driver/stm32mp1xx_hal_rcc.o
                0x0000000010004184                HAL_RCC_GetPLL4ClockFreq
 .text.HAL_RCC_GetPCLK1Freq
                0x0000000010004394       0x36 ./Drivers/STM32MP1xx_HAL_Driver/stm32mp1xx_hal_rcc.o
                0x0000000010004394                HAL_RCC_GetPCLK1Freq
 .text.HAL_RCC_GetPCLK2Freq
                0x00000000100043ca       0x36 ./Drivers/STM32MP1xx_HAL_Driver/stm32mp1xx_hal_rcc.o
                0x00000000100043ca                HAL_RCC_GetPCLK2Freq
 .text.HAL_RCC_GetPCLK5Freq
                0x0000000010004400       0x34 ./Drivers/STM32MP1xx_HAL_Driver/stm32mp1xx_hal_rcc.o
                0x0000000010004400                HAL_RCC_GetPCLK5Freq
 .text.HAL_RCC_GetACLKFreq
                0x0000000010004434       0x3a ./Drivers/STM32MP1xx_HAL_Driver/stm32mp1xx_hal_rcc.o
                0x0000000010004434                HAL_RCC_GetACLKFreq
 .text.HAL_RCC_GetMCUFreq
                0x000000001000446e       0x36 ./Drivers/STM32MP1xx_HAL_Driver/stm32mp1xx_hal_rcc.o
                0x000000001000446e                HAL_RCC_GetMCUFreq
 .text.HAL_RCC_GetSystemCoreClockFreq
                0x00000000100044a4        0xe ./Drivers/STM32MP1xx_HAL_Driver/stm32mp1xx_hal_rcc.o
                0x00000000100044a4                HAL_RCC_GetSystemCoreClockFreq
 *fill*         0x00000000100044b2        0x2 
 .text.HAL_RCC_GetAXISSFreq
                0x00000000100044b4       0x7c ./Drivers/STM32MP1xx_HAL_Driver/stm32mp1xx_hal_rcc.o
                0x00000000100044b4                HAL_RCC_GetAXISSFreq
 .text.HAL_RCC_GetMCUSSFreq
                0x0000000010004530       0x74 ./Drivers/STM32MP1xx_HAL_Driver/stm32mp1xx_hal_rcc.o
                0x0000000010004530                HAL_RCC_GetMCUSSFreq
 .text.HAL_RCC_WAKEUP_IRQHandler
                0x00000000100045a4       0x2a ./Drivers/STM32MP1xx_HAL_Driver/stm32mp1xx_hal_rcc.o
                0x00000000100045a4                HAL_RCC_WAKEUP_IRQHandler
 .text.HAL_RCC_WAKEUP_Callback
                0x00000000100045ce        0xe ./Drivers/STM32MP1xx_HAL_Driver/stm32mp1xx_hal_rcc.o
                0x00000000100045ce                HAL_RCC_WAKEUP_Callback
 .text.RCCEx_PLL2_Config
                0x00000000100045dc      0x48c ./Drivers/STM32MP1xx_HAL_Driver/stm32mp1xx_hal_rcc_ex.o
                0x00000000100045dc                RCCEx_PLL2_Config
 .text.RCCEx_PLL3_Config
                0x0000000010004a68      0x480 ./Drivers/STM32MP1xx_HAL_Driver/stm32mp1xx_hal_rcc_ex.o
                0x0000000010004a68                RCCEx_PLL3_Config
 .text.RCCEx_PLL4_Config
                0x0000000010004ee8      0x45c ./Drivers/STM32MP1xx_HAL_Driver/stm32mp1xx_hal_rcc_ex.o
                0x0000000010004ee8                RCCEx_PLL4_Config
 .text.HAL_RCCEx_PeriphCLKConfig
                0x0000000010005344     0x3064 ./Drivers/STM32MP1xx_HAL_Driver/stm32mp1xx_hal_rcc_ex.o
                0x0000000010005344                HAL_RCCEx_PeriphCLKConfig
 .text.HAL_TIM_Base_Init
                0x00000000100083a8      0x190 ./Drivers/STM32MP1xx_HAL_Driver/stm32mp1xx_hal_tim.o
                0x00000000100083a8                HAL_TIM_Base_Init
 .text.HAL_TIM_PWM_Init
                0x0000000010008538      0x190 ./Drivers/STM32MP1xx_HAL_Driver/stm32mp1xx_hal_tim.o
                0x0000000010008538                HAL_TIM_PWM_Init
 .text.HAL_TIM_PWM_MspInit
                0x00000000100086c8       0x14 ./Drivers/STM32MP1xx_HAL_Driver/stm32mp1xx_hal_tim.o
                0x00000000100086c8                HAL_TIM_PWM_MspInit
 .text.HAL_TIM_PWM_Start
                0x00000000100086dc      0x210 ./Drivers/STM32MP1xx_HAL_Driver/stm32mp1xx_hal_tim.o
                0x00000000100086dc                HAL_TIM_PWM_Start
 .text.HAL_TIM_IRQHandler
                0x00000000100088ec      0x23e ./Drivers/STM32MP1xx_HAL_Driver/stm32mp1xx_hal_tim.o
                0x00000000100088ec                HAL_TIM_IRQHandler
 *fill*         0x0000000010008b2a        0x2 
 .text.HAL_TIM_PWM_ConfigChannel
                0x0000000010008b2c      0x4d0 ./Drivers/STM32MP1xx_HAL_Driver/stm32mp1xx_hal_tim.o
                0x0000000010008b2c                HAL_TIM_PWM_ConfigChannel
 .text.HAL_TIM_ConfigClockSource
                0x0000000010008ffc      0x6a8 ./Drivers/STM32MP1xx_HAL_Driver/stm32mp1xx_hal_tim.o
                0x0000000010008ffc                HAL_TIM_ConfigClockSource
 .text.HAL_TIM_PeriodElapsedCallback
                0x00000000100096a4       0x14 ./Drivers/STM32MP1xx_HAL_Driver/stm32mp1xx_hal_tim.o
                0x00000000100096a4                HAL_TIM_PeriodElapsedCallback
 .text.HAL_TIM_OC_DelayElapsedCallback
                0x00000000100096b8       0x14 ./Drivers/STM32MP1xx_HAL_Driver/stm32mp1xx_hal_tim.o
                0x00000000100096b8                HAL_TIM_OC_DelayElapsedCallback
 .text.HAL_TIM_IC_CaptureCallback
                0x00000000100096cc       0x14 ./Drivers/STM32MP1xx_HAL_Driver/stm32mp1xx_hal_tim.o
                0x00000000100096cc                HAL_TIM_IC_CaptureCallback
 .text.HAL_TIM_PWM_PulseFinishedCallback
                0x00000000100096e0       0x14 ./Drivers/STM32MP1xx_HAL_Driver/stm32mp1xx_hal_tim.o
                0x00000000100096e0                HAL_TIM_PWM_PulseFinishedCallback
 .text.HAL_TIM_TriggerCallback
                0x00000000100096f4       0x14 ./Drivers/STM32MP1xx_HAL_Driver/stm32mp1xx_hal_tim.o
                0x00000000100096f4                HAL_TIM_TriggerCallback
 .text.TIM_Base_SetConfig
                0x0000000010009708      0x130 ./Drivers/STM32MP1xx_HAL_Driver/stm32mp1xx_hal_tim.o
                0x0000000010009708                TIM_Base_SetConfig
 .text.TIM_OC1_SetConfig
                0x0000000010009838      0x170 ./Drivers/STM32MP1xx_HAL_Driver/stm32mp1xx_hal_tim.o
 .text.TIM_OC2_SetConfig
                0x00000000100099a8      0x160 ./Drivers/STM32MP1xx_HAL_Driver/stm32mp1xx_hal_tim.o
                0x00000000100099a8                TIM_OC2_SetConfig
 .text.TIM_OC3_SetConfig
                0x0000000010009b08      0x160 ./Drivers/STM32MP1xx_HAL_Driver/stm32mp1xx_hal_tim.o
 .text.TIM_OC4_SetConfig
                0x0000000010009c68       0xec ./Drivers/STM32MP1xx_HAL_Driver/stm32mp1xx_hal_tim.o
 .text.TIM_OC5_SetConfig
                0x0000000010009d54       0xc4 ./Drivers/STM32MP1xx_HAL_Driver/stm32mp1xx_hal_tim.o
 .text.TIM_OC6_SetConfig
                0x0000000010009e18       0xc8 ./Drivers/STM32MP1xx_HAL_Driver/stm32mp1xx_hal_tim.o
 .text.TIM_TI1_ConfigInputStage
                0x0000000010009ee0       0x5e ./Drivers/STM32MP1xx_HAL_Driver/stm32mp1xx_hal_tim.o
 .text.TIM_TI2_ConfigInputStage
                0x0000000010009f3e       0x60 ./Drivers/STM32MP1xx_HAL_Driver/stm32mp1xx_hal_tim.o
 .text.TIM_ITRx_SetConfig
                0x0000000010009f9e       0x3a ./Drivers/STM32MP1xx_HAL_Driver/stm32mp1xx_hal_tim.o
 .text.TIM_ETR_SetConfig
                0x0000000010009fd8       0x40 ./Drivers/STM32MP1xx_HAL_Driver/stm32mp1xx_hal_tim.o
                0x0000000010009fd8                TIM_ETR_SetConfig
 .text.TIM_CCxChannelCmd
                0x000000001000a018      0x110 ./Drivers/STM32MP1xx_HAL_Driver/stm32mp1xx_hal_tim.o
                0x000000001000a018                TIM_CCxChannelCmd
 .text.HAL_TIMEx_MasterConfigSynchronization
                0x000000001000a128      0x250 ./Drivers/STM32MP1xx_HAL_Driver/stm32mp1xx_hal_tim_ex.o
                0x000000001000a128                HAL_TIMEx_MasterConfigSynchronization
 .text.HAL_TIMEx_ConfigBreakDeadTime
                0x000000001000a378      0x2f0 ./Drivers/STM32MP1xx_HAL_Driver/stm32mp1xx_hal_tim_ex.o
                0x000000001000a378                HAL_TIMEx_ConfigBreakDeadTime
 .text.HAL_TIMEx_CommutCallback
                0x000000001000a668       0x14 ./Drivers/STM32MP1xx_HAL_Driver/stm32mp1xx_hal_tim_ex.o
                0x000000001000a668                HAL_TIMEx_CommutCallback
 .text.HAL_TIMEx_BreakCallback
                0x000000001000a67c       0x14 ./Drivers/STM32MP1xx_HAL_Driver/stm32mp1xx_hal_tim_ex.o
                0x000000001000a67c                HAL_TIMEx_BreakCallback
 .text.HAL_TIMEx_Break2Callback
                0x000000001000a690       0x14 ./Drivers/STM32MP1xx_HAL_Driver/stm32mp1xx_hal_tim_ex.o
                0x000000001000a690                HAL_TIMEx_Break2Callback
 .text.HAL_UART_Init
                0x000000001000a6a4      0x180 ./Drivers/STM32MP1xx_HAL_Driver/stm32mp1xx_hal_uart.o
                0x000000001000a6a4                HAL_UART_Init
 .text.HAL_UART_IRQHandler
                0x000000001000a824      0x33c ./Drivers/STM32MP1xx_HAL_Driver/stm32mp1xx_hal_uart.o
                0x000000001000a824                HAL_UART_IRQHandler
 .text.HAL_UART_TxCpltCallback
                0x000000001000ab60       0x14 ./Drivers/STM32MP1xx_HAL_Driver/stm32mp1xx_hal_uart.o
                0x000000001000ab60                HAL_UART_TxCpltCallback
 .text.HAL_UART_ErrorCallback
                0x000000001000ab74       0x14 ./Drivers/STM32MP1xx_HAL_Driver/stm32mp1xx_hal_uart.o
                0x000000001000ab74                HAL_UART_ErrorCallback
 .text.UART_SetConfig
                0x000000001000ab88     0x12d4 ./Drivers/STM32MP1xx_HAL_Driver/stm32mp1xx_hal_uart.o
                0x000000001000ab88                UART_SetConfig
 .text.UART_AdvFeatureConfig
                0x000000001000be5c      0x2e4 ./Drivers/STM32MP1xx_HAL_Driver/stm32mp1xx_hal_uart.o
                0x000000001000be5c                UART_AdvFeatureConfig
 .text.UART_CheckIdleState
                0x000000001000c140       0x90 ./Drivers/STM32MP1xx_HAL_Driver/stm32mp1xx_hal_uart.o
                0x000000001000c140                UART_CheckIdleState
 .text.UART_WaitOnFlagUntilTimeout
                0x000000001000c1d0      0x100 ./Drivers/STM32MP1xx_HAL_Driver/stm32mp1xx_hal_uart.o
                0x000000001000c1d0                UART_WaitOnFlagUntilTimeout
 .text.UART_EndRxTransfer
                0x000000001000c2d0       0x46 ./Drivers/STM32MP1xx_HAL_Driver/stm32mp1xx_hal_uart.o
 .text.UART_DMAAbortOnError
                0x000000001000c316       0x2c ./Drivers/STM32MP1xx_HAL_Driver/stm32mp1xx_hal_uart.o
 .text.UART_MDMAAbortOnError
                0x000000001000c342       0x2c ./Drivers/STM32MP1xx_HAL_Driver/stm32mp1xx_hal_uart.o
 .text.UART_EndTransmit_IT
                0x000000001000c36e       0x34 ./Drivers/STM32MP1xx_HAL_Driver/stm32mp1xx_hal_uart.o
 .text.HAL_UARTEx_WakeupCallback
                0x000000001000c3a2       0x14 ./Drivers/STM32MP1xx_HAL_Driver/stm32mp1xx_hal_uart_ex.o
                0x000000001000c3a2                HAL_UARTEx_WakeupCallback
 .text.HAL_UARTEx_RxFifoFullCallback
                0x000000001000c3b6       0x14 ./Drivers/STM32MP1xx_HAL_Driver/stm32mp1xx_hal_uart_ex.o
                0x000000001000c3b6                HAL_UARTEx_RxFifoFullCallback
 .text.HAL_UARTEx_TxFifoEmptyCallback
                0x000000001000c3ca       0x14 ./Drivers/STM32MP1xx_HAL_Driver/stm32mp1xx_hal_uart_ex.o
                0x000000001000c3ca                HAL_UARTEx_TxFifoEmptyCallback
 *fill*         0x000000001000c3de        0x2 
 .text.HAL_UARTEx_DisableFifoMode
                0x000000001000c3e0       0xe8 ./Drivers/STM32MP1xx_HAL_Driver/stm32mp1xx_hal_uart_ex.o
                0x000000001000c3e0                HAL_UARTEx_DisableFifoMode
 .text.HAL_UARTEx_SetTxFifoThreshold
                0x000000001000c4c8      0x130 ./Drivers/STM32MP1xx_HAL_Driver/stm32mp1xx_hal_uart_ex.o
                0x000000001000c4c8                HAL_UARTEx_SetTxFifoThreshold
 .text.HAL_UARTEx_SetRxFifoThreshold
                0x000000001000c5f8      0x130 ./Drivers/STM32MP1xx_HAL_Driver/stm32mp1xx_hal_uart_ex.o
                0x000000001000c5f8                HAL_UARTEx_SetRxFifoThreshold
 .text.UARTEx_SetNbDataToProcess
                0x000000001000c728       0xc8 ./Drivers/STM32MP1xx_HAL_Driver/stm32mp1xx_hal_uart_ex.o
 .text.IIC_Start
                0x000000001000c7f0       0x80 ./module/Src/IOI2C.o
                0x000000001000c7f0                IIC_Start
 .text.IIC_Stop
                0x000000001000c870       0x58 ./module/Src/IOI2C.o
                0x000000001000c870                IIC_Stop
 .text.IIC_Wait_Ack
                0x000000001000c8c8       0x80 ./module/Src/IOI2C.o
                0x000000001000c8c8                IIC_Wait_Ack
 .text.IIC_Ack  0x000000001000c948       0x58 ./module/Src/IOI2C.o
                0x000000001000c948                IIC_Ack
 .text.IIC_NAck
                0x000000001000c9a0       0x58 ./module/Src/IOI2C.o
                0x000000001000c9a0                IIC_NAck
 .text.IIC_Send_Byte
                0x000000001000c9f8       0x98 ./module/Src/IOI2C.o
                0x000000001000c9f8                IIC_Send_Byte
 .text.i2cWrite
                0x000000001000ca90       0x8e ./module/Src/IOI2C.o
                0x000000001000ca90                i2cWrite
 .text.i2cRead  0x000000001000cb1e       0xaa ./module/Src/IOI2C.o
                0x000000001000cb1e                i2cRead
 .text.IIC_Read_Byte
                0x000000001000cbc8       0x8c ./module/Src/IOI2C.o
                0x000000001000cbc8                IIC_Read_Byte
 .text.I2C_ReadOneByte
                0x000000001000cc54       0x6e ./module/Src/IOI2C.o
                0x000000001000cc54                I2C_ReadOneByte
 .text.IICwriteBytes
                0x000000001000ccc2       0x68 ./module/Src/IOI2C.o
                0x000000001000ccc2                IICwriteBytes
 .text.IICreadByte
                0x000000001000cd2a       0x2e ./module/Src/IOI2C.o
                0x000000001000cd2a                IICreadByte
 .text.IICwriteByte
                0x000000001000cd58       0x28 ./module/Src/IOI2C.o
                0x000000001000cd58                IICwriteByte
 .text.IICwriteBits
                0x000000001000cd80       0xac ./module/Src/IOI2C.o
                0x000000001000cd80                IICwriteBits
 .text.IICwriteBit
                0x000000001000ce2c       0x78 ./module/Src/IOI2C.o
                0x000000001000ce2c                IICwriteBit
 .text.__NVIC_SystemReset
                0x000000001000cea4       0x2c ./module/Src/MPU6050.o
 .text.inv_row_2_scale
                0x000000001000ced0       0x82 ./module/Src/MPU6050.o
 .text.inv_orientation_matrix_to_scalar
                0x000000001000cf52       0x50 ./module/Src/MPU6050.o
 .text.run_self_test
                0x000000001000cfa2       0xbe ./module/Src/MPU6050.o
 .text.MPU6050_setClockSource
                0x000000001000d060       0x22 ./module/Src/MPU6050.o
                0x000000001000d060                MPU6050_setClockSource
 .text.MPU6050_setFullScaleGyroRange
                0x000000001000d082       0x22 ./module/Src/MPU6050.o
                0x000000001000d082                MPU6050_setFullScaleGyroRange
 .text.MPU6050_setFullScaleAccelRange
                0x000000001000d0a4       0x22 ./module/Src/MPU6050.o
                0x000000001000d0a4                MPU6050_setFullScaleAccelRange
 .text.MPU6050_setSleepEnabled
                0x000000001000d0c6       0x1e ./module/Src/MPU6050.o
                0x000000001000d0c6                MPU6050_setSleepEnabled
 .text.MPU6050_setI2CMasterModeEnabled
                0x000000001000d0e4       0x1e ./module/Src/MPU6050.o
                0x000000001000d0e4                MPU6050_setI2CMasterModeEnabled
 .text.MPU6050_setI2CBypassEnabled
                0x000000001000d102       0x1e ./module/Src/MPU6050.o
                0x000000001000d102                MPU6050_setI2CBypassEnabled
 .text.MPU6050_initialize
                0x000000001000d120       0x2c ./module/Src/MPU6050.o
                0x000000001000d120                MPU6050_initialize
 .text.DMP_Init
                0x000000001000d14c       0x9c ./module/Src/MPU6050.o
                0x000000001000d14c                DMP_Init
 .text.delay_ms
                0x000000001000d1e8       0x18 ./module/Src/delay.o
                0x000000001000d1e8                delay_ms
 .text.set_int_enable
                0x000000001000d200       0xb4 ./module/Src/inv_mpu.o
 .text.mpu_init
                0x000000001000d2b4      0x228 ./module/Src/inv_mpu.o
                0x000000001000d2b4                mpu_init
 .text.mpu_lp_accel_mode
                0x000000001000d4dc       0xf8 ./module/Src/inv_mpu.o
                0x000000001000d4dc                mpu_lp_accel_mode
 .text.mpu_reset_fifo
                0x000000001000d5d4      0x1fc ./module/Src/inv_mpu.o
                0x000000001000d5d4                mpu_reset_fifo
 .text.mpu_get_gyro_fsr
                0x000000001000d7d0       0x68 ./module/Src/inv_mpu.o
                0x000000001000d7d0                mpu_get_gyro_fsr
 .text.mpu_set_gyro_fsr
                0x000000001000d838       0xa8 ./module/Src/inv_mpu.o
                0x000000001000d838                mpu_set_gyro_fsr
 .text.mpu_get_accel_fsr
                0x000000001000d8e0       0x74 ./module/Src/inv_mpu.o
                0x000000001000d8e0                mpu_get_accel_fsr
 .text.mpu_set_accel_fsr
                0x000000001000d954       0xd0 ./module/Src/inv_mpu.o
                0x000000001000d954                mpu_set_accel_fsr
 .text.mpu_get_lpf
                0x000000001000da24       0x7c ./module/Src/inv_mpu.o
                0x000000001000da24                mpu_get_lpf
 .text.mpu_set_lpf
                0x000000001000daa0       0x9c ./module/Src/inv_mpu.o
                0x000000001000daa0                mpu_set_lpf
 .text.mpu_get_sample_rate
                0x000000001000db3c       0x34 ./module/Src/inv_mpu.o
                0x000000001000db3c                mpu_get_sample_rate
 .text.mpu_set_sample_rate
                0x000000001000db70       0xcc ./module/Src/inv_mpu.o
                0x000000001000db70                mpu_set_sample_rate
 .text.mpu_get_gyro_sens
                0x000000001000dc3c       0x70 ./module/Src/inv_mpu.o
                0x000000001000dc3c                mpu_get_gyro_sens
 .text.mpu_get_accel_sens
                0x000000001000dcac       0x7c ./module/Src/inv_mpu.o
                0x000000001000dcac                mpu_get_accel_sens
 .text.mpu_get_fifo_config
                0x000000001000dd28       0x24 ./module/Src/inv_mpu.o
                0x000000001000dd28                mpu_get_fifo_config
 .text.mpu_configure_fifo
                0x000000001000dd4c       0xa4 ./module/Src/inv_mpu.o
                0x000000001000dd4c                mpu_configure_fifo
 .text.mpu_set_sensors
                0x000000001000ddf0      0x10c ./module/Src/inv_mpu.o
                0x000000001000ddf0                mpu_set_sensors
 .text.mpu_set_bypass
                0x000000001000defc      0x18c ./module/Src/inv_mpu.o
                0x000000001000defc                mpu_set_bypass
 .text.mpu_set_int_latched
                0x000000001000e088       0x88 ./module/Src/inv_mpu.o
                0x000000001000e088                mpu_set_int_latched
 .text.get_accel_prod_shift
                0x000000001000e110      0x11c ./module/Src/inv_mpu.o
 .text.accel_self_test
                0x000000001000e22c      0x108 ./module/Src/inv_mpu.o
 .text.gyro_self_test
                0x000000001000e334      0x180 ./module/Src/inv_mpu.o
 .text.get_st_biases
                0x000000001000e4b4      0x6e8 ./module/Src/inv_mpu.o
 .text.mpu_run_self_test
                0x000000001000eb9c      0x1a8 ./module/Src/inv_mpu.o
                0x000000001000eb9c                mpu_run_self_test
 .text.mpu_write_mem
                0x000000001000ed44       0xa4 ./module/Src/inv_mpu.o
                0x000000001000ed44                mpu_write_mem
 .text.mpu_read_mem
                0x000000001000ede8       0xa4 ./module/Src/inv_mpu.o
                0x000000001000ede8                mpu_read_mem
 .text.mpu_load_firmware
                0x000000001000ee8c       0xfc ./module/Src/inv_mpu.o
                0x000000001000ee8c                mpu_load_firmware
 .text.mpu_set_dmp_state
                0x000000001000ef88       0xa8 ./module/Src/inv_mpu.o
                0x000000001000ef88                mpu_set_dmp_state
 .text.dmp_load_motion_driver_firmware
                0x000000001000f030       0x20 ./module/Src/inv_mpu_dmp_motion_driver.o
                0x000000001000f030                dmp_load_motion_driver_firmware
 .text.dmp_set_orientation
                0x000000001000f050      0x1d8 ./module/Src/inv_mpu_dmp_motion_driver.o
                0x000000001000f050                dmp_set_orientation
 .text.dmp_set_gyro_bias
                0x000000001000f228      0x214 ./module/Src/inv_mpu_dmp_motion_driver.o
                0x000000001000f228                dmp_set_gyro_bias
 .text.dmp_set_accel_bias
                0x000000001000f43c      0x204 ./module/Src/inv_mpu_dmp_motion_driver.o
                0x000000001000f43c                dmp_set_accel_bias
 .text.dmp_set_fifo_rate
                0x000000001000f640       0x90 ./module/Src/inv_mpu_dmp_motion_driver.o
                0x000000001000f640                dmp_set_fifo_rate
 .text.dmp_set_tap_thresh
                0x000000001000f6d0      0x26c ./module/Src/inv_mpu_dmp_motion_driver.o
                0x000000001000f6d0                dmp_set_tap_thresh
 .text.dmp_set_tap_axes
                0x000000001000f93c       0x64 ./module/Src/inv_mpu_dmp_motion_driver.o
                0x000000001000f93c                dmp_set_tap_axes
 .text.dmp_set_tap_count
                0x000000001000f9a0       0x42 ./module/Src/inv_mpu_dmp_motion_driver.o
                0x000000001000f9a0                dmp_set_tap_count
 *fill*         0x000000001000f9e2        0x2 
 .text.dmp_set_tap_time
                0x000000001000f9e4       0x44 ./module/Src/inv_mpu_dmp_motion_driver.o
                0x000000001000f9e4                dmp_set_tap_time
 .text.dmp_set_tap_time_multi
                0x000000001000fa28       0x44 ./module/Src/inv_mpu_dmp_motion_driver.o
                0x000000001000fa28                dmp_set_tap_time_multi
 .text.dmp_set_shake_reject_thresh
                0x000000001000fa6c       0x60 ./module/Src/inv_mpu_dmp_motion_driver.o
                0x000000001000fa6c                dmp_set_shake_reject_thresh
 .text.dmp_set_shake_reject_time
                0x000000001000facc       0x44 ./module/Src/inv_mpu_dmp_motion_driver.o
                0x000000001000facc                dmp_set_shake_reject_time
 .text.dmp_set_shake_reject_timeout
                0x000000001000fb10       0x44 ./module/Src/inv_mpu_dmp_motion_driver.o
                0x000000001000fb10                dmp_set_shake_reject_timeout
 .text.dmp_enable_feature
                0x000000001000fb54      0x250 ./module/Src/inv_mpu_dmp_motion_driver.o
                0x000000001000fb54                dmp_enable_feature
 .text.dmp_enable_gyro_cal
                0x000000001000fda4       0x60 ./module/Src/inv_mpu_dmp_motion_driver.o
                0x000000001000fda4                dmp_enable_gyro_cal
 .text.dmp_enable_lp_quat
                0x000000001000fe04       0x4e ./module/Src/inv_mpu_dmp_motion_driver.o
                0x000000001000fe04                dmp_enable_lp_quat
 .text.dmp_enable_6x_lp_quat
                0x000000001000fe52       0x4e ./module/Src/inv_mpu_dmp_motion_driver.o
                0x000000001000fe52                dmp_enable_6x_lp_quat
 .text.BSP_Motor_Init
                0x000000001000fea0       0x54 ./module/motor/Src/BSP_Motor.o
                0x000000001000fea0                BSP_Motor_Init
 .text.__errno  0x000000001000fef4        0xc c:/st/stm32cubeide_1.9.0/stm32cubeide/plugins/com.st.stm32cube.ide.mcu.externaltools.gnu-tools-for-stm32.10.3-2021.10.win32_1.0.0.202111181127/tools/bin/../lib/gcc/arm-none-eabi/10.3.1/../../../../arm-none-eabi/lib/thumb/v7e-m+fp/hard\libc_nano.a(lib_a-errno.o)
                0x000000001000fef4                __errno
 .text.__libc_init_array
                0x000000001000ff00       0x48 c:/st/stm32cubeide_1.9.0/stm32cubeide/plugins/com.st.stm32cube.ide.mcu.externaltools.gnu-tools-for-stm32.10.3-2021.10.win32_1.0.0.202111181127/tools/bin/../lib/gcc/arm-none-eabi/10.3.1/../../../../arm-none-eabi/lib/thumb/v7e-m+fp/hard\libc_nano.a(lib_a-init.o)
                0x000000001000ff00                __libc_init_array
 .text.memcmp   0x000000001000ff48       0x20 c:/st/stm32cubeide_1.9.0/stm32cubeide/plugins/com.st.stm32cube.ide.mcu.externaltools.gnu-tools-for-stm32.10.3-2021.10.win32_1.0.0.202111181127/tools/bin/../lib/gcc/arm-none-eabi/10.3.1/../../../../arm-none-eabi/lib/thumb/v7e-m+fp/hard\libc_nano.a(lib_a-memcmp.o)
                0x000000001000ff48                memcmp
 .text.memset   0x000000001000ff68       0x10 c:/st/stm32cubeide_1.9.0/stm32cubeide/plugins/com.st.stm32cube.ide.mcu.externaltools.gnu-tools-for-stm32.10.3-2021.10.win32_1.0.0.202111181127/tools/bin/../lib/gcc/arm-none-eabi/10.3.1/../../../../arm-none-eabi/lib/thumb/v7e-m+fp/hard\libc_nano.a(lib_a-memset.o)
                0x000000001000ff68                memset
 .text.printf   0x000000001000ff78       0x30 c:/st/stm32cubeide_1.9.0/stm32cubeide/plugins/com.st.stm32cube.ide.mcu.externaltools.gnu-tools-for-stm32.10.3-2021.10.win32_1.0.0.202111181127/tools/bin/../lib/gcc/arm-none-eabi/10.3.1/../../../../arm-none-eabi/lib/thumb/v7e-m+fp/hard\libc_nano.a(lib_a-printf.o)
                0x000000001000ff78                iprintf
                0x000000001000ff78                printf
 .text._puts_r  0x000000001000ffa8       0xdc c:/st/stm32cubeide_1.9.0/stm32cubeide/plugins/com.st.stm32cube.ide.mcu.externaltools.gnu-tools-for-stm32.10.3-2021.10.win32_1.0.0.202111181127/tools/bin/../lib/gcc/arm-none-eabi/10.3.1/../../../../arm-none-eabi/lib/thumb/v7e-m+fp/hard\libc_nano.a(lib_a-puts.o)
                0x000000001000ffa8                _puts_r
 .text.puts     0x0000000010010084       0x10 c:/st/stm32cubeide_1.9.0/stm32cubeide/plugins/com.st.stm32cube.ide.mcu.externaltools.gnu-tools-for-stm32.10.3-2021.10.win32_1.0.0.202111181127/tools/bin/../lib/gcc/arm-none-eabi/10.3.1/../../../../arm-none-eabi/lib/thumb/v7e-m+fp/hard\libc_nano.a(lib_a-puts.o)
                0x0000000010010084                puts
 .text.__swbuf_r
                0x0000000010010094       0xa4 c:/st/stm32cubeide_1.9.0/stm32cubeide/plugins/com.st.stm32cube.ide.mcu.externaltools.gnu-tools-for-stm32.10.3-2021.10.win32_1.0.0.202111181127/tools/bin/../lib/gcc/arm-none-eabi/10.3.1/../../../../arm-none-eabi/lib/thumb/v7e-m+fp/hard\libc_nano.a(lib_a-wbuf.o)
                0x0000000010010094                __swbuf_r
 .text.__swsetup_r
                0x0000000010010138       0xdc c:/st/stm32cubeide_1.9.0/stm32cubeide/plugins/com.st.stm32cube.ide.mcu.externaltools.gnu-tools-for-stm32.10.3-2021.10.win32_1.0.0.202111181127/tools/bin/../lib/gcc/arm-none-eabi/10.3.1/../../../../arm-none-eabi/lib/thumb/v7e-m+fp/hard\libc_nano.a(lib_a-wsetup.o)
                0x0000000010010138                __swsetup_r
 .text.__sflush_r
                0x0000000010010214      0x10c c:/st/stm32cubeide_1.9.0/stm32cubeide/plugins/com.st.stm32cube.ide.mcu.externaltools.gnu-tools-for-stm32.10.3-2021.10.win32_1.0.0.202111181127/tools/bin/../lib/gcc/arm-none-eabi/10.3.1/../../../../arm-none-eabi/lib/thumb/v7e-m+fp/hard\libc_nano.a(lib_a-fflush.o)
                0x0000000010010214                __sflush_r
 .text._fflush_r
                0x0000000010010320       0x78 c:/st/stm32cubeide_1.9.0/stm32cubeide/plugins/com.st.stm32cube.ide.mcu.externaltools.gnu-tools-for-stm32.10.3-2021.10.win32_1.0.0.202111181127/tools/bin/../lib/gcc/arm-none-eabi/10.3.1/../../../../arm-none-eabi/lib/thumb/v7e-m+fp/hard\libc_nano.a(lib_a-fflush.o)
                0x0000000010010320                _fflush_r
 .text.std      0x0000000010010398       0x48 c:/st/stm32cubeide_1.9.0/stm32cubeide/plugins/com.st.stm32cube.ide.mcu.externaltools.gnu-tools-for-stm32.10.3-2021.10.win32_1.0.0.202111181127/tools/bin/../lib/gcc/arm-none-eabi/10.3.1/../../../../arm-none-eabi/lib/thumb/v7e-m+fp/hard\libc_nano.a(lib_a-findfp.o)
 .text._cleanup_r
                0x00000000100103e0        0xc c:/st/stm32cubeide_1.9.0/stm32cubeide/plugins/com.st.stm32cube.ide.mcu.externaltools.gnu-tools-for-stm32.10.3-2021.10.win32_1.0.0.202111181127/tools/bin/../lib/gcc/arm-none-eabi/10.3.1/../../../../arm-none-eabi/lib/thumb/v7e-m+fp/hard\libc_nano.a(lib_a-findfp.o)
                0x00000000100103e0                _cleanup_r
 .text.__sfmoreglue
                0x00000000100103ec       0x2c c:/st/stm32cubeide_1.9.0/stm32cubeide/plugins/com.st.stm32cube.ide.mcu.externaltools.gnu-tools-for-stm32.10.3-2021.10.win32_1.0.0.202111181127/tools/bin/../lib/gcc/arm-none-eabi/10.3.1/../../../../arm-none-eabi/lib/thumb/v7e-m+fp/hard\libc_nano.a(lib_a-findfp.o)
                0x00000000100103ec                __sfmoreglue
 .text.__sfp_lock_acquire
                0x0000000010010418        0xc c:/st/stm32cubeide_1.9.0/stm32cubeide/plugins/com.st.stm32cube.ide.mcu.externaltools.gnu-tools-for-stm32.10.3-2021.10.win32_1.0.0.202111181127/tools/bin/../lib/gcc/arm-none-eabi/10.3.1/../../../../arm-none-eabi/lib/thumb/v7e-m+fp/hard\libc_nano.a(lib_a-findfp.o)
                0x0000000010010418                __sfp_lock_acquire
 .text.__sfp_lock_release
                0x0000000010010424        0xc c:/st/stm32cubeide_1.9.0/stm32cubeide/plugins/com.st.stm32cube.ide.mcu.externaltools.gnu-tools-for-stm32.10.3-2021.10.win32_1.0.0.202111181127/tools/bin/../lib/gcc/arm-none-eabi/10.3.1/../../../../arm-none-eabi/lib/thumb/v7e-m+fp/hard\libc_nano.a(lib_a-findfp.o)
                0x0000000010010424                __sfp_lock_release
 .text.__sinit_lock_acquire
                0x0000000010010430        0xc c:/st/stm32cubeide_1.9.0/stm32cubeide/plugins/com.st.stm32cube.ide.mcu.externaltools.gnu-tools-for-stm32.10.3-2021.10.win32_1.0.0.202111181127/tools/bin/../lib/gcc/arm-none-eabi/10.3.1/../../../../arm-none-eabi/lib/thumb/v7e-m+fp/hard\libc_nano.a(lib_a-findfp.o)
                0x0000000010010430                __sinit_lock_acquire
 .text.__sinit_lock_release
                0x000000001001043c        0xc c:/st/stm32cubeide_1.9.0/stm32cubeide/plugins/com.st.stm32cube.ide.mcu.externaltools.gnu-tools-for-stm32.10.3-2021.10.win32_1.0.0.202111181127/tools/bin/../lib/gcc/arm-none-eabi/10.3.1/../../../../arm-none-eabi/lib/thumb/v7e-m+fp/hard\libc_nano.a(lib_a-findfp.o)
                0x000000001001043c                __sinit_lock_release
 .text.__sinit  0x0000000010010448       0x70 c:/st/stm32cubeide_1.9.0/stm32cubeide/plugins/com.st.stm32cube.ide.mcu.externaltools.gnu-tools-for-stm32.10.3-2021.10.win32_1.0.0.202111181127/tools/bin/../lib/gcc/arm-none-eabi/10.3.1/../../../../arm-none-eabi/lib/thumb/v7e-m+fp/hard\libc_nano.a(lib_a-findfp.o)
                0x0000000010010448                __sinit
 .text.__sfp    0x00000000100104b8       0x8c c:/st/stm32cubeide_1.9.0/stm32cubeide/plugins/com.st.stm32cube.ide.mcu.externaltools.gnu-tools-for-stm32.10.3-2021.10.win32_1.0.0.202111181127/tools/bin/../lib/gcc/arm-none-eabi/10.3.1/../../../../arm-none-eabi/lib/thumb/v7e-m+fp/hard\libc_nano.a(lib_a-findfp.o)
                0x00000000100104b8                __sfp
 .text._fwalk_reent
                0x0000000010010544       0x3e c:/st/stm32cubeide_1.9.0/stm32cubeide/plugins/com.st.stm32cube.ide.mcu.externaltools.gnu-tools-for-stm32.10.3-2021.10.win32_1.0.0.202111181127/tools/bin/../lib/gcc/arm-none-eabi/10.3.1/../../../../arm-none-eabi/lib/thumb/v7e-m+fp/hard\libc_nano.a(lib_a-fwalk.o)
                0x0000000010010544                _fwalk_reent
 .text.__retarget_lock_init_recursive
                0x0000000010010582        0x2 c:/st/stm32cubeide_1.9.0/stm32cubeide/plugins/com.st.stm32cube.ide.mcu.externaltools.gnu-tools-for-stm32.10.3-2021.10.win32_1.0.0.202111181127/tools/bin/../lib/gcc/arm-none-eabi/10.3.1/../../../../arm-none-eabi/lib/thumb/v7e-m+fp/hard\libc_nano.a(lib_a-lock.o)
                0x0000000010010582                __retarget_lock_init_recursive
 .text.__retarget_lock_acquire_recursive
                0x0000000010010584        0x2 c:/st/stm32cubeide_1.9.0/stm32cubeide/plugins/com.st.stm32cube.ide.mcu.externaltools.gnu-tools-for-stm32.10.3-2021.10.win32_1.0.0.202111181127/tools/bin/../lib/gcc/arm-none-eabi/10.3.1/../../../../arm-none-eabi/lib/thumb/v7e-m+fp/hard\libc_nano.a(lib_a-lock.o)
                0x0000000010010584                __retarget_lock_acquire_recursive
 .text.__retarget_lock_release_recursive
                0x0000000010010586        0x2 c:/st/stm32cubeide_1.9.0/stm32cubeide/plugins/com.st.stm32cube.ide.mcu.externaltools.gnu-tools-for-stm32.10.3-2021.10.win32_1.0.0.202111181127/tools/bin/../lib/gcc/arm-none-eabi/10.3.1/../../../../arm-none-eabi/lib/thumb/v7e-m+fp/hard\libc_nano.a(lib_a-lock.o)
                0x0000000010010586                __retarget_lock_release_recursive
 .text.__swhatbuf_r
                0x0000000010010588       0x4a c:/st/stm32cubeide_1.9.0/stm32cubeide/plugins/com.st.stm32cube.ide.mcu.externaltools.gnu-tools-for-stm32.10.3-2021.10.win32_1.0.0.202111181127/tools/bin/../lib/gcc/arm-none-eabi/10.3.1/../../../../arm-none-eabi/lib/thumb/v7e-m+fp/hard\libc_nano.a(lib_a-makebuf.o)
                0x0000000010010588                __swhatbuf_r
 *fill*         0x00000000100105d2        0x2 
 .text.__smakebuf_r
                0x00000000100105d4       0x80 c:/st/stm32cubeide_1.9.0/stm32cubeide/plugins/com.st.stm32cube.ide.mcu.externaltools.gnu-tools-for-stm32.10.3-2021.10.win32_1.0.0.202111181127/tools/bin/../lib/gcc/arm-none-eabi/10.3.1/../../../../arm-none-eabi/lib/thumb/v7e-m+fp/hard\libc_nano.a(lib_a-makebuf.o)
                0x00000000100105d4                __smakebuf_r
 .text._free_r  0x0000000010010654       0x98 c:/st/stm32cubeide_1.9.0/stm32cubeide/plugins/com.st.stm32cube.ide.mcu.externaltools.gnu-tools-for-stm32.10.3-2021.10.win32_1.0.0.202111181127/tools/bin/../lib/gcc/arm-none-eabi/10.3.1/../../../../arm-none-eabi/lib/thumb/v7e-m+fp/hard\libc_nano.a(lib_a-nano-freer.o)
                0x0000000010010654                _free_r
 .text.sbrk_aligned
                0x00000000100106ec       0x40 c:/st/stm32cubeide_1.9.0/stm32cubeide/plugins/com.st.stm32cube.ide.mcu.externaltools.gnu-tools-for-stm32.10.3-2021.10.win32_1.0.0.202111181127/tools/bin/../lib/gcc/arm-none-eabi/10.3.1/../../../../arm-none-eabi/lib/thumb/v7e-m+fp/hard\libc_nano.a(lib_a-nano-mallocr.o)
 .text._malloc_r
                0x000000001001072c       0xe8 c:/st/stm32cubeide_1.9.0/stm32cubeide/plugins/com.st.stm32cube.ide.mcu.externaltools.gnu-tools-for-stm32.10.3-2021.10.win32_1.0.0.202111181127/tools/bin/../lib/gcc/arm-none-eabi/10.3.1/../../../../arm-none-eabi/lib/thumb/v7e-m+fp/hard\libc_nano.a(lib_a-nano-mallocr.o)
                0x000000001001072c                _malloc_r
 .text.__sfputc_r
                0x0000000010010814       0x2e c:/st/stm32cubeide_1.9.0/stm32cubeide/plugins/com.st.stm32cube.ide.mcu.externaltools.gnu-tools-for-stm32.10.3-2021.10.win32_1.0.0.202111181127/tools/bin/../lib/gcc/arm-none-eabi/10.3.1/../../../../arm-none-eabi/lib/thumb/v7e-m+fp/hard\libc_nano.a(lib_a-nano-vfprintf.o)
 .text.__sfputs_r
                0x0000000010010842       0x24 c:/st/stm32cubeide_1.9.0/stm32cubeide/plugins/com.st.stm32cube.ide.mcu.externaltools.gnu-tools-for-stm32.10.3-2021.10.win32_1.0.0.202111181127/tools/bin/../lib/gcc/arm-none-eabi/10.3.1/../../../../arm-none-eabi/lib/thumb/v7e-m+fp/hard\libc_nano.a(lib_a-nano-vfprintf.o)
                0x0000000010010842                __sfputs_r
 *fill*         0x0000000010010866        0x2 
 .text._vfprintf_r
                0x0000000010010868      0x260 c:/st/stm32cubeide_1.9.0/stm32cubeide/plugins/com.st.stm32cube.ide.mcu.externaltools.gnu-tools-for-stm32.10.3-2021.10.win32_1.0.0.202111181127/tools/bin/../lib/gcc/arm-none-eabi/10.3.1/../../../../arm-none-eabi/lib/thumb/v7e-m+fp/hard\libc_nano.a(lib_a-nano-vfprintf.o)
                0x0000000010010868                _vfprintf_r
                0x0000000010010868                _vfiprintf_r
 .text._printf_common
                0x0000000010010ac8       0xda c:/st/stm32cubeide_1.9.0/stm32cubeide/plugins/com.st.stm32cube.ide.mcu.externaltools.gnu-tools-for-stm32.10.3-2021.10.win32_1.0.0.202111181127/tools/bin/../lib/gcc/arm-none-eabi/10.3.1/../../../../arm-none-eabi/lib/thumb/v7e-m+fp/hard\libc_nano.a(lib_a-nano-vfprintf_i.o)
                0x0000000010010ac8                _printf_common
 *fill*         0x0000000010010ba2        0x2 
 .text._printf_i
                0x0000000010010ba4      0x24c c:/st/stm32cubeide_1.9.0/stm32cubeide/plugins/com.st.stm32cube.ide.mcu.externaltools.gnu-tools-for-stm32.10.3-2021.10.win32_1.0.0.202111181127/tools/bin/../lib/gcc/arm-none-eabi/10.3.1/../../../../arm-none-eabi/lib/thumb/v7e-m+fp/hard\libc_nano.a(lib_a-nano-vfprintf_i.o)
                0x0000000010010ba4                _printf_i
 .text._sbrk_r  0x0000000010010df0       0x20 c:/st/stm32cubeide_1.9.0/stm32cubeide/plugins/com.st.stm32cube.ide.mcu.externaltools.gnu-tools-for-stm32.10.3-2021.10.win32_1.0.0.202111181127/tools/bin/../lib/gcc/arm-none-eabi/10.3.1/../../../../arm-none-eabi/lib/thumb/v7e-m+fp/hard\libc_nano.a(lib_a-sbrkr.o)
                0x0000000010010df0                _sbrk_r
 .text.__sread  0x0000000010010e10       0x22 c:/st/stm32cubeide_1.9.0/stm32cubeide/plugins/com.st.stm32cube.ide.mcu.externaltools.gnu-tools-for-stm32.10.3-2021.10.win32_1.0.0.202111181127/tools/bin/../lib/gcc/arm-none-eabi/10.3.1/../../../../arm-none-eabi/lib/thumb/v7e-m+fp/hard\libc_nano.a(lib_a-stdio.o)
                0x0000000010010e10                __sread
 .text.__swrite
                0x0000000010010e32       0x38 c:/st/stm32cubeide_1.9.0/stm32cubeide/plugins/com.st.stm32cube.ide.mcu.externaltools.gnu-tools-for-stm32.10.3-2021.10.win32_1.0.0.202111181127/tools/bin/../lib/gcc/arm-none-eabi/10.3.1/../../../../arm-none-eabi/lib/thumb/v7e-m+fp/hard\libc_nano.a(lib_a-stdio.o)
                0x0000000010010e32                __swrite
 .text.__sseek  0x0000000010010e6a       0x24 c:/st/stm32cubeide_1.9.0/stm32cubeide/plugins/com.st.stm32cube.ide.mcu.externaltools.gnu-tools-for-stm32.10.3-2021.10.win32_1.0.0.202111181127/tools/bin/../lib/gcc/arm-none-eabi/10.3.1/../../../../arm-none-eabi/lib/thumb/v7e-m+fp/hard\libc_nano.a(lib_a-stdio.o)
                0x0000000010010e6a                __sseek
 .text.__sclose
                0x0000000010010e8e        0x8 c:/st/stm32cubeide_1.9.0/stm32cubeide/plugins/com.st.stm32cube.ide.mcu.externaltools.gnu-tools-for-stm32.10.3-2021.10.win32_1.0.0.202111181127/tools/bin/../lib/gcc/arm-none-eabi/10.3.1/../../../../arm-none-eabi/lib/thumb/v7e-m+fp/hard\libc_nano.a(lib_a-stdio.o)
                0x0000000010010e8e                __sclose
 *fill*         0x0000000010010e96        0x2 
 .text._write_r
                0x0000000010010e98       0x24 c:/st/stm32cubeide_1.9.0/stm32cubeide/plugins/com.st.stm32cube.ide.mcu.externaltools.gnu-tools-for-stm32.10.3-2021.10.win32_1.0.0.202111181127/tools/bin/../lib/gcc/arm-none-eabi/10.3.1/../../../../arm-none-eabi/lib/thumb/v7e-m+fp/hard\libc_nano.a(lib_a-writer.o)
                0x0000000010010e98                _write_r
 .text._close_r
                0x0000000010010ebc       0x20 c:/st/stm32cubeide_1.9.0/stm32cubeide/plugins/com.st.stm32cube.ide.mcu.externaltools.gnu-tools-for-stm32.10.3-2021.10.win32_1.0.0.202111181127/tools/bin/../lib/gcc/arm-none-eabi/10.3.1/../../../../arm-none-eabi/lib/thumb/v7e-m+fp/hard\libc_nano.a(lib_a-closer.o)
                0x0000000010010ebc                _close_r
 .text._fstat_r
                0x0000000010010edc       0x24 c:/st/stm32cubeide_1.9.0/stm32cubeide/plugins/com.st.stm32cube.ide.mcu.externaltools.gnu-tools-for-stm32.10.3-2021.10.win32_1.0.0.202111181127/tools/bin/../lib/gcc/arm-none-eabi/10.3.1/../../../../arm-none-eabi/lib/thumb/v7e-m+fp/hard\libc_nano.a(lib_a-fstatr.o)
                0x0000000010010edc                _fstat_r
 .text._isatty_r
                0x0000000010010f00       0x20 c:/st/stm32cubeide_1.9.0/stm32cubeide/plugins/com.st.stm32cube.ide.mcu.externaltools.gnu-tools-for-stm32.10.3-2021.10.win32_1.0.0.202111181127/tools/bin/../lib/gcc/arm-none-eabi/10.3.1/../../../../arm-none-eabi/lib/thumb/v7e-m+fp/hard\libc_nano.a(lib_a-isattyr.o)
                0x0000000010010f00                _isatty_r
 .text._lseek_r
                0x0000000010010f20       0x24 c:/st/stm32cubeide_1.9.0/stm32cubeide/plugins/com.st.stm32cube.ide.mcu.externaltools.gnu-tools-for-stm32.10.3-2021.10.win32_1.0.0.202111181127/tools/bin/../lib/gcc/arm-none-eabi/10.3.1/../../../../arm-none-eabi/lib/thumb/v7e-m+fp/hard\libc_nano.a(lib_a-lseekr.o)
                0x0000000010010f20                _lseek_r
 .text.__malloc_lock
                0x0000000010010f44        0xc c:/st/stm32cubeide_1.9.0/stm32cubeide/plugins/com.st.stm32cube.ide.mcu.externaltools.gnu-tools-for-stm32.10.3-2021.10.win32_1.0.0.202111181127/tools/bin/../lib/gcc/arm-none-eabi/10.3.1/../../../../arm-none-eabi/lib/thumb/v7e-m+fp/hard\libc_nano.a(lib_a-mlock.o)
                0x0000000010010f44                __malloc_lock
 .text.__malloc_unlock
                0x0000000010010f50        0xc c:/st/stm32cubeide_1.9.0/stm32cubeide/plugins/com.st.stm32cube.ide.mcu.externaltools.gnu-tools-for-stm32.10.3-2021.10.win32_1.0.0.202111181127/tools/bin/../lib/gcc/arm-none-eabi/10.3.1/../../../../arm-none-eabi/lib/thumb/v7e-m+fp/hard\libc_nano.a(lib_a-mlock.o)
                0x0000000010010f50                __malloc_unlock
 .text._read_r  0x0000000010010f5c       0x24 c:/st/stm32cubeide_1.9.0/stm32cubeide/plugins/com.st.stm32cube.ide.mcu.externaltools.gnu-tools-for-stm32.10.3-2021.10.win32_1.0.0.202111181127/tools/bin/../lib/gcc/arm-none-eabi/10.3.1/../../../../arm-none-eabi/lib/thumb/v7e-m+fp/hard\libc_nano.a(lib_a-readr.o)
                0x0000000010010f5c                _read_r
 *(.glue_7)
 .glue_7        0x0000000010010f80        0x0 linker stubs
 *(.glue_7t)
 .glue_7t       0x0000000010010f80        0x0 linker stubs
 *(.eh_frame)
 .eh_frame      0x0000000010010f80        0x0 c:/st/stm32cubeide_1.9.0/stm32cubeide/plugins/com.st.stm32cube.ide.mcu.externaltools.gnu-tools-for-stm32.10.3-2021.10.win32_1.0.0.202111181127/tools/bin/../lib/gcc/arm-none-eabi/10.3.1/thumb/v7e-m+fp/hard/crtbegin.o
 *(.init)
 .init          0x0000000010010f80        0x4 c:/st/stm32cubeide_1.9.0/stm32cubeide/plugins/com.st.stm32cube.ide.mcu.externaltools.gnu-tools-for-stm32.10.3-2021.10.win32_1.0.0.202111181127/tools/bin/../lib/gcc/arm-none-eabi/10.3.1/thumb/v7e-m+fp/hard/crti.o
                0x0000000010010f80                _init
 .init          0x0000000010010f84        0x8 c:/st/stm32cubeide_1.9.0/stm32cubeide/plugins/com.st.stm32cube.ide.mcu.externaltools.gnu-tools-for-stm32.10.3-2021.10.win32_1.0.0.202111181127/tools/bin/../lib/gcc/arm-none-eabi/10.3.1/thumb/v7e-m+fp/hard/crtn.o
 *(.fini)
 .fini          0x0000000010010f8c        0x4 c:/st/stm32cubeide_1.9.0/stm32cubeide/plugins/com.st.stm32cube.ide.mcu.externaltools.gnu-tools-for-stm32.10.3-2021.10.win32_1.0.0.202111181127/tools/bin/../lib/gcc/arm-none-eabi/10.3.1/thumb/v7e-m+fp/hard/crti.o
                0x0000000010010f8c                _fini
 .fini          0x0000000010010f90        0x8 c:/st/stm32cubeide_1.9.0/stm32cubeide/plugins/com.st.stm32cube.ide.mcu.externaltools.gnu-tools-for-stm32.10.3-2021.10.win32_1.0.0.202111181127/tools/bin/../lib/gcc/arm-none-eabi/10.3.1/thumb/v7e-m+fp/hard/crtn.o
                0x0000000010010f98                . = ALIGN (0x4)
                0x0000000010010f98                _etext = .

.vfp11_veneer   0x0000000010010f98        0x0
 .vfp11_veneer  0x0000000010010f98        0x0 linker stubs

.v4_bx          0x0000000010010f98        0x0
 .v4_bx         0x0000000010010f98        0x0 linker stubs

.iplt           0x0000000010010f98        0x0
 .iplt          0x0000000010010f98        0x0 c:/st/stm32cubeide_1.9.0/stm32cubeide/plugins/com.st.stm32cube.ide.mcu.externaltools.gnu-tools-for-stm32.10.3-2021.10.win32_1.0.0.202111181127/tools/bin/../lib/gcc/arm-none-eabi/10.3.1/thumb/v7e-m+fp/hard/crtbegin.o

.startup_copro_fw.Reset_Handler
                0x0000000010010f98       0x50
 .startup_copro_fw.Reset_Handler
                0x0000000010010f98       0x50 ./Core/Startup/startup_stm32mp157aacx.o
                0x0000000010010f98                Reset_Handler

.rodata         0x0000000010010fe8     0x122c
                0x0000000010010fe8                . = ALIGN (0x4)
 *(.rodata)
 .rodata        0x0000000010010fe8       0x6f ./Drivers/STM32MP1xx_HAL_Driver/stm32mp1xx_hal_cortex.o
 *fill*         0x0000000010011057        0x1 
 .rodata        0x0000000010011058       0x6d ./Drivers/STM32MP1xx_HAL_Driver/stm32mp1xx_hal_gpio.o
 *fill*         0x00000000100110c5        0x3 
 .rodata        0x00000000100110c8       0x6d ./Drivers/STM32MP1xx_HAL_Driver/stm32mp1xx_hal_ipcc.o
 *fill*         0x0000000010011135        0x3 
 .rodata        0x0000000010011138       0x6e ./Drivers/STM32MP1xx_HAL_Driver/stm32mp1xx_hal_lptim.o
 *fill*         0x00000000100111a6        0x2 
 .rodata        0x00000000100111a8       0x6c ./Drivers/STM32MP1xx_HAL_Driver/stm32mp1xx_hal_rcc.o
 .rodata        0x0000000010011214       0x6f ./Drivers/STM32MP1xx_HAL_Driver/stm32mp1xx_hal_rcc_ex.o
 *fill*         0x0000000010011283        0x1 
 .rodata        0x0000000010011284       0x6c ./Drivers/STM32MP1xx_HAL_Driver/stm32mp1xx_hal_tim.o
 .rodata        0x00000000100112f0       0x6f ./Drivers/STM32MP1xx_HAL_Driver/stm32mp1xx_hal_tim_ex.o
 *fill*         0x000000001001135f        0x1 
 .rodata        0x0000000010011360       0x6d ./Drivers/STM32MP1xx_HAL_Driver/stm32mp1xx_hal_uart.o
 *fill*         0x00000000100113cd        0x3 
 .rodata        0x00000000100113d0       0x80 ./Drivers/STM32MP1xx_HAL_Driver/stm32mp1xx_hal_uart_ex.o
 .rodata        0x0000000010011450       0x96 ./module/Src/inv_mpu.o
 *fill*         0x00000000100114e6        0x2 
 .rodata        0x00000000100114e8       0x4b ./module/Src/inv_mpu_dmp_motion_driver.o
 *(.rodata*)
 *fill*         0x0000000010011533        0x1 
 .rodata.hw     0x0000000010011534        0xc ./module/Src/inv_mpu.o
                0x0000000010011534                hw
 .rodata.reg    0x0000000010011540       0x1b ./module/Src/inv_mpu.o
                0x0000000010011540                reg
 *fill*         0x000000001001155b        0x1 
 .rodata.test   0x000000001001155c       0x28 ./module/Src/inv_mpu.o
                0x000000001001155c                test
 .rodata.dmp_memory
                0x0000000010011584      0xbf6 ./module/Src/inv_mpu_dmp_motion_driver.o
 *fill*         0x000000001001217a        0x2 
 .rodata._global_impure_ptr
                0x000000001001217c        0x4 c:/st/stm32cubeide_1.9.0/stm32cubeide/plugins/com.st.stm32cube.ide.mcu.externaltools.gnu-tools-for-stm32.10.3-2021.10.win32_1.0.0.202111181127/tools/bin/../lib/gcc/arm-none-eabi/10.3.1/../../../../arm-none-eabi/lib/thumb/v7e-m+fp/hard\libc_nano.a(lib_a-impure.o)
                0x000000001001217c                _global_impure_ptr
 .rodata.__sf_fake_stderr
                0x0000000010012180       0x20 c:/st/stm32cubeide_1.9.0/stm32cubeide/plugins/com.st.stm32cube.ide.mcu.externaltools.gnu-tools-for-stm32.10.3-2021.10.win32_1.0.0.202111181127/tools/bin/../lib/gcc/arm-none-eabi/10.3.1/../../../../arm-none-eabi/lib/thumb/v7e-m+fp/hard\libc_nano.a(lib_a-findfp.o)
                0x0000000010012180                __sf_fake_stderr
 .rodata.__sf_fake_stdin
                0x00000000100121a0       0x20 c:/st/stm32cubeide_1.9.0/stm32cubeide/plugins/com.st.stm32cube.ide.mcu.externaltools.gnu-tools-for-stm32.10.3-2021.10.win32_1.0.0.202111181127/tools/bin/../lib/gcc/arm-none-eabi/10.3.1/../../../../arm-none-eabi/lib/thumb/v7e-m+fp/hard\libc_nano.a(lib_a-findfp.o)
                0x00000000100121a0                __sf_fake_stdin
 .rodata.__sf_fake_stdout
                0x00000000100121c0       0x20 c:/st/stm32cubeide_1.9.0/stm32cubeide/plugins/com.st.stm32cube.ide.mcu.externaltools.gnu-tools-for-stm32.10.3-2021.10.win32_1.0.0.202111181127/tools/bin/../lib/gcc/arm-none-eabi/10.3.1/../../../../arm-none-eabi/lib/thumb/v7e-m+fp/hard\libc_nano.a(lib_a-findfp.o)
                0x00000000100121c0                __sf_fake_stdout
 .rodata._vfprintf_r.str1.1
                0x00000000100121e0       0x11 c:/st/stm32cubeide_1.9.0/stm32cubeide/plugins/com.st.stm32cube.ide.mcu.externaltools.gnu-tools-for-stm32.10.3-2021.10.win32_1.0.0.202111181127/tools/bin/../lib/gcc/arm-none-eabi/10.3.1/../../../../arm-none-eabi/lib/thumb/v7e-m+fp/hard\libc_nano.a(lib_a-nano-vfprintf.o)
 .rodata._printf_i.str1.1
                0x00000000100121f1       0x22 c:/st/stm32cubeide_1.9.0/stm32cubeide/plugins/com.st.stm32cube.ide.mcu.externaltools.gnu-tools-for-stm32.10.3-2021.10.win32_1.0.0.202111181127/tools/bin/../lib/gcc/arm-none-eabi/10.3.1/../../../../arm-none-eabi/lib/thumb/v7e-m+fp/hard\libc_nano.a(lib_a-nano-vfprintf_i.o)
                0x0000000010012214                . = ALIGN (0x4)
 *fill*         0x0000000010012213        0x1 

.ARM.extab      0x0000000010012214        0x0
                0x0000000010012214                . = ALIGN (0x4)
 *(.ARM.extab* .gnu.linkonce.armextab.*)
                0x0000000010012214                . = ALIGN (0x4)

.ARM            0x0000000010012214        0x8
                0x0000000010012214                . = ALIGN (0x4)
                0x0000000010012214                __exidx_start = .
 *(.ARM.exidx*)
 .ARM.exidx     0x0000000010012214        0x8 c:/st/stm32cubeide_1.9.0/stm32cubeide/plugins/com.st.stm32cube.ide.mcu.externaltools.gnu-tools-for-stm32.10.3-2021.10.win32_1.0.0.202111181127/tools/bin/../lib/gcc/arm-none-eabi/10.3.1/thumb/v7e-m+fp/hard\libgcc.a(_udivmoddi4.o)
                0x000000001001221c                __exidx_end = .
                0x000000001001221c                . = ALIGN (0x4)

.rel.dyn        0x000000001001221c        0x0
 .rel.iplt      0x000000001001221c        0x0 c:/st/stm32cubeide_1.9.0/stm32cubeide/plugins/com.st.stm32cube.ide.mcu.externaltools.gnu-tools-for-stm32.10.3-2021.10.win32_1.0.0.202111181127/tools/bin/../lib/gcc/arm-none-eabi/10.3.1/thumb/v7e-m+fp/hard/crtbegin.o

.preinit_array  0x000000001001221c        0x0
                0x000000001001221c                . = ALIGN (0x4)
                0x000000001001221c                PROVIDE (__preinit_array_start = .)
 *(.preinit_array*)
                0x000000001001221c                PROVIDE (__preinit_array_end = .)
                0x000000001001221c                . = ALIGN (0x4)

.init_array     0x000000001001221c        0x4
                0x000000001001221c                . = ALIGN (0x4)
                0x000000001001221c                PROVIDE (__init_array_start = .)
 *(SORT_BY_NAME(.init_array.*))
 *(.init_array*)
 .init_array    0x000000001001221c        0x4 c:/st/stm32cubeide_1.9.0/stm32cubeide/plugins/com.st.stm32cube.ide.mcu.externaltools.gnu-tools-for-stm32.10.3-2021.10.win32_1.0.0.202111181127/tools/bin/../lib/gcc/arm-none-eabi/10.3.1/thumb/v7e-m+fp/hard/crtbegin.o
                0x0000000010012220                PROVIDE (__init_array_end = .)
                0x0000000010012220                . = ALIGN (0x4)

.fini_array     0x0000000010012220        0x4
                0x0000000010012220                . = ALIGN (0x4)
                [!provide]                        PROVIDE (__fini_array_start = .)
 *(SORT_BY_NAME(.fini_array.*))
 *(.fini_array*)
 .fini_array    0x0000000010012220        0x4 c:/st/stm32cubeide_1.9.0/stm32cubeide/plugins/com.st.stm32cube.ide.mcu.externaltools.gnu-tools-for-stm32.10.3-2021.10.win32_1.0.0.202111181127/tools/bin/../lib/gcc/arm-none-eabi/10.3.1/thumb/v7e-m+fp/hard/crtbegin.o
                [!provide]                        PROVIDE (__fini_array_end = .)
                0x0000000010012224                . = ALIGN (0x4)
                0x0000000010012224                __DATA_ROM = .
                0x0000000010012224                _sidata = LOADADDR (.data)

.data           0x0000000010020000       0xa8 load address 0x0000000010012224
                0x0000000010020000                . = ALIGN (0x4)
                0x0000000010020000                _sdata = .
 *(.data)
 *(.data*)
 .data.SystemCoreClock
                0x0000000010020000        0x4 ./Common/System/system_stm32mp1xx.o
                0x0000000010020000                SystemCoreClock
 .data.uwTickPrio
                0x0000000010020004        0x4 ./Drivers/STM32MP1xx_HAL_Driver/stm32mp1xx_hal.o
                0x0000000010020004                uwTickPrio
 .data.uwTickFreq
                0x0000000010020008        0x1 ./Drivers/STM32MP1xx_HAL_Driver/stm32mp1xx_hal.o
                0x0000000010020008                uwTickFreq
 *fill*         0x0000000010020009        0x3 
 .data.gyro_orientation
                0x000000001002000c        0x9 ./module/Src/MPU6050.o
 *fill*         0x0000000010020015        0x3 
 .data.st       0x0000000010020018       0x2c ./module/Src/inv_mpu.o
 .data._impure_ptr
                0x0000000010020044        0x4 c:/st/stm32cubeide_1.9.0/stm32cubeide/plugins/com.st.stm32cube.ide.mcu.externaltools.gnu-tools-for-stm32.10.3-2021.10.win32_1.0.0.202111181127/tools/bin/../lib/gcc/arm-none-eabi/10.3.1/../../../../arm-none-eabi/lib/thumb/v7e-m+fp/hard\libc_nano.a(lib_a-impure.o)
                0x0000000010020044                _impure_ptr
 .data.impure_data
                0x0000000010020048       0x60 c:/st/stm32cubeide_1.9.0/stm32cubeide/plugins/com.st.stm32cube.ide.mcu.externaltools.gnu-tools-for-stm32.10.3-2021.10.win32_1.0.0.202111181127/tools/bin/../lib/gcc/arm-none-eabi/10.3.1/../../../../arm-none-eabi/lib/thumb/v7e-m+fp/hard\libc_nano.a(lib_a-impure.o)
                0x00000000100200a8                . = ALIGN (0x4)
                0x00000000100200a8                _edata = .
                0x00000000100122cc                __DATA_END = (__DATA_ROM + (_edata - _sdata))
                0x0000000010020000                text_end = (ORIGIN (SRAM1_text) + LENGTH (SRAM1_text))
                0x0000000000000001                ASSERT ((__DATA_END <= text_end), region SRAM1_text overflowed with text and data)

.igot.plt       0x00000000100200a8        0x0 load address 0x00000000100122cc
 .igot.plt      0x00000000100200a8        0x0 c:/st/stm32cubeide_1.9.0/stm32cubeide/plugins/com.st.stm32cube.ide.mcu.externaltools.gnu-tools-for-stm32.10.3-2021.10.win32_1.0.0.202111181127/tools/bin/../lib/gcc/arm-none-eabi/10.3.1/thumb/v7e-m+fp/hard/crtbegin.o

.resource_table
                0x00000000100200a8        0x0
                0x00000000100200a8                . = ALIGN (0x4)
 *(.resource_table*)
                0x00000000100200a8                . = ALIGN (0x4)
                0x00000000100200a8                . = ALIGN (0x4)

.bss            0x00000000100200a8      0x2c4 load address 0x00000000100122cc
                0x00000000100200a8                _sbss = .
                0x00000000100200a8                __bss_start__ = _sbss
 *(.bss)
 .bss           0x00000000100200a8       0x1c c:/st/stm32cubeide_1.9.0/stm32cubeide/plugins/com.st.stm32cube.ide.mcu.externaltools.gnu-tools-for-stm32.10.3-2021.10.win32_1.0.0.202111181127/tools/bin/../lib/gcc/arm-none-eabi/10.3.1/thumb/v7e-m+fp/hard/crtbegin.o
 *(.bss*)
 .bss.hipcc     0x00000000100200c4       0x3c ./Core/Src/ipcc.o
                0x00000000100200c4                hipcc
 .bss.hlptim1   0x0000000010020100       0x38 ./Core/Src/lptim.o
                0x0000000010020100                hlptim1
 .bss.hlptim2   0x0000000010020138       0x38 ./Core/Src/lptim.o
                0x0000000010020138                hlptim2
 .bss.__sbrk_heap_end
                0x0000000010020170        0x4 ./Core/Src/sysmem.o
 .bss.htim1     0x0000000010020174       0x40 ./Core/Src/tim.o
                0x0000000010020174                htim1
 .bss.htim13    0x00000000100201b4       0x40 ./Core/Src/tim.o
                0x00000000100201b4                htim13
 .bss.htim14    0x00000000100201f4       0x40 ./Core/Src/tim.o
                0x00000000100201f4                htim14
 .bss.htim16    0x0000000010020234       0x40 ./Core/Src/tim.o
                0x0000000010020234                htim16
 .bss.htim17    0x0000000010020274       0x40 ./Core/Src/tim.o
                0x0000000010020274                htim17
 .bss.huart5    0x00000000100202b4       0x94 ./Core/Src/usart.o
                0x00000000100202b4                huart5
 .bss.uwTick    0x0000000010020348        0x4 ./Drivers/STM32MP1xx_HAL_Driver/stm32mp1xx_hal.o
                0x0000000010020348                uwTick
 .bss.dmp       0x000000001002034c       0x10 ./module/Src/inv_mpu_dmp_motion_driver.o
 .bss.__lock___malloc_recursive_mutex
                0x000000001002035c        0x1 c:/st/stm32cubeide_1.9.0/stm32cubeide/plugins/com.st.stm32cube.ide.mcu.externaltools.gnu-tools-for-stm32.10.3-2021.10.win32_1.0.0.202111181127/tools/bin/../lib/gcc/arm-none-eabi/10.3.1/../../../../arm-none-eabi/lib/thumb/v7e-m+fp/hard\libc_nano.a(lib_a-lock.o)
                0x000000001002035c                __lock___malloc_recursive_mutex
 .bss.__lock___sfp_recursive_mutex
                0x000000001002035d        0x1 c:/st/stm32cubeide_1.9.0/stm32cubeide/plugins/com.st.stm32cube.ide.mcu.externaltools.gnu-tools-for-stm32.10.3-2021.10.win32_1.0.0.202111181127/tools/bin/../lib/gcc/arm-none-eabi/10.3.1/../../../../arm-none-eabi/lib/thumb/v7e-m+fp/hard\libc_nano.a(lib_a-lock.o)
                0x000000001002035d                __lock___sfp_recursive_mutex
 .bss.__lock___sinit_recursive_mutex
                0x000000001002035e        0x1 c:/st/stm32cubeide_1.9.0/stm32cubeide/plugins/com.st.stm32cube.ide.mcu.externaltools.gnu-tools-for-stm32.10.3-2021.10.win32_1.0.0.202111181127/tools/bin/../lib/gcc/arm-none-eabi/10.3.1/../../../../arm-none-eabi/lib/thumb/v7e-m+fp/hard\libc_nano.a(lib_a-lock.o)
                0x000000001002035e                __lock___sinit_recursive_mutex
 *fill*         0x000000001002035f        0x1 
 .bss.__malloc_free_list
                0x0000000010020360        0x4 c:/st/stm32cubeide_1.9.0/stm32cubeide/plugins/com.st.stm32cube.ide.mcu.externaltools.gnu-tools-for-stm32.10.3-2021.10.win32_1.0.0.202111181127/tools/bin/../lib/gcc/arm-none-eabi/10.3.1/../../../../arm-none-eabi/lib/thumb/v7e-m+fp/hard\libc_nano.a(lib_a-nano-mallocr.o)
                0x0000000010020360                __malloc_free_list
 .bss.__malloc_sbrk_start
                0x0000000010020364        0x4 c:/st/stm32cubeide_1.9.0/stm32cubeide/plugins/com.st.stm32cube.ide.mcu.externaltools.gnu-tools-for-stm32.10.3-2021.10.win32_1.0.0.202111181127/tools/bin/../lib/gcc/arm-none-eabi/10.3.1/../../../../arm-none-eabi/lib/thumb/v7e-m+fp/hard\libc_nano.a(lib_a-nano-mallocr.o)
                0x0000000010020364                __malloc_sbrk_start
 .bss.errno     0x0000000010020368        0x4 c:/st/stm32cubeide_1.9.0/stm32cubeide/plugins/com.st.stm32cube.ide.mcu.externaltools.gnu-tools-for-stm32.10.3-2021.10.win32_1.0.0.202111181127/tools/bin/../lib/gcc/arm-none-eabi/10.3.1/../../../../arm-none-eabi/lib/thumb/v7e-m+fp/hard\libc_nano.a(lib_a-reent.o)
                0x0000000010020368                errno
 *(COMMON)
                0x000000001002036c                . = ALIGN (0x4)
                0x000000001002036c                _ebss = .
                0x000000001002036c                __bss_end__ = _ebss

._user_heap_stack
                0x000000001002036c      0x604 load address 0x0000000010012590
                0x0000000010020370                . = ALIGN (0x8)
 *fill*         0x000000001002036c        0x4 
                [!provide]                        PROVIDE (end = .)
                0x0000000010020370                PROVIDE (_end = .)
                0x0000000010020570                . = (. + _Min_Heap_Size)
 *fill*         0x0000000010020370      0x200 
                0x0000000010020970                . = (. + _Min_Stack_Size)
 *fill*         0x0000000010020570      0x400 
                0x0000000010020970                . = ALIGN (0x8)

/DISCARD/
 libc.a(*)
 libm.a(*)
 libgcc.a(*)

.ARM.attributes
                0x0000000000000000       0x30
 *(.ARM.attributes)
 .ARM.attributes
                0x0000000000000000       0x1e c:/st/stm32cubeide_1.9.0/stm32cubeide/plugins/com.st.stm32cube.ide.mcu.externaltools.gnu-tools-for-stm32.10.3-2021.10.win32_1.0.0.202111181127/tools/bin/../lib/gcc/arm-none-eabi/10.3.1/thumb/v7e-m+fp/hard/crti.o
 .ARM.attributes
                0x000000000000001e       0x34 c:/st/stm32cubeide_1.9.0/stm32cubeide/plugins/com.st.stm32cube.ide.mcu.externaltools.gnu-tools-for-stm32.10.3-2021.10.win32_1.0.0.202111181127/tools/bin/../lib/gcc/arm-none-eabi/10.3.1/thumb/v7e-m+fp/hard/crtbegin.o
 .ARM.attributes
                0x0000000000000052       0x34 ./Common/System/system_stm32mp1xx.o
 .ARM.attributes
                0x0000000000000086       0x34 ./Core/Src/gpio.o
 .ARM.attributes
                0x00000000000000ba       0x34 ./Core/Src/ipcc.o
 .ARM.attributes
                0x00000000000000ee       0x34 ./Core/Src/lptim.o
 .ARM.attributes
                0x0000000000000122       0x34 ./Core/Src/main.o
 .ARM.attributes
                0x0000000000000156       0x34 ./Core/Src/stm32mp1xx_hal_msp.o
 .ARM.attributes
                0x000000000000018a       0x34 ./Core/Src/stm32mp1xx_it.o
 .ARM.attributes
                0x00000000000001be       0x34 ./Core/Src/syscalls.o
 .ARM.attributes
                0x00000000000001f2       0x34 ./Core/Src/sysmem.o
 .ARM.attributes
                0x0000000000000226       0x34 ./Core/Src/tim.o
 .ARM.attributes
                0x000000000000025a       0x34 ./Core/Src/usart.o
 .ARM.attributes
                0x000000000000028e       0x21 ./Core/Startup/startup_stm32mp157aacx.o
 .ARM.attributes
                0x00000000000002af       0x34 ./Drivers/STM32MP1xx_HAL_Driver/stm32mp1xx_hal.o
 .ARM.attributes
                0x00000000000002e3       0x34 ./Drivers/STM32MP1xx_HAL_Driver/stm32mp1xx_hal_cortex.o
 .ARM.attributes