Archive member included to satisfy reference by file (symbol)

c:/st/stm32cubeide_1.9.0/stm32cubeide/plugins/com.st.stm32cube.ide.mcu.externaltools.gnu-tools-for-stm32.10.3-2021.10.win32_1.0.0.202111181127/tools/bin/../lib/gcc/arm-none-eabi/10.3.1/../../../../arm-none-eabi/lib/thumb/v7e-m+fp/hard\libc_nano.a(lib_a-errno.o)
                              ./Core/Src/syscalls.o (__errno)
c:/st/stm32cubeide_1.9.0/stm32cubeide/plugins/com.st.stm32cube.ide.mcu.externaltools.gnu-tools-for-stm32.10.3-2021.10.win32_1.0.0.202111181127/tools/bin/../lib/gcc/arm-none-eabi/10.3.1/../../../../arm-none-eabi/lib/thumb/v7e-m+fp/hard\libc_nano.a(lib_a-exit.o)
                              c:/st/stm32cubeide_1.9.0/stm32cubeide/plugins/com.st.stm32cube.ide.mcu.externaltools.gnu-tools-for-stm32.10.3-2021.10.win32_1.0.0.202111181127/tools/bin/../lib/gcc/arm-none-eabi/10.3.1/../../../../arm-none-eabi/lib/thumb/v7e-m+fp/hard/crt0.o (exit)
c:/st/stm32cubeide_1.9.0/stm32cubeide/plugins/com.st.stm32cube.ide.mcu.externaltools.gnu-tools-for-stm32.10.3-2021.10.win32_1.0.0.202111181127/tools/bin/../lib/gcc/arm-none-eabi/10.3.1/../../../../arm-none-eabi/lib/thumb/v7e-m+fp/hard\libc_nano.a(lib_a-impure.o)
                              c:/st/stm32cubeide_1.9.0/stm32cubeide/plugins/com.st.stm32cube.ide.mcu.externaltools.gnu-tools-for-stm32.10.3-2021.10.win32_1.0.0.202111181127/tools/bin/../lib/gcc/arm-none-eabi/10.3.1/../../../../arm-none-eabi/lib/thumb/v7e-m+fp/hard\libc_nano.a(lib_a-exit.o) (_global_impure_ptr)
c:/st/stm32cubeide_1.9.0/stm32cubeide/plugins/com.st.stm32cube.ide.mcu.externaltools.gnu-tools-for-stm32.10.3-2021.10.win32_1.0.0.202111181127/tools/bin/../lib/gcc/arm-none-eabi/10.3.1/../../../../arm-none-eabi/lib/thumb/v7e-m+fp/hard\libc_nano.a(lib_a-init.o)
                              c:/st/stm32cubeide_1.9.0/stm32cubeide/plugins/com.st.stm32cube.ide.mcu.externaltools.gnu-tools-for-stm32.10.3-2021.10.win32_1.0.0.202111181127/tools/bin/../lib/gcc/arm-none-eabi/10.3.1/../../../../arm-none-eabi/lib/thumb/v7e-m+fp/hard/crt0.o (__libc_init_array)
c:/st/stm32cubeide_1.9.0/stm32cubeide/plugins/com.st.stm32cube.ide.mcu.externaltools.gnu-tools-for-stm32.10.3-2021.10.win32_1.0.0.202111181127/tools/bin/../lib/gcc/arm-none-eabi/10.3.1/../../../../arm-none-eabi/lib/thumb/v7e-m+fp/hard\libc_nano.a(lib_a-memcmp.o)
                              ./module/Src/inv_mpu.o (memcmp)
c:/st/stm32cubeide_1.9.0/stm32cubeide/plugins/com.st.stm32cube.ide.mcu.externaltools.gnu-tools-for-stm32.10.3-2021.10.win32_1.0.0.202111181127/tools/bin/../lib/gcc/arm-none-eabi/10.3.1/../../../../arm-none-eabi/lib/thumb/v7e-m+fp/hard\libc_nano.a(lib_a-memset.o)
                              c:/st/stm32cubeide_1.9.0/stm32cubeide/plugins/com.st.stm32cube.ide.mcu.externaltools.gnu-tools-for-stm32.10.3-2021.10.win32_1.0.0.202111181127/tools/bin/../lib/gcc/arm-none-eabi/10.3.1/../../../../arm-none-eabi/lib/thumb/v7e-m+fp/hard/crt0.o (memset)
c:/st/stm32cubeide_1.9.0/stm32cubeide/plugins/com.st.stm32cube.ide.mcu.externaltools.gnu-tools-for-stm32.10.3-2021.10.win32_1.0.0.202111181127/tools/bin/../lib/gcc/arm-none-eabi/10.3.1/../../../../arm-none-eabi/lib/thumb/v7e-m+fp/hard\libc_nano.a(lib_a-printf.o)
                              ./module/Src/inv_mpu.o (printf)
c:/st/stm32cubeide_1.9.0/stm32cubeide/plugins/com.st.stm32cube.ide.mcu.externaltools.gnu-tools-for-stm32.10.3-2021.10.win32_1.0.0.202111181127/tools/bin/../lib/gcc/arm-none-eabi/10.3.1/../../../../arm-none-eabi/lib/thumb/v7e-m+fp/hard\libc_nano.a(lib_a-puts.o)
                              ./module/Src/inv_mpu.o (puts)
c:/st/stm32cubeide_1.9.0/stm32cubeide/plugins/com.st.stm32cube.ide.mcu.externaltools.gnu-tools-for-stm32.10.3-2021.10.win32_1.0.0.202111181127/tools/bin/../lib/gcc/arm-none-eabi/10.3.1/../../../../arm-none-eabi/lib/thumb/v7e-m+fp/hard\libc_nano.a(lib_a-wbuf.o)
                              c:/st/stm32cubeide_1.9.0/stm32cubeide/plugins/com.st.stm32cube.ide.mcu.externaltools.gnu-tools-for-stm32.10.3-2021.10.win32_1.0.0.202111181127/tools/bin/../lib/gcc/arm-none-eabi/10.3.1/../../../../arm-none-eabi/lib/thumb/v7e-m+fp/hard\libc_nano.a(lib_a-puts.o) (__swbuf_r)
c:/st/stm32cubeide_1.9.0/stm32cubeide/plugins/com.st.stm32cube.ide.mcu.externaltools.gnu-tools-for-stm32.10.3-2021.10.win32_1.0.0.202111181127/tools/bin/../lib/gcc/arm-none-eabi/10.3.1/../../../../arm-none-eabi/lib/thumb/v7e-m+fp/hard\libc_nano.a(lib_a-wsetup.o)
                              c:/st/stm32cubeide_1.9.0/stm32cubeide/plugins/com.st.stm32cube.ide.mcu.externaltools.gnu-tools-for-stm32.10.3-2021.10.win32_1.0.0.202111181127/tools/bin/../lib/gcc/arm-none-eabi/10.3.1/../../../../arm-none-eabi/lib/thumb/v7e-m+fp/hard\libc_nano.a(lib_a-puts.o) (__swsetup_r)
c:/st/stm32cubeide_1.9.0/stm32cubeide/plugins/com.st.stm32cube.ide.mcu.externaltools.gnu-tools-for-stm32.10.3-2021.10.win32_1.0.0.202111181127/tools/bin/../lib/gcc/arm-none-eabi/10.3.1/../../../../arm-none-eabi/lib/thumb/v7e-m+fp/hard\libc_nano.a(lib_a-fflush.o)
[...]
Memory Configuration

Name             Origin             Length             Attributes
RETRAM_interrupts 0x0000000000000000 0x0000000000000600 xrw
SRAM1_text       0x0000000010000000 0x0000000000020000 xrw
SRAM2_data       0x0000000010020000 0x0000000000020000 xrw
SRAM3_ipc_shm    0x0000000010040000 0x0000000000010000 xrw
SRAM4            0x0000000010050000 0x0000000000010000 xrw
*default*        0x0000000000000000 0xffffffffffffffff

Linker script and memory map

LOAD c:/st/stm32cubeide_1.9.0/stm32cubeide/plugins/com.st.stm32cube.ide.mcu.externaltools.gnu-tools-for-stm32.10.3-2021.10.win32_1.0.0.202111181127/tools/bin/../lib/gcc/arm-none-eabi/10.3.1/thumb/v7e-m+fp/hard/crti.o
LOAD c:/st/stm32cubeide_1.9.0/stm32cubeide/plugins/com.st.stm32cube.ide.mcu.externaltools.gnu-tools-for-stm32.10.3-2021.10.win32_1.0.0.202111181127/tools/bin/../lib/gcc/arm-none-eabi/10.3.1/thumb/v7e-m+fp/hard/crtbegin.o
LOAD c:/st/stm32cubeide_1.9.0/stm32cubeide/plugins/com.st.stm32cube.ide.mcu.externaltools.gnu-tools-for-stm32.10.3-2021.10.win32_1.0.0.202111181127/tools/bin/../lib/gcc/arm-none-eabi/10.3.1/../../../../arm-none-eabi/lib/thumb/v7e-m+fp/hard/crt0.o
LOAD ./Common/System/system_stm32mp1xx.o
LOAD ./Core/Src/gpio.o
LOAD ./Core/Src/ipcc.o
LOAD ./Core/Src/lptim.o
LOAD ./Core/Src/main.o
LOAD ./Core/Src/stm32mp1xx_hal_msp.o
LOAD ./Core/Src/stm32mp1xx_it.o
LOAD ./Core/Src/syscalls.o
LOAD ./Core/Src/sysmem.o
LOAD ./Core/Src/tim.o
LOAD ./Core/Src/usart.o
LOAD ./Core/Startup/startup_stm32mp157aacx.o
LOAD ./Drivers/STM32MP1xx_HAL_Driver/stm32mp1xx_hal.o
LOAD ./Drivers/STM32MP1xx_HAL_Driver/stm32mp1xx_hal_cortex.o
LOAD ./Drivers/STM32MP1xx_HAL_Driver/stm32mp1xx_hal_dma.o
LOAD ./Drivers/STM32MP1xx_HAL_Driver/stm32mp1xx_hal_dma_ex.o
LOAD ./Drivers/STM32MP1xx_HAL_Driver/stm32mp1xx_hal_exti.o
LOAD ./Drivers/STM32MP1xx_HAL_Driver/stm32mp1xx_hal_gpio.o
LOAD ./Drivers/STM32MP1xx_HAL_Driver/stm32mp1xx_hal_hsem.o
LOAD ./Drivers/STM32MP1xx_HAL_Driver/stm32mp1xx_hal_ipcc.o
LOAD ./Drivers/STM32MP1xx_HAL_Driver/stm32mp1xx_hal_lptim.o
LOAD ./Drivers/STM32MP1xx_HAL_Driver/stm32mp1xx_hal_mdma.o
LOAD ./Drivers/STM32MP1xx_HAL_Driver/stm32mp1xx_hal_pwr.o
LOAD ./Drivers/STM32MP1xx_HAL_Driver/stm32mp1xx_hal_pwr_ex.o
LOAD ./Drivers/STM32MP1xx_HAL_Driver/stm32mp1xx_hal_rcc.o
LOAD ./Drivers/STM32MP1xx_HAL_Driver/stm32mp1xx_hal_rcc_ex.o
LOAD ./Drivers/STM32MP1xx_HAL_Driver/stm32mp1xx_hal_tim.o
LOAD ./Drivers/STM32MP1xx_HAL_Driver/stm32mp1xx_hal_tim_ex.o
LOAD ./Drivers/STM32MP1xx_HAL_Driver/stm32mp1xx_hal_uart.o
LOAD ./Drivers/STM32MP1xx_HAL_Driver/stm32mp1xx_hal_uart_ex.o
LOAD ./module/DataScope/Src/DataScope_DP.o
LOAD ./module/DataScope/Src/show.o
LOAD ./module/Src/GPIO_bsp.o
LOAD ./module/Src/IOI2C.o
LOAD ./module/Src/MPU6050.o
LOAD ./module/Src/delay.o
LOAD ./module/Src/inv_mpu.o
LOAD ./module/Src/inv_mpu_dmp_motion_driver.o
LOAD ./module/motor/Src/BSP_Motor.o
LOAD ./module/motor/Src/MotorPIControllerTest.o
LOAD ./module/motor/Src/control.o
START GROUP
LOAD c:/st/stm32cubeide_1.9.0/stm32cubeide/plugins/com.st.stm32cube.ide.mcu.externaltools.gnu-tools-for-stm32.10.3-2021.10.win32_1.0.0.202111181127/tools/bin/../lib/gcc/arm-none-eabi/10.3.1/../../../../arm-none-eabi/lib/thumb/v7e-m+fp/hard\libc_nano.a
LOAD c:/st/stm32cubeide_1.9.0/stm32cubeide/plugins/com.st.stm32cube.ide.mcu.externaltools.gnu-tools-for-stm32.10.3-2021.10.win32_1.0.0.202111181127/tools/bin/../lib/gcc/arm-none-eabi/10.3.1/../../../../arm-none-eabi/lib/thumb/v7e-m+fp/hard\libm.a
END GROUP
START GROUP
LOAD c:/st/stm32cubeide_1.9.0/stm32cubeide/plugins/com.st.stm32cube.ide.mcu.externaltools.gnu-tools-for-stm32.10.3-2021.10.win32_1.0.0.202111181127/tools/bin/../lib/gcc/arm-none-eabi/10.3.1/thumb/v7e-m+fp/hard\libgcc.a
LOAD c:/st/stm32cubeide_1.9.0/stm32cubeide/plugins/com.st.stm32cube.ide.mcu.externaltools.gnu-tools-for-stm32.10.3-2021.10.win32_1.0.0.202111181127/tools/bin/../lib/gcc/arm-none-eabi/10.3.1/../../../../arm-none-eabi/lib/thumb/v7e-m+fp/hard\libc_nano.a
END GROUP
START GROUP
LOAD c:/st/stm32cubeide_1.9.0/stm32cubeide/plugins/com.st.stm32cube.ide.mcu.externaltools.gnu-tools-for-stm32.10.3-2021.10.win32_1.0.0.202111181127/tools/bin/../lib/gcc/arm-none-eabi/10.3.1/thumb/v7e-m+fp/hard\libgcc.a
LOAD c:/st/stm32cubeide_1.9.0/stm32cubeide/plugins/com.st.stm32cube.ide.mcu.externaltools.gnu-tools-for-stm32.10.3-2021.10.win32_1.0.0.202111181127/tools/bin/../lib/gcc/arm-none-eabi/10.3.1/../../../../arm-none-eabi/lib/thumb/v7e-m+fp/hard\libc_nano.a
LOAD c:/st/stm32cubeide_1.9.0/stm32cubeide/plugins/com.st.stm32cube.ide.mcu.externaltools.gnu-tools-for-stm32.10.3-2021.10.win32_1.0.0.202111181127/tools/bin/../lib/gcc/arm-none-eabi/10.3.1/../../../../arm-none-eabi/lib/thumb/v7e-m+fp/hard\libnosys.a
END GROUP
START GROUP
LOAD c:/st/stm32cubeide_1.9.0/stm32cubeide/plugins/com.st.stm32cube.ide.mcu.externaltools.gnu-tools-for-stm32.10.3-2021.10.win32_1.0.0.202111181127/tools/bin/../lib/gcc/arm-none-eabi/10.3.1/thumb/v7e-m+fp/hard\libgcc.a
LOAD c:/st/stm32cubeide_1.9.0/stm32cubeide/plugins/com.st.stm32cube.ide.mcu.externaltools.gnu-tools-for-stm32.10.3-2021.10.win32_1.0.0.202111181127/tools/bin/../lib/gcc/arm-none-eabi/10.3.1/../../../../arm-none-eabi/lib/thumb/v7e-m+fp/hard\libc_nano.a
LOAD c:/st/stm32cubeide_1.9.0/stm32cubeide/plugins/com.st.stm32cube.ide.mcu.externaltools.gnu-tools-for-stm32.10.3-2021.10.win32_1.0.0.202111181127/tools/bin/../lib/gcc/arm-none-eabi/10.3.1/../../../../arm-none-eabi/lib/thumb/v7e-m+fp/hard\libnosys.a
END GROUP
LOAD c:/st/stm32cubeide_1.9.0/stm32cubeide/plugins/com.st.stm32cube.ide.mcu.externaltools.gnu-tools-for-stm32.10.3-2021.10.win32_1.0.0.202111181127/tools/bin/../lib/gcc/arm-none-eabi/10.3.1/thumb/v7e-m+fp/hard/crtend.o
LOAD c:/st/stm32cubeide_1.9.0/stm32cubeide/plugins/com.st.stm32cube.ide.mcu.externaltools.gnu-tools-for-stm32.10.3-2021.10.win32_1.0.0.202111181127/tools/bin/../lib/gcc/arm-none-eabi/10.3.1/thumb/v7e-m+fp/hard/crtn.o
                0x0000000010040000                _estack = (ORIGIN (SRAM2_data) + LENGTH (SRAM2_data))
                0x0000000000000200                _Min_Heap_Size = 0x200
                0x0000000000000400                _Min_Stack_Size = 0x400
                0x0000000010040000                __OPENAMP_region_start__ = ORIGIN (SRAM3_ipc_shm)
                0x0000000010050000                __OPENAMP_region_end__ = (ORIGIN (SRAM3_ipc_shm) + LENGTH (SRAM3_ipc_shm))

.isr_vector     0x0000000000000000      0x298
                0x0000000000000000                . = ALIGN (0x4)
 *(.isr_vector)
 .isr_vector    0x0000000000000000      0x298 ./Core/Startup/startup_stm32mp157aacx.o
                0x0000000000000000                g_pfnVectors
                0x0000000000000298                . = ALIGN (0x4)

.text           0x0000000010000000     0xcb44
                0x0000000010000000                . = ALIGN (0x4)
 *(.text)
 .text          0x0000000010000000       0x40 c:/st/stm32cubeide_1.9.0/stm32cubeide/plugins/com.st.stm32cube.ide.mcu.externaltools.gnu-tools-for-stm32.10.3-2021.10.win32_1.0.0.202111181127/tools/bin/../lib/gcc/arm-none-eabi/10.3.1/thumb/v7e-m+fp/hard/crtbegin.o
 *(.text*)
 .text.SystemInit
                0x0000000010000040       0x4c ./Common/System/system_stm32mp1xx.o
                0x0000000010000040                SystemInit
 .text.MX_GPIO_Init
                0x000000001000008c       0x7c ./Core/Src/gpio.o
                0x000000001000008c                MX_GPIO_Init
 .text.MX_IPCC_Init
                0x0000000010000108       0x28 ./Core/Src/ipcc.o
                0x0000000010000108                MX_IPCC_Init
 .text.HAL_IPCC_MspInit
                0x0000000010000130       0x4c ./Core/Src/ipcc.o
                0x0000000010000130                HAL_IPCC_MspInit
 .text.MX_LPTIM1_Init
                0x000000001000017c       0x68 ./Core/Src/lptim.o
                0x000000001000017c                MX_LPTIM1_Init
 .text.MX_LPTIM2_Init
                0x00000000100001e4       0x68 ./Core/Src/lptim.o
                0x00000000100001e4                MX_LPTIM2_Init
 .text.HAL_LPTIM_MspInit
                0x000000001000024c      0x1d8 ./Core/Src/lptim.o
                0x000000001000024c                HAL_LPTIM_MspInit
 .text.main     0x0000000010000424       0x7c ./Core/Src/main.o
                0x0000000010000424                main
 .text.SystemClock_Config
                0x00000000100004a0      0x1e8 ./Core/Src/main.o
                0x00000000100004a0                SystemClock_Config
 .text.Error_Handler
                0x0000000010000688        0xa ./Core/Src/main.o
                0x0000000010000688                Error_Handler
 .text.assert_failed
                0x0000000010000692       0x16 ./Core/Src/main.o
                0x0000000010000692                assert_failed
 .text.HAL_MspInit
                0x00000000100006a8       0x72 ./Core/Src/stm32mp1xx_hal_msp.o
                0x00000000100006a8                HAL_MspInit
 .text.NMI_Handler
                0x000000001000071a        0x6 ./Core/Src/stm32mp1xx_it.o
                0x000000001000071a                NMI_Handler
 .text.HardFault_Handler
                0x0000000010000720        0x6 ./Core/Src/stm32mp1xx_it.o
                0x0000000010000720                HardFault_Handler
 .text.MemManage_Handler
                0x0000000010000726        0x6 ./Core/Src/stm32mp1xx_it.o
                0x0000000010000726                MemManage_Handler
 .text.BusFault_Handler
                0x000000001000072c        0x6 ./Core/Src/stm32mp1xx_it.o
                0x000000001000072c                BusFault_Handler
 .text.UsageFault_Handler
                0x0000000010000732        0x6 ./Core/Src/stm32mp1xx_it.o
                0x0000000010000732                UsageFault_Handler
 .text.SVC_Handler
                0x0000000010000738        0xe ./Core/Src/stm32mp1xx_it.o
                0x0000000010000738                SVC_Handler
 .text.DebugMon_Handler
                0x0000000010000746        0xe ./Core/Src/stm32mp1xx_it.o
                0x0000000010000746                DebugMon_Handler
 .text.PendSV_Handler
                0x0000000010000754        0xe ./Core/Src/stm32mp1xx_it.o
                0x0000000010000754                PendSV_Handler
 .text.SysTick_Handler
                0x0000000010000762        0xc ./Core/Src/stm32mp1xx_it.o
                0x0000000010000762                SysTick_Handler
 *fill*         0x000000001000076e        0x2 
 .text.TIM1_UP_IRQHandler
                0x0000000010000770       0x14 ./Core/Src/stm32mp1xx_it.o
                0x0000000010000770                TIM1_UP_IRQHandler
 .text.UART5_IRQHandler
                0x0000000010000784       0x14 ./Core/Src/stm32mp1xx_it.o
                0x0000000010000784                UART5_IRQHandler
 .text.IPCC_RX1_IRQHandler
                0x0000000010000798       0x14 ./Core/Src/stm32mp1xx_it.o
                0x0000000010000798                IPCC_RX1_IRQHandler
 .text.IPCC_TX1_IRQHandler
                0x00000000100007ac       0x14 ./Core/Src/stm32mp1xx_it.o
                0x00000000100007ac                IPCC_TX1_IRQHandler
 .text.RCC_WAKEUP_IRQHandler
                0x00000000100007c0        0xc ./Core/Src/stm32mp1xx_it.o
                0x00000000100007c0                RCC_WAKEUP_IRQHandler
 .text.MX_TIM1_Init
                0x00000000100007cc       0xa4 ./Core/Src/tim.o
                0x00000000100007cc                MX_TIM1_Init
 .text.MX_TIM13_Init
                0x0000000010000870       0x9c ./Core/Src/tim.o
                0x0000000010000870                MX_TIM13_Init
 .text.MX_TIM14_Init
                0x000000001000090c       0x9c ./Core/Src/tim.o
                0x000000001000090c                MX_TIM14_Init
 .text.MX_TIM16_Init
                0x00000000100009a8       0xf4 ./Core/Src/tim.o
                0x00000000100009a8                MX_TIM16_Init
 .text.MX_TIM17_Init
                0x0000000010000a9c       0xf4 ./Core/Src/tim.o
                0x0000000010000a9c                MX_TIM17_Init
 .text.HAL_TIM_Base_MspInit
                0x0000000010000b90       0xa0 ./Core/Src/tim.o
                0x0000000010000b90                HAL_TIM_Base_MspInit
 .text.HAL_TIM_MspPostInit
                0x0000000010000c30      0x110 ./Core/Src/tim.o
                0x0000000010000c30                HAL_TIM_MspPostInit
 .text.MX_UART5_Init
                0x0000000010000d40       0x98 ./Core/Src/usart.o
                0x0000000010000d40                MX_UART5_Init
 .text.HAL_UART_MspInit
                0x0000000010000dd8      0x118 ./Core/Src/usart.o
                0x0000000010000dd8                HAL_UART_MspInit
 .text.Default_Handler
                0x0000000010000ef0        0x2 ./Core/Startup/startup_stm32mp157aacx.o
                0x0000000010000ef0                EXTI2_IRQHandler
                0x0000000010000ef0                TIM8_TRG_COM_IRQHandler
                0x0000000010000ef0                TIM8_CC_IRQHandler
                0x0000000010000ef0                EXTI5_IRQHandler
                0x0000000010000ef0                UART8_IRQHandler
                0x0000000010000ef0                SPI4_IRQHandler
                0x0000000010000ef0                EXTI13_IRQHandler
                0x0000000010000ef0                TIM1_CC_IRQHandler
                0x0000000010000ef0                DMA2_Stream5_IRQHandler
                0x0000000010000ef0                ETH1_WKUP_IRQHandler
                0x0000000010000ef0                TAMP_IRQHandler
                0x0000000010000ef0                DMA1_Stream5_IRQHandler
                0x0000000010000ef0                TIM6_IRQHandler
                0x0000000010000ef0                EXTI12_IRQHandler
                0x0000000010000ef0                EXTI3_IRQHandler
                0x0000000010000ef0                LPTIM4_IRQHandler
                0x0000000010000ef0                EXTI8_IRQHandler
                0x0000000010000ef0                LPTIM2_IRQHandler
                0x0000000010000ef0                DFSDM1_FLT1_IRQHandler
                0x0000000010000ef0                I2C3_ER_IRQHandler
                0x0000000010000ef0                DFSDM1_FLT2_IRQHandler
                0x0000000010000ef0                I2C5_EV_IRQHandler
                0x0000000010000ef0                MDMA_IRQHandler
                0x0000000010000ef0                LPTIM3_IRQHandler
                0x0000000010000ef0                EXTI0_IRQHandler
                0x0000000010000ef0                I2C2_EV_IRQHandler
                0x0000000010000ef0                DMA1_Stream2_IRQHandler
                0x0000000010000ef0                FPU_IRQHandler
                0x0000000010000ef0                USBH_OHCI_IRQHandler
                0x0000000010000ef0                FDCAN1_IT1_IRQHandler
                0x0000000010000ef0                LTDC_ER_IRQHandler
                0x0000000010000ef0                DMA2_Stream2_IRQHandler
                0x0000000010000ef0                IPCC_RX0_IRQHandler
                0x0000000010000ef0                OTG_IRQHandler
                0x0000000010000ef0                SPI1_IRQHandler
                0x0000000010000ef0                DCMI_IRQHandler
                0x0000000010000ef0                TIM8_UP_IRQHandler
                0x0000000010000ef0                DMA2_Stream3_IRQHandler
                0x0000000010000ef0                USBH_EHCI_IRQHandler
                0x0000000010000ef0                nCTIIRQ2_IRQHandler
                0x0000000010000ef0                HASH1_IRQHandler
                0x0000000010000ef0                GPU_IRQHandler
                0x0000000010000ef0                SAI2_IRQHandler
                0x0000000010000ef0                ADC1_IRQHandler
                0x0000000010000ef0                RESERVED148_IRQHandler
                0x0000000010000ef0                RTC_TIMESTAMP_IRQHandler
                0x0000000010000ef0                DFSDM1_FLT3_IRQHandler
                0x0000000010000ef0                USART6_IRQHandler
                0x0000000010000ef0                EXTI15_IRQHandler
                0x0000000010000ef0                TIM17_IRQHandler
                0x0000000010000ef0                USART3_IRQHandler
                0x0000000010000ef0                EXTI9_IRQHandler
                0x0000000010000ef0                LPTIM5_IRQHandler
                0x0000000010000ef0                DMA2_Stream0_IRQHandler
                0x0000000010000ef0                TIM4_IRQHandler
                0x0000000010000ef0                CRYP2_IRQHandler
                0x0000000010000ef0                QUADSPI_IRQHandler
                0x0000000010000ef0                I2C1_EV_IRQHandler
                0x0000000010000ef0                DMA1_Stream6_IRQHandler
                0x0000000010000ef0                RESERVED99_IRQHandler
                0x0000000010000ef0                DMAMUX1_OVR_IRQHandler
                0x0000000010000ef0                DMA1_Stream1_IRQHandler
                0x0000000010000ef0                TIM16_IRQHandler
                0x0000000010000ef0                UART4_IRQHandler
                0x0000000010000ef0                TIM3_IRQHandler
                0x0000000010000ef0                RCC_IRQHandler
                0x0000000010000ef0                TIM1_TRG_COM_IRQHandler
                0x0000000010000ef0                nCTIIRQ1_IRQHandler
                0x0000000010000ef0                Default_Handler
                0x0000000010000ef0                CEC_IRQHandler
                0x0000000010000ef0                DFSDM1_FLT4_IRQHandler
                0x0000000010000ef0                TIM14_IRQHandler
                0x0000000010000ef0                I2C5_ER_IRQHandler
                0x0000000010000ef0                TIM13_IRQHandler
                0x0000000010000ef0                DMA1_Stream7_IRQHandler
                0x0000000010000ef0                IPCC_TX0_IRQHandler
                0x0000000010000ef0                SPI5_IRQHandler
                0x0000000010000ef0                TIM12_IRQHandler
                0x0000000010000ef0                TIM7_IRQHandler
                0x0000000010000ef0                SDMMC1_IRQHandler
                0x0000000010000ef0                TIM5_IRQHandler
                0x0000000010000ef0                DMA2_Stream7_IRQHandler
                0x0000000010000ef0                TIM15_IRQHandler
                0x0000000010000ef0                PVD_AVD_IRQHandler
                0x0000000010000ef0                I2C3_EV_IRQHandler
                0x0000000010000ef0                SDMMC3_IRQHandler
                0x0000000010000ef0                ETH1_IRQHandler
                0x0000000010000ef0                LTDC_IRQHandler
                0x0000000010000ef0                SAI3_IRQHandler
                0x0000000010000ef0                SPDIF_RX_IRQHandler
                0x0000000010000ef0                ADC2_IRQHandler
                0x0000000010000ef0                SPI2_IRQHandler
                0x0000000010000ef0                DFSDM1_FLT5_IRQHandler
                0x0000000010000ef0                DMA1_Stream0_IRQHandler
                0x0000000010000ef0                EXTI14_IRQHandler
                0x0000000010000ef0                EXTI11_IRQHandler
                0x0000000010000ef0                CRYP1_IRQHandler
                0x0000000010000ef0                RNG2_IRQHandler
                0x0000000010000ef0                RNG1_IRQHandler
                0x0000000010000ef0                HASH2_IRQHandler
                0x0000000010000ef0                EXTI4_IRQHandler
                0x0000000010000ef0                ETH1_LPI_IRQHandler
                0x0000000010000ef0                FDCAN2_IT1_IRQHandler
                0x0000000010000ef0                DSI_IRQHandler
                0x0000000010000ef0                HSEM_IT2_IRQHandler
                0x0000000010000ef0                SPI6_IRQHandler
                0x0000000010000ef0                MDIOS_IRQHandler
                0x0000000010000ef0                I2C4_EV_IRQHandler
                0x0000000010000ef0                FDCAN2_IT0_IRQHandler
                0x0000000010000ef0                I2C6_ER_IRQHandler
                0x0000000010000ef0                FDCAN1_IT0_IRQHandler
                0x0000000010000ef0                TIM2_IRQHandler
                0x0000000010000ef0                EXTI7_IRQHandler
                0x0000000010000ef0                TIM1_BRK_IRQHandler
                0x0000000010000ef0                DAC_IRQHandler
                0x0000000010000ef0                EXTI1_IRQHandler
                0x0000000010000ef0                SDMMC2_IRQHandler
                0x0000000010000ef0                DTS_IRQHandler
                0x0000000010000ef0                UART7_IRQHandler
                0x0000000010000ef0                USART2_IRQHandler
                0x0000000010000ef0                I2C6_EV_IRQHandler
                0x0000000010000ef0                DFSDM1_FLT0_IRQHandler
                0x0000000010000ef0                SAI4_IRQHandler
                0x0000000010000ef0                I2C2_ER_IRQHandler
                0x0000000010000ef0                DMA2_Stream1_IRQHandler
                0x0000000010000ef0                TIM8_BRK_IRQHandler
                0x0000000010000ef0                WWDG1_IRQHandler
                0x0000000010000ef0                DMA2_Stream4_IRQHandler
                0x0000000010000ef0                USART1_IRQHandler
                0x0000000010000ef0                RESERVED143_IRQHandler
                0x0000000010000ef0                EXTI10_IRQHandler
                0x0000000010000ef0                SPI3_IRQHandler
                0x0000000010000ef0                WAKEUP_PIN_IRQHandler
                0x0000000010000ef0                DMA1_Stream4_IRQHandler
                0x0000000010000ef0                I2C1_ER_IRQHandler
                0x0000000010000ef0                FMC_IRQHandler
                0x0000000010000ef0                FDCAN_CAL_IRQHandler
                0x0000000010000ef0                EXTI6_IRQHandler
                0x0000000010000ef0                MPU_SEV_IRQHandler
                0x0000000010000ef0                LPTIM1_IRQHandler
                0x0000000010000ef0                RTC_WKUP_ALARM_IRQHandler
                0x0000000010000ef0                I2C4_ER_IRQHandler
                0x0000000010000ef0                DMA2_Stream6_IRQHandler
                0x0000000010000ef0                SAI1_IRQHandler
                0x0000000010000ef0                DMA1_Stream3_IRQHandler
                0x0000000010000ef0                RESERVED4_IRQHandler
 *fill*         0x0000000010000ef2        0x2 
 .text.HAL_Init
                0x0000000010000ef4       0x34 ./Drivers/STM32MP1xx_HAL_Driver/stm32mp1xx_hal.o
                0x0000000010000ef4                HAL_Init
 .text.HAL_InitTick
                0x0000000010000f28       0x6c ./Drivers/STM32MP1xx_HAL_Driver/stm32mp1xx_hal.o
                0x0000000010000f28                HAL_InitTick
 .text.HAL_IncTick
                0x0000000010000f94       0x28 ./Drivers/STM32MP1xx_HAL_Driver/stm32mp1xx_hal.o
                0x0000000010000f94                HAL_IncTick
 .text.HAL_GetTick
                0x0000000010000fbc       0x18 ./Drivers/STM32MP1xx_HAL_Driver/stm32mp1xx_hal.o
                0x0000000010000fbc                HAL_GetTick
 .text.HAL_Delay
                0x0000000010000fd4       0x48 ./Drivers/STM32MP1xx_HAL_Driver/stm32mp1xx_hal.o
                0x0000000010000fd4                HAL_Delay
 .text.__NVIC_SetPriorityGrouping
                0x000000001000101c       0x48 ./Drivers/STM32MP1xx_HAL_Driver/stm32mp1xx_hal_cortex.o
 .text.__NVIC_GetPriorityGrouping
                0x0000000010001064       0x1c ./Drivers/STM32MP1xx_HAL_Driver/stm32mp1xx_hal_cortex.o
 .text.__NVIC_EnableIRQ
                0x0000000010001080       0x3c ./Drivers/STM32MP1xx_HAL_Driver/stm32mp1xx_hal_cortex.o
 .text.__NVIC_SetPriority
                0x00000000100010bc       0x54 ./Drivers/STM32MP1xx_HAL_Driver/stm32mp1xx_hal_cortex.o
 .text.NVIC_EncodePriority
                0x0000000010001110       0x66 ./Drivers/STM32MP1xx_HAL_Driver/stm32mp1xx_hal_cortex.o
 *fill*         0x0000000010001176        0x2 
 .text.SysTick_Config
                0x0000000010001178       0x44 ./Drivers/STM32MP1xx_HAL_Driver/stm32mp1xx_hal_cortex.o
 .text.HAL_NVIC_SetPriorityGrouping
                0x00000000100011bc       0x40 ./Drivers/STM32MP1xx_HAL_Driver/stm32mp1xx_hal_cortex.o
                0x00000000100011bc                HAL_NVIC_SetPriorityGrouping
 .text.HAL_NVIC_SetPriority
                0x00000000100011fc       0x58 ./Drivers/STM32MP1xx_HAL_Driver/stm32mp1xx_hal_cortex.o
                0x00000000100011fc                HAL_NVIC_SetPriority
 .text.HAL_NVIC_EnableIRQ
                0x0000000010001254       0x30 ./Drivers/STM32MP1xx_HAL_Driver/stm32mp1xx_hal_cortex.o
                0x0000000010001254                HAL_NVIC_EnableIRQ
 .text.HAL_SYSTICK_Config
                0x0000000010001284       0x18 ./Drivers/STM32MP1xx_HAL_Driver/stm32mp1xx_hal_cortex.o
                0x0000000010001284                HAL_SYSTICK_Config
 .text.HAL_DMA_Abort_IT
                0x000000001000129c       0x4e ./Drivers/STM32MP1xx_HAL_Driver/stm32mp1xx_hal_dma.o
                0x000000001000129c                HAL_DMA_Abort_IT
 *fill*         0x00000000100012ea        0x2 
 .text.HAL_GPIO_Init
                0x00000000100012ec      0x4f0 ./Drivers/STM32MP1xx_HAL_Driver/stm32mp1xx_hal_gpio.o
                0x00000000100012ec                HAL_GPIO_Init
 .text.HAL_GPIO_WritePin
                0x00000000100017dc       0x64 ./Drivers/STM32MP1xx_HAL_Driver/stm32mp1xx_hal_gpio.o
                0x00000000100017dc                HAL_GPIO_WritePin
 .text.HAL_GPIO_TogglePin
                0x0000000010001840       0x4c ./Drivers/STM32MP1xx_HAL_Driver/stm32mp1xx_hal_gpio.o
                0x0000000010001840                HAL_GPIO_TogglePin
 .text.HAL_IPCC_Init
                0x000000001000188c       0x7c ./Drivers/STM32MP1xx_HAL_Driver/stm32mp1xx_hal_ipcc.o
                0x000000001000188c                HAL_IPCC_Init
 .text.HAL_IPCC_TX_IRQHandler
                0x0000000010001908       0x9c ./Drivers/STM32MP1xx_HAL_Driver/stm32mp1xx_hal_ipcc.o
                0x0000000010001908                HAL_IPCC_TX_IRQHandler
 .text.HAL_IPCC_RX_IRQHandler
                0x00000000100019a4       0x98 ./Drivers/STM32MP1xx_HAL_Driver/stm32mp1xx_hal_ipcc.o
                0x00000000100019a4                HAL_IPCC_RX_IRQHandler
 .text.HAL_IPCC_RxCallback
                0x0000000010001a3c       0x1a ./Drivers/STM32MP1xx_HAL_Driver/stm32mp1xx_hal_ipcc.o
                0x0000000010001a3c                HAL_IPCC_RxCallback
 .text.HAL_IPCC_TxCallback
                0x0000000010001a56       0x1a ./Drivers/STM32MP1xx_HAL_Driver/stm32mp1xx_hal_ipcc.o
                0x0000000010001a56                HAL_IPCC_TxCallback
 .text.IPCC_SetDefaultCallbacks
                0x0000000010001a70       0x4c ./Drivers/STM32MP1xx_HAL_Driver/stm32mp1xx_hal_ipcc.o
                0x0000000010001a70                IPCC_SetDefaultCallbacks
 .text.IPCC_Reset_Register
                0x0000000010001abc       0x28 ./Drivers/STM32MP1xx_HAL_Driver/stm32mp1xx_hal_ipcc.o
                0x0000000010001abc                IPCC_Reset_Register
 .text.HAL_LPTIM_Init
                0x0000000010001ae4      0x43c ./Drivers/STM32MP1xx_HAL_Driver/stm32mp1xx_hal_lptim.o
                0x0000000010001ae4                HAL_LPTIM_Init
 .text.HAL_LPTIM_Encoder_Start
                0x0000000010001f20      0x11c ./Drivers/STM32MP1xx_HAL_Driver/stm32mp1xx_hal_lptim.o
                0x0000000010001f20                HAL_LPTIM_Encoder_Start
 .text.HAL_LPTIM_ReadCounter
                0x000000001000203c       0x6c ./Drivers/STM32MP1xx_HAL_Driver/stm32mp1xx_hal_lptim.o
                0x000000001000203c                HAL_LPTIM_ReadCounter
 .text.LPTIM_WaitForFlag
                0x00000000100020a8       0x60 ./Drivers/STM32MP1xx_HAL_Driver/stm32mp1xx_hal_lptim.o
 .text.HAL_MDMA_Abort_IT
                0x0000000010002108       0x4e ./Drivers/STM32MP1xx_HAL_Driver/stm32mp1xx_hal_mdma.o
                0x0000000010002108                HAL_MDMA_Abort_IT
 *fill*         0x0000000010002156        0x2 
 .text.HAL_RCC_OscConfig
                0x0000000010002158      0x7b0 ./Drivers/STM32MP1xx_HAL_Driver/stm32mp1xx_hal_rcc.o
                0x0000000010002158                HAL_RCC_OscConfig
 .text.HAL_RCC_HSEConfig
                0x0000000010002908      0x104 ./Drivers/STM32MP1xx_HAL_Driver/stm32mp1xx_hal_rcc.o
                0x0000000010002908                HAL_RCC_HSEConfig
 .text.HAL_RCC_LSEConfig
                0x0000000010002a0c      0x120 ./Drivers/STM32MP1xx_HAL_Driver/stm32mp1xx_hal_rcc.o
                0x0000000010002a0c                HAL_RCC_LSEConfig
 .text.RCC_PLL1_Config
                0x0000000010002b2c      0x4ac ./Drivers/STM32MP1xx_HAL_Driver/stm32mp1xx_hal_rcc.o
                0x0000000010002b2c                RCC_PLL1_Config
 .text.HAL_RCC_ClockConfig
                0x0000000010002fd8      0x39c ./Drivers/STM32MP1xx_HAL_Driver/stm32mp1xx_hal_rcc.o
                0x0000000010002fd8                HAL_RCC_ClockConfig
 .text.RCC_MPUConfig
                0x0000000010003374      0x144 ./Drivers/STM32MP1xx_HAL_Driver/stm32mp1xx_hal_rcc.o
                0x0000000010003374                RCC_MPUConfig
 .text.RCC_AXISSConfig
                0x00000000100034b8      0x188 ./Drivers/STM32MP1xx_HAL_Driver/stm32mp1xx_hal_rcc.o
                0x00000000100034b8                RCC_AXISSConfig
 .text.RCC_MCUConfig
                0x0000000010003640      0x1d8 ./Drivers/STM32MP1xx_HAL_Driver/stm32mp1xx_hal_rcc.o
                0x0000000010003640                RCC_MCUConfig
 .text.HAL_RCC_GetPLL2ClockFreq
                0x0000000010003818      0x1d8 ./Drivers/STM32MP1xx_HAL_Driver/stm32mp1xx_hal_rcc.o
                0x0000000010003818                HAL_RCC_GetPLL2ClockFreq
 .text.HAL_RCC_GetPLL3ClockFreq
                0x00000000100039f0      0x1f4 ./Drivers/STM32MP1xx_HAL_Driver/stm32mp1xx_hal_rcc.o
                0x00000000100039f0                HAL_RCC_GetPLL3ClockFreq
 .text.HAL_RCC_GetPLL4ClockFreq
                0x0000000010003be4      0x210 ./Drivers/STM32MP1xx_HAL_Driver/stm32mp1xx_hal_rcc.o
                0x0000000010003be4                HAL_RCC_GetPLL4ClockFreq
 .text.HAL_RCC_GetPCLK1Freq
                0x0000000010003df4       0x36 ./Drivers/STM32MP1xx_HAL_Driver/stm32mp1xx_hal_rcc.o
                0x0000000010003df4                HAL_RCC_GetPCLK1Freq
 .text.HAL_RCC_GetPCLK2Freq
                0x0000000010003e2a       0x36 ./Drivers/STM32MP1xx_HAL_Driver/stm32mp1xx_hal_rcc.o
                0x0000000010003e2a                HAL_RCC_GetPCLK2Freq
 .text.HAL_RCC_GetPCLK5Freq
                0x0000000010003e60       0x34 ./Drivers/STM32MP1xx_HAL_Driver/stm32mp1xx_hal_rcc.o
                0x0000000010003e60                HAL_RCC_GetPCLK5Freq
 .text.HAL_RCC_GetACLKFreq
                0x0000000010003e94       0x3a ./Drivers/STM32MP1xx_HAL_Driver/stm32mp1xx_hal_rcc.o
                0x0000000010003e94                HAL_RCC_GetACLKFreq
 .text.HAL_RCC_GetMCUFreq
                0x0000000010003ece       0x36 ./Drivers/STM32MP1xx_HAL_Driver/stm32mp1xx_hal_rcc.o
                0x0000000010003ece                HAL_RCC_GetMCUFreq
 .text.HAL_RCC_GetSystemCoreClockFreq
                0x0000000010003f04        0xe ./Drivers/STM32MP1xx_HAL_Driver/stm32mp1xx_hal_rcc.o
                0x0000000010003f04                HAL_RCC_GetSystemCoreClockFreq
 *fill*         0x0000000010003f12        0x2 
 .text.HAL_RCC_GetAXISSFreq
                0x0000000010003f14       0x7c ./Drivers/STM32MP1xx_HAL_Driver/stm32mp1xx_hal_rcc.o
                0x0000000010003f14                HAL_RCC_GetAXISSFreq
 .text.HAL_RCC_GetMCUSSFreq
                0x0000000010003f90       0x74 ./Drivers/STM32MP1xx_HAL_Driver/stm32mp1xx_hal_rcc.o
                0x0000000010003f90                HAL_RCC_GetMCUSSFreq
 .text.HAL_RCC_WAKEUP_IRQHandler
                0x0000000010004004       0x2a ./Drivers/STM32MP1xx_HAL_Driver/stm32mp1xx_hal_rcc.o
                0x0000000010004004                HAL_RCC_WAKEUP_IRQHandler
 .text.HAL_RCC_WAKEUP_Callback
                0x000000001000402e        0xe ./Drivers/STM32MP1xx_HAL_Driver/stm32mp1xx_hal_rcc.o
                0x000000001000402e                HAL_RCC_WAKEUP_Callback
 .text.RCCEx_PLL2_Config
                0x000000001000403c      0x48c ./Drivers/STM32MP1xx_HAL_Driver/stm32mp1xx_hal_rcc_ex.o
                0x000000001000403c                RCCEx_PLL2_Config
 .text.RCCEx_PLL3_Config
                0x00000000100044c8      0x480 ./Drivers/STM32MP1xx_HAL_Driver/stm32mp1xx_hal_rcc_ex.o
                0x00000000100044c8                RCCEx_PLL3_Config
 .text.RCCEx_PLL4_Config
                0x0000000010004948      0x45c ./Drivers/STM32MP1xx_HAL_Driver/stm32mp1xx_hal_rcc_ex.o
                0x0000000010004948                RCCEx_PLL4_Config
 .text.HAL_RCCEx_PeriphCLKConfig
                0x0000000010004da4     0x3064 ./Drivers/STM32MP1xx_HAL_Driver/stm32mp1xx_hal_rcc_ex.o
                0x0000000010004da4                HAL_RCCEx_PeriphCLKConfig
 .text.HAL_TIM_Base_Init
                0x0000000010007e08      0x190 ./Drivers/STM32MP1xx_HAL_Driver/stm32mp1xx_hal_tim.o
                0x0000000010007e08                HAL_TIM_Base_Init
 .text.HAL_TIM_Base_Start_IT
                0x0000000010007f98      0x118 ./Drivers/STM32MP1xx_HAL_Driver/stm32mp1xx_hal_tim.o
                0x0000000010007f98                HAL_TIM_Base_Start_IT
 .text.HAL_TIM_PWM_Init
                0x00000000100080b0      0x190 ./Drivers/STM32MP1xx_HAL_Driver/stm32mp1xx_hal_tim.o
                0x00000000100080b0                HAL_TIM_PWM_Init
 .text.HAL_TIM_PWM_MspInit
                0x0000000010008240       0x14 ./Drivers/STM32MP1xx_HAL_Driver/stm32mp1xx_hal_tim.o
                0x0000000010008240                HAL_TIM_PWM_MspInit
 .text.HAL_TIM_PWM_Start
                0x0000000010008254      0x210 ./Drivers/STM32MP1xx_HAL_Driver/stm32mp1xx_hal_tim.o
                0x0000000010008254                HAL_TIM_PWM_Start
 .text.HAL_TIM_IRQHandler
                0x0000000010008464      0x23e ./Drivers/STM32MP1xx_HAL_Driver/stm32mp1xx_hal_tim.o
                0x0000000010008464                HAL_TIM_IRQHandler
 *fill*         0x00000000100086a2        0x2 
 .text.HAL_TIM_PWM_ConfigChannel
                0x00000000100086a4      0x4d0 ./Drivers/STM32MP1xx_HAL_Driver/stm32mp1xx_hal_tim.o
                0x00000000100086a4                HAL_TIM_PWM_ConfigChannel
 .text.HAL_TIM_ConfigClockSource
                0x0000000010008b74      0x6a8 ./Drivers/STM32MP1xx_HAL_Driver/stm32mp1xx_hal_tim.o
                0x0000000010008b74                HAL_TIM_ConfigClockSource
 .text.HAL_TIM_OC_DelayElapsedCallback
                0x000000001000921c       0x14 ./Drivers/STM32MP1xx_HAL_Driver/stm32mp1xx_hal_tim.o
                0x000000001000921c                HAL_TIM_OC_DelayElapsedCallback
 .text.HAL_TIM_IC_CaptureCallback
                0x0000000010009230       0x14 ./Drivers/STM32MP1xx_HAL_Driver/stm32mp1xx_hal_tim.o
                0x0000000010009230                HAL_TIM_IC_CaptureCallback
 .text.HAL_TIM_PWM_PulseFinishedCallback
                0x0000000010009244       0x14 ./Drivers/STM32MP1xx_HAL_Driver/stm32mp1xx_hal_tim.o
                0x0000000010009244                HAL_TIM_PWM_PulseFinishedCallback
 .text.HAL_TIM_TriggerCallback
                0x0000000010009258       0x14 ./Drivers/STM32MP1xx_HAL_Driver/stm32mp1xx_hal_tim.o
                0x0000000010009258                HAL_TIM_TriggerCallback
 .text.TIM_Base_SetConfig
                0x000000001000926c      0x130 ./Drivers/STM32MP1xx_HAL_Driver/stm32mp1xx_hal_tim.o
                0x000000001000926c                TIM_Base_SetConfig
 .text.TIM_OC1_SetConfig
                0x000000001000939c      0x170 ./Drivers/STM32MP1xx_HAL_Driver/stm32mp1xx_hal_tim.o
 .text.TIM_OC2_SetConfig
                0x000000001000950c      0x160 ./Drivers/STM32MP1xx_HAL_Driver/stm32mp1xx_hal_tim.o
                0x000000001000950c                TIM_OC2_SetConfig
 .text.TIM_OC3_SetConfig
                0x000000001000966c      0x160 ./Drivers/STM32MP1xx_HAL_Driver/stm32mp1xx_hal_tim.o
 .text.TIM_OC4_SetConfig
                0x00000000100097cc       0xec ./Drivers/STM32MP1xx_HAL_Driver/stm32mp1xx_hal_tim.o
 .text.TIM_OC5_SetConfig
                0x00000000100098b8       0xc4 ./Drivers/STM32MP1xx_HAL_Driver/stm32mp1xx_hal_tim.o
 .text.TIM_OC6_SetConfig
                0x000000001000997c       0xc8 ./Drivers/STM32MP1xx_HAL_Driver/stm32mp1xx_hal_tim.o
 .text.TIM_TI1_ConfigInputStage
                0x0000000010009a44       0x5e ./Drivers/STM32MP1xx_HAL_Driver/stm32mp1xx_hal_tim.o
 .text.TIM_TI2_ConfigInputStage
                0x0000000010009aa2       0x60 ./Drivers/STM32MP1xx_HAL_Driver/stm32mp1xx_hal_tim.o
 .text.TIM_ITRx_SetConfig
                0x0000000010009b02       0x3a ./Drivers/STM32MP1xx_HAL_Driver/stm32mp1xx_hal_tim.o
 .text.TIM_ETR_SetConfig
                0x0000000010009b3c       0x40 ./Drivers/STM32MP1xx_HAL_Driver/stm32mp1xx_hal_tim.o
                0x0000000010009b3c                TIM_ETR_SetConfig
 .text.TIM_CCxChannelCmd
                0x0000000010009b7c      0x110 ./Drivers/STM32MP1xx_HAL_Driver/stm32mp1xx_hal_tim.o
                0x0000000010009b7c                TIM_CCxChannelCmd
 .text.HAL_TIMEx_MasterConfigSynchronization
                0x0000000010009c8c      0x250 ./Drivers/STM32MP1xx_HAL_Driver/stm32mp1xx_hal_tim_ex.o
                0x0000000010009c8c                HAL_TIMEx_MasterConfigSynchronization
 .text.HAL_TIMEx_ConfigBreakDeadTime
                0x0000000010009edc      0x2f0 ./Drivers/STM32MP1xx_HAL_Driver/stm32mp1xx_hal_tim_ex.o
                0x0000000010009edc                HAL_TIMEx_ConfigBreakDeadTime
 .text.HAL_TIMEx_CommutCallback
                0x000000001000a1cc       0x14 ./Drivers/STM32MP1xx_HAL_Driver/stm32mp1xx_hal_tim_ex.o
                0x000000001000a1cc                HAL_TIMEx_CommutCallback
 .text.HAL_TIMEx_BreakCallback
                0x000000001000a1e0       0x14 ./Drivers/STM32MP1xx_HAL_Driver/stm32mp1xx_hal_tim_ex.o
                0x000000001000a1e0                HAL_TIMEx_BreakCallback
 .text.HAL_TIMEx_Break2Callback
                0x000000001000a1f4       0x14 ./Drivers/STM32MP1xx_HAL_Driver/stm32mp1xx_hal_tim_ex.o
                0x000000001000a1f4                HAL_TIMEx_Break2Callback
 .text.HAL_UART_Init
                0x000000001000a208      0x180 ./Drivers/STM32MP1xx_HAL_Driver/stm32mp1xx_hal_uart.o
                0x000000001000a208                HAL_UART_Init
 .text.HAL_UART_Transmit
                0x000000001000a388      0x12e ./Drivers/STM32MP1xx_HAL_Driver/stm32mp1xx_hal_uart.o
                0x000000001000a388                HAL_UART_Transmit
 *fill*         0x000000001000a4b6        0x2 
 .text.HAL_UART_IRQHandler
                0x000000001000a4b8      0x33c ./Drivers/STM32MP1xx_HAL_Driver/stm32mp1xx_hal_uart.o
                0x000000001000a4b8                HAL_UART_IRQHandler
 .text.HAL_UART_TxCpltCallback
                0x000000001000a7f4       0x14 ./Drivers/STM32MP1xx_HAL_Driver/stm32mp1xx_hal_uart.o
                0x000000001000a7f4                HAL_UART_TxCpltCallback
 .text.HAL_UART_ErrorCallback
                0x000000001000a808       0x14 ./Drivers/STM32MP1xx_HAL_Driver/stm32mp1xx_hal_uart.o
                0x000000001000a808                HAL_UART_ErrorCallback
 .text.UART_SetConfig
                0x000000001000a81c     0x12d4 ./Drivers/STM32MP1xx_HAL_Driver/stm32mp1xx_hal_uart.o
                0x000000001000a81c                UART_SetConfig
 .text.UART_AdvFeatureConfig
                0x000000001000baf0      0x2e4 ./Drivers/STM32MP1xx_HAL_Driver/stm32mp1xx_hal_uart.o
                0x000000001000baf0                UART_AdvFeatureConfig
 .text.UART_CheckIdleState
                0x000000001000bdd4       0x90 ./Drivers/STM32MP1xx_HAL_Driver/stm32mp1xx_hal_uart.o
                0x000000001000bdd4                UART_CheckIdleState
 .text.UART_WaitOnFlagUntilTimeout
                0x000000001000be64      0x100 ./Drivers/STM32MP1xx_HAL_Driver/stm32mp1xx_hal_uart.o
                0x000000001000be64                UART_WaitOnFlagUntilTimeout
 .text.UART_EndRxTransfer
                0x000000001000bf64       0x46 ./Drivers/STM32MP1xx_HAL_Driver/stm32mp1xx_hal_uart.o
 .text.UART_DMAAbortOnError
                0x000000001000bfaa       0x2c ./Drivers/STM32MP1xx_HAL_Driver/stm32mp1xx_hal_uart.o
 .text.UART_MDMAAbortOnError
                0x000000001000bfd6       0x2c ./Drivers/STM32MP1xx_HAL_Driver/stm32mp1xx_hal_uart.o
 .text.UART_EndTransmit_IT
                0x000000001000c002       0x34 ./Drivers/STM32MP1xx_HAL_Driver/stm32mp1xx_hal_uart.o
 .text.HAL_UARTEx_WakeupCallback
                0x000000001000c036       0x14 ./Drivers/STM32MP1xx_HAL_Driver/stm32mp1xx_hal_uart_ex.o
                0x000000001000c036                HAL_UARTEx_WakeupCallback
 .text.HAL_UARTEx_RxFifoFullCallback
                0x000000001000c04a       0x14 ./Drivers/STM32MP1xx_HAL_Driver/stm32mp1xx_hal_uart_ex.o
                0x000000001000c04a                HAL_UARTEx_RxFifoFullCallback
 .text.HAL_UARTEx_TxFifoEmptyCallback
                0x000000001000c05e       0x14 ./Drivers/STM32MP1xx_HAL_Driver/stm32mp1xx_hal_uart_ex.o
                0x000000001000c05e                HAL_UARTEx_TxFifoEmptyCallback
 *fill*         0x000000001000c072        0x2 
 .text.HAL_UARTEx_DisableFifoMode
                0x000000001000c074       0xe8 ./Drivers/STM32MP1xx_HAL_Driver/stm32mp1xx_hal_uart_ex.o
                0x000000001000c074                HAL_UARTEx_DisableFifoMode
 .text.HAL_UARTEx_SetTxFifoThreshold
                0x000000001000c15c      0x130 ./Drivers/STM32MP1xx_HAL_Driver/stm32mp1xx_hal_uart_ex.o
                0x000000001000c15c                HAL_UARTEx_SetTxFifoThreshold
 .text.HAL_UARTEx_SetRxFifoThreshold
                0x000000001000c28c      0x130 ./Drivers/STM32MP1xx_HAL_Driver/stm32mp1xx_hal_uart_ex.o
                0x000000001000c28c                HAL_UARTEx_SetRxFifoThreshold
 .text.UARTEx_SetNbDataToProcess
                0x000000001000c3bc       0xc8 ./Drivers/STM32MP1xx_HAL_Driver/stm32mp1xx_hal_uart_ex.o
 .text.Float2Byte
                0x000000001000c484       0x54 ./module/DataScope/Src/DataScope_DP.o
                0x000000001000c484                Float2Byte
 .text.DataScope_Get_Channel_Data
                0x000000001000c4d8       0xe8 ./module/DataScope/Src/DataScope_DP.o
                0x000000001000c4d8                DataScope_Get_Channel_Data
 .text.DataScope_Data_Generate
                0x000000001000c5c0       0xd4 ./module/DataScope/Src/DataScope_DP.o
                0x000000001000c5c0                DataScope_Data_Generate
 .text.DataScope
                0x000000001000c694       0x98 ./module/DataScope/Src/show.o
                0x000000001000c694                DataScope
 .text.BSP_Motor_Init
                0x000000001000c72c       0x54 ./module/motor/Src/BSP_Motor.o
                0x000000001000c72c                BSP_Motor_Init
 .text.HAL_TIM_PeriodElapsedCallback
                0x000000001000c780       0xe0 ./module/motor/Src/MotorPIControllerTest.o
                0x000000001000c780                HAL_TIM_PeriodElapsedCallback
 .text.Incremental_PI_Left
                0x000000001000c860       0xbc ./module/motor/Src/control.o
                0x000000001000c860                Incremental_PI_Left
 .text.Incremental_PI_Right
                0x000000001000c91c       0xbc ./module/motor/Src/control.o
                0x000000001000c91c                Incremental_PI_Right
 .text.Set_Pwm  0x000000001000c9d8       0x98 ./module/motor/Src/control.o
                0x000000001000c9d8                Set_Pwm
 .text.Xianfu_Pwm
                0x000000001000ca70       0x64 ./module/motor/Src/control.o
                0x000000001000ca70                Xianfu_Pwm
 .text.__libc_init_array
                0x000000001000cad4       0x48 c:/st/stm32cubeide_1.9.0/stm32cubeide/plugins/com.st.stm32cube.ide.mcu.externaltools.gnu-tools-for-stm32.10.3-2021.10.win32_1.0.0.202111181127/tools/bin/../lib/gcc/arm-none-eabi/10.3.1/../../../../arm-none-eabi/lib/thumb/v7e-m+fp/hard\libc_nano.a(lib_a-init.o)
                0x000000001000cad4                __libc_init_array
 .text.memset   0x000000001000cb1c       0x10 c:/st/stm32cubeide_1.9.0/stm32cubeide/plugins/com.st.stm32cube.ide.mcu.externaltools.gnu-tools-for-stm32.10.3-2021.10.win32_1.0.0.202111181127/tools/bin/../lib/gcc/arm-none-eabi/10.3.1/../../../../arm-none-eabi/lib/thumb/v7e-m+fp/hard\libc_nano.a(lib_a-memset.o)
                0x000000001000cb1c                memset
 *(.glue_7)
 .glue_7        0x000000001000cb2c        0x0 linker stubs
 *(.glue_7t)
 .glue_7t       0x000000001000cb2c        0x0 linker stubs
 *(.eh_frame)
 .eh_frame      0x000000001000cb2c        0x0 c:/st/stm32cubeide_1.9.0/stm32cubeide/plugins/com.st.stm32cube.ide.mcu.externaltools.gnu-tools-for-stm32.10.3-2021.10.win32_1.0.0.202111181127/tools/bin/../lib/gcc/arm-none-eabi/10.3.1/thumb/v7e-m+fp/hard/crtbegin.o
 *(.init)
 .init          0x000000001000cb2c        0x4 c:/st/stm32cubeide_1.9.0/stm32cubeide/plugins/com.st.stm32cube.ide.mcu.externaltools.gnu-tools-for-stm32.10.3-2021.10.win32_1.0.0.202111181127/tools/bin/../lib/gcc/arm-none-eabi/10.3.1/thumb/v7e-m+fp/hard/crti.o
                0x000000001000cb2c                _init
 .init          0x000000001000cb30        0x8 c:/st/stm32cubeide_1.9.0/stm32cubeide/plugins/com.st.stm32cube.ide.mcu.externaltools.gnu-tools-for-stm32.10.3-2021.10.win32_1.0.0.202111181127/tools/bin/../lib/gcc/arm-none-eabi/10.3.1/thumb/v7e-m+fp/hard/crtn.o
 *(.fini)
 .fini          0x000000001000cb38        0x4 c:/st/stm32cubeide_1.9.0/stm32cubeide/plugins/com.st.stm32cube.ide.mcu.externaltools.gnu-tools-for-stm32.10.3-2021.10.win32_1.0.0.202111181127/tools/bin/../lib/gcc/arm-none-eabi/10.3.1/thumb/v7e-m+fp/hard/crti.o
                0x000000001000cb38                _fini
 .fini          0x000000001000cb3c        0x8 c:/st/stm32cubeide_1.9.0/stm32cubeide/plugins/com.st.stm32cube.ide.mcu.externaltools.gnu-tools-for-stm32.10.3-2021.10.win32_1.0.0.202111181127/tools/bin/../lib/gcc/arm-none-eabi/10.3.1/thumb/v7e-m+fp/hard/crtn.o
                0x000000001000cb44                . = ALIGN (0x4)
                0x000000001000cb44                _etext = .

.vfp11_veneer   0x000000001000cb44        0x0
 .vfp11_veneer  0x000000001000cb44        0x0 linker stubs

.v4_bx          0x000000001000cb44        0x0
 .v4_bx         0x000000001000cb44        0x0 linker stubs

.iplt           0x000000001000cb44        0x0
 .iplt          0x000000001000cb44        0x0 c:/st/stm32cubeide_1.9.0/stm32cubeide/plugins/com.st.stm32cube.ide.mcu.externaltools.gnu-tools-for-stm32.10.3-2021.10.win32_1.0.0.202111181127/tools/bin/../lib/gcc/arm-none-eabi/10.3.1/thumb/v7e-m+fp/hard/crtbegin.o

.startup_copro_fw.Reset_Handler
                0x000000001000cb44       0x50
 .startup_copro_fw.Reset_Handler
                0x000000001000cb44       0x50 ./Core/Startup/startup_stm32mp157aacx.o
                0x000000001000cb44                Reset_Handler

.rodata         0x000000001000cb94      0x468
                0x000000001000cb94                . = ALIGN (0x4)
 *(.rodata)
 .rodata        0x000000001000cb94       0x6f ./Drivers/STM32MP1xx_HAL_Driver/stm32mp1xx_hal_cortex.o
 *fill*         0x000000001000cc03        0x1 
 .rodata        0x000000001000cc04       0x6d ./Drivers/STM32MP1xx_HAL_Driver/stm32mp1xx_hal_gpio.o
 *fill*         0x000000001000cc71        0x3 
 .rodata        0x000000001000cc74       0x6d ./Drivers/STM32MP1xx_HAL_Driver/stm32mp1xx_hal_ipcc.o
 *fill*         0x000000001000cce1        0x3 
 .rodata        0x000000001000cce4       0x6e ./Drivers/STM32MP1xx_HAL_Driver/stm32mp1xx_hal_lptim.o
 *fill*         0x000000001000cd52        0x2 
 .rodata        0x000000001000cd54       0x6c ./Drivers/STM32MP1xx_HAL_Driver/stm32mp1xx_hal_rcc.o
 .rodata        0x000000001000cdc0       0x6f ./Drivers/STM32MP1xx_HAL_Driver/stm32mp1xx_hal_rcc_ex.o
 *fill*         0x000000001000ce2f        0x1 
 .rodata        0x000000001000ce30       0x6c ./Drivers/STM32MP1xx_HAL_Driver/stm32mp1xx_hal_tim.o
 .rodata        0x000000001000ce9c       0x6f ./Drivers/STM32MP1xx_HAL_Driver/stm32mp1xx_hal_tim_ex.o
 *fill*         0x000000001000cf0b        0x1 
 .rodata        0x000000001000cf0c       0x6d ./Drivers/STM32MP1xx_HAL_Driver/stm32mp1xx_hal_uart.o
 *fill*         0x000000001000cf79        0x3 
 .rodata        0x000000001000cf7c       0x80 ./Drivers/STM32MP1xx_HAL_Driver/stm32mp1xx_hal_uart_ex.o
 *(.rodata*)
                0x000000001000cffc                . = ALIGN (0x4)

.rel.dyn        0x000000001000cffc        0x0
 .rel.iplt      0x000000001000cffc        0x0 c:/st/stm32cubeide_1.9.0/stm32cubeide/plugins/com.st.stm32cube.ide.mcu.externaltools.gnu-tools-for-stm32.10.3-2021.10.win32_1.0.0.202111181127/tools/bin/../lib/gcc/arm-none-eabi/10.3.1/thumb/v7e-m+fp/hard/crtbegin.o

.ARM.extab      0x000000001000cffc        0x0
                0x000000001000cffc                . = ALIGN (0x4)
 *(.ARM.extab* .gnu.linkonce.armextab.*)
                0x000000001000cffc                . = ALIGN (0x4)

.ARM            0x000000001000cffc        0x0
                0x000000001000cffc                . = ALIGN (0x4)
                0x000000001000cffc                __exidx_start = .
 *(.ARM.exidx*)
                0x000000001000cffc                __exidx_end = .
                0x000000001000cffc                . = ALIGN (0x4)

.preinit_array  0x000000001000cffc        0x0
                0x000000001000cffc                . = ALIGN (0x4)
                0x000000001000cffc                PROVIDE (__preinit_array_start = .)
 *(.preinit_array*)
                0x000000001000cffc                PROVIDE (__preinit_array_end = .)
                0x000000001000cffc                . = ALIGN (0x4)

.init_array     0x000000001000cffc        0x4
                0x000000001000cffc                . = ALIGN (0x4)
                0x000000001000cffc                PROVIDE (__init_array_start = .)
 *(SORT_BY_NAME(.init_array.*))
 *(.init_array*)
 .init_array    0x000000001000cffc        0x4 c:/st/stm32cubeide_1.9.0/stm32cubeide/plugins/com.st.stm32cube.ide.mcu.externaltools.gnu-tools-for-stm32.10.3-2021.10.win32_1.0.0.202111181127/tools/bin/../lib/gcc/arm-none-eabi/10.3.1/thumb/v7e-m+fp/hard/crtbegin.o
                0x000000001000d000                PROVIDE (__init_array_end = .)
                0x000000001000d000                . = ALIGN (0x4)

.fini_array     0x000000001000d000        0x4
                0x000000001000d000                . = ALIGN (0x4)
                [!provide]                        PROVIDE (__fini_array_start = .)
 *(SORT_BY_NAME(.fini_array.*))
 *(.fini_array*)
 .fini_array    0x000000001000d000        0x4 c:/st/stm32cubeide_1.9.0/stm32cubeide/plugins/com.st.stm32cube.ide.mcu.externaltools.gnu-tools-for-stm32.10.3-2021.10.win32_1.0.0.202111181127/tools/bin/../lib/gcc/arm-none-eabi/10.3.1/thumb/v7e-m+fp/hard/crtbegin.o
                [!provide]                        PROVIDE (__fini_array_end = .)
                0x000000001000d004                . = ALIGN (0x4)
                0x000000001000d004                __DATA_ROM = .
                0x000000001000d004                _sidata = LOADADDR (.data)

.data           0x0000000010020000       0x14 load address 0x000000001000d004
                0x0000000010020000                . = ALIGN (0x4)
                0x0000000010020000                _sdata = .
 *(.data)
 *(.data*)
 .data.SystemCoreClock
                0x0000000010020000        0x4 ./Common/System/system_stm32mp1xx.o
                0x0000000010020000                SystemCoreClock
 .data.uwTickPrio
                0x0000000010020004        0x4 ./Drivers/STM32MP1xx_HAL_Driver/stm32mp1xx_hal.o
                0x0000000010020004                uwTickPrio
 .data.uwTickFreq
                0x0000000010020008        0x1 ./Drivers/STM32MP1xx_HAL_Driver/stm32mp1xx_hal.o
                0x0000000010020008                uwTickFreq
 *fill*         0x0000000010020009        0x3 
 .data.Velocity_KP
                0x000000001002000c        0x4 ./module/motor/Src/control.o
                0x000000001002000c                Velocity_KP
 .data.Velocity_KI
                0x0000000010020010        0x4 ./module/motor/Src/control.o
                0x0000000010020010                Velocity_KI
                0x0000000010020014                . = ALIGN (0x4)
                0x0000000010020014                _edata = .
                0x000000001000d018                __DATA_END = (__DATA_ROM + (_edata - _sdata))
                0x0000000010020000                text_end = (ORIGIN (SRAM1_text) + LENGTH (SRAM1_text))
                0x0000000000000001                ASSERT ((__DATA_END <= text_end), region SRAM1_text overflowed with text and data)

.igot.plt       0x0000000010020014        0x0 load address 0x000000001000d018
 .igot.plt      0x0000000010020014        0x0 c:/st/stm32cubeide_1.9.0/stm32cubeide/plugins/com.st.stm32cube.ide.mcu.externaltools.gnu-tools-for-stm32.10.3-2021.10.win32_1.0.0.202111181127/tools/bin/../lib/gcc/arm-none-eabi/10.3.1/thumb/v7e-m+fp/hard/crtbegin.o

.resource_table
                0x0000000010020014        0x0
                0x0000000010020014                . = ALIGN (0x4)
 *(.resource_table*)
                0x0000000010020014                . = ALIGN (0x4)
                0x0000000010020014                . = ALIGN (0x4)

.bss            0x0000000010020014      0x300 load address 0x000000001000d018
                0x0000000010020014                _sbss = .
                0x0000000010020014                __bss_start__ = _sbss
 *(.bss)
 .bss           0x0000000010020014       0x1c c:/st/stm32cubeide_1.9.0/stm32cubeide/plugins/com.st.stm32cube.ide.mcu.externaltools.gnu-tools-for-stm32.10.3-2021.10.win32_1.0.0.202111181127/tools/bin/../lib/gcc/arm-none-eabi/10.3.1/thumb/v7e-m+fp/hard/crtbegin.o
 *(.bss*)
 .bss.hipcc     0x0000000010020030       0x3c ./Core/Src/ipcc.o
                0x0000000010020030                hipcc
 .bss.hlptim1   0x000000001002006c       0x38 ./Core/Src/lptim.o
                0x000000001002006c                hlptim1
 .bss.hlptim2   0x00000000100200a4       0x38 ./Core/Src/lptim.o
                0x00000000100200a4                hlptim2
 .bss.htim1     0x00000000100200dc       0x40 ./Core/Src/tim.o
                0x00000000100200dc                htim1
 .bss.htim13    0x000000001002011c       0x40 ./Core/Src/tim.o
                0x000000001002011c                htim13
 .bss.htim14    0x000000001002015c       0x40 ./Core/Src/tim.o
                0x000000001002015c                htim14
 .bss.htim16    0x000000001002019c       0x40 ./Core/Src/tim.o
                0x000000001002019c                htim16
 .bss.htim17    0x00000000100201dc       0x40 ./Core/Src/tim.o
                0x00000000100201dc                htim17
 .bss.huart5    0x000000001002021c       0x94 ./Core/Src/usart.o
                0x000000001002021c                huart5
 .bss.uwTick    0x00000000100202b0        0x4 ./Drivers/STM32MP1xx_HAL_Driver/stm32mp1xx_hal.o
                0x00000000100202b0                uwTick
 .bss.DataScope_OutPut_Buffer
                0x00000000100202b4       0x2a ./module/DataScope/Src/DataScope_DP.o
                0x00000000100202b4                DataScope_OutPut_Buffer
 *fill*         0x00000000100202de        0x2 
 .bss.temp_count
                0x00000000100202e0        0x4 ./module/motor/Src/MotorPIControllerTest.o
                0x00000000100202e0                temp_count
 .bss.Motor_Left
                0x00000000100202e4        0x4 ./module/motor/Src/control.o
                0x00000000100202e4                Motor_Left
 .bss.Motor_Right
                0x00000000100202e8        0x4 ./module/motor/Src/control.o
                0x00000000100202e8                Motor_Right
 .bss.Target_Left
                0x00000000100202ec        0x4 ./module/motor/Src/control.o
                0x00000000100202ec                Target_Left
 .bss.Target_Right
                0x00000000100202f0        0x4 ./module/motor/Src/control.o
                0x00000000100202f0                Target_Right
 .bss.Encoder_Left
                0x00000000100202f4        0x4 ./module/motor/Src/control.o
                0x00000000100202f4                Encoder_Left
 .bss.Encoder_Right
                0x00000000100202f8        0x4 ./module/motor/Src/control.o
                0x00000000100202f8                Encoder_Right
 .bss.Bias.5    0x00000000100202fc        0x4 ./module/motor/Src/control.o
 .bss.Pwm.4     0x0000000010020300        0x4 ./module/motor/Src/control.o
 .bss.Last_bias.3
                0x0000000010020304        0x4 ./module/motor/Src/control.o
 .bss.Bias.2    0x0000000010020308        0x4 ./module/motor/Src/control.o
 .bss.Pwm.1     0x000000001002030c        0x4 ./module/motor/Src/control.o
 .bss.Last_bias.0
                0x0000000010020310        0x4 ./module/motor/Src/control.o
 *(COMMON)
                0x0000000010020314                . = ALIGN (0x4)
                0x0000000010020314                _ebss = .
                0x0000000010020314                __bss_end__ = _ebss

._user_heap_stack
                0x0000000010020314      0x604 load address 0x000000001000d318
                0x0000000010020318                . = ALIGN (0x8)
 *fill*         0x0000000010020314        0x4 
                [!provide]                        PROVIDE (end = .)
                0x0000000010020318                PROVIDE (_end = .)
                0x0000000010020518                . = (. + _Min_Heap_Size)
 *fill*         0x0000000010020318      0x200 
                0x0000000010020918                . = (. + _Min_Stack_Size)
 *fill*         0x0000000010020518      0x400 
                0x0000000010020918                . = ALIGN (0x8)

/DISCARD/
 libc.a(*)
 libm.a(*)
 libgcc.a(*)

.ARM.attributes
                0x0000000000000000       0x30
 *(.ARM.attributes)
 .ARM.attributes
                0x0000000000000000       0x1e c:/st/stm32cubeide_1.9.0/stm32cubeide/plugins/com.st.stm32cube.ide.mcu.externaltools.gnu-tools-for-stm32.10.3-2021.10.win32_1.0.0.202111181127/tools/bin/../lib/gcc/arm-none-eabi/10.3.1/thumb/v7e-m+fp/hard/crti.o
 .ARM.attributes
                0x000000000000001e       0x34 c:/st/stm32cubeide_1.9.0/stm32cubeide/plugins/com.st.stm32cube.ide.mcu.externaltools.gnu-tools-for-stm32.10.3-2021.10.win32_1.0.0.202111181127/tools/bin/../lib/gcc/arm-none-eabi/10.3.1/thumb/v7e-m+fp/hard/crtbegin.o
 .ARM.attributes
                0x0000000000000052       0x34 ./Common/System/system_stm32mp1xx.o
 .ARM.attributes
                0x0000000000000086       0x34 ./Core/Src/gpio.o
 .ARM.attributes
                0x00000000000000ba       0x34 ./Core/Src/ipcc.o
 .ARM.attributes
                0x00000000000000ee       0x34 ./Core/Src/lptim.o
 .ARM.attributes
                0x0000000000000122       0x34 ./Core/Src/main.o
 .ARM.attributes
                0x0000000000000156       0x34 ./Core/Src/stm32mp1xx_hal_msp.o
 .ARM.attributes
                0x000000000000018a       0x34 ./Core/Src/stm32mp1xx_it.o
 .ARM.attributes
                0x00000000000001be       0x34 ./Core/Src/tim.o
 .ARM.attributes
                0x00000000000001f2       0x34 ./Core/Src/usart.o
 .ARM.attributes
                0x0000000000000226       0x21 ./Core/Startup/startup_stm32mp157aacx.o
 .ARM.attributes
                0x0000000000000247       0x34 ./Drivers/STM32MP1xx_HAL_Driver/stm32mp1xx_hal.o
 .ARM.attributes
                0x000000000000027b       0x34 ./Drivers/STM32MP1xx_HAL_Driver/stm32mp1xx_hal_cortex.o
 .ARM.attributes
                0x00000000000002af       0x34 ./Drivers/STM32MP1xx_HAL_Driver/stm32mp1xx_hal_dma.o
 .ARM.attributes
                0x00000000000002e3       0x34 ./Drivers/STM32MP1xx_HAL_Driver/stm32mp1xx_hal_gpio.o
 .ARM.attributes
                0x0000000000000317       0x34 ./Drivers/STM32MP1xx_HAL_Driver/stm32mp1xx_hal_ipcc.o
 .ARM.attributes
                0x000000000000034b       0x34 ./Drivers/STM32MP1xx_HAL_Driver/stm32mp1xx_hal_lptim.o
 .ARM.attributes
                0x000000000000037f       0x34 ./Drivers/STM32MP1xx_HAL_Driver/stm32mp1xx_hal_mdma.o
 .ARM.attributes
                0x00000000000003b3       0x34 ./Drivers/STM32MP1xx_HAL_Driver/stm32mp1xx_hal_rcc.o
 .ARM.attributes
                0x00000000000003e7       0x34 ./Drivers/STM32MP1xx_HAL_Driver/stm32mp1xx_hal_rcc_ex.o
 .ARM.attributes
                0x000000000000041b       0x34 ./Drivers/STM32MP1xx_HAL_Driver/stm32mp1xx_hal_tim.o
 .ARM.attributes
                0x000000000000044f       0x34 ./Drivers/STM32MP1xx_HAL_Driver/stm32mp1xx_hal_tim_ex.o
 .ARM.attributes
                0x0000000000000483       0x34 ./Drivers/STM32MP1xx_HAL_Driver/stm32mp1xx_hal_uart.o
 .ARM.attributes
                0x00000000000004b7       0x34 ./Drivers/STM32MP1xx_HAL_Driver/stm32mp1xx_hal_uart_ex.o
 .ARM.attributes
                0x00000000000004eb       0x34 ./module/DataScope/Src/DataScope_DP.o
 .ARM.attributes
                0x000000000000051f       0x34 ./module/DataScope/Src/show.o
 .ARM.attributes
                0x0000000000000553       0x34 ./module/motor/Src/BSP_Motor.o
 .ARM.attributes
                0x0000000000000587       0x34 ./module/motor/Src/MotorPIControllerTest.o
 .ARM.attributes
                0x00000000000005bb       0x34 ./module/motor/Src/control.o
 .ARM.attributes
                0x00000000000005ef       0x34 c:/st/stm32cubeide_1.9.0/stm32cubeide/plugins/com.st.stm32cube.ide.mcu.externaltools.gnu-tools-for-stm32.10.3-2021.10.win32_1.0.0.202111181127/tools/bin/../lib/gcc/arm-none-eabi/10.3.1/../../../../arm-none-eabi/lib/thumb/v7e-m+fp/hard\libc_nano.a(lib_a-init.o)
 .ARM.attributes
                0x0000000000000623       0x34 c:/st/stm32cubeide_1.9.0/stm32cubeide/plugins/com.st.stm32cube.ide.mcu.externaltools.gnu-tools-for-stm32.10.3-2021.10.win32_1.0.0.202111181127/tools/bin/../lib/gcc/arm-none-eabi/10.3.1/../../../../arm-none-eabi/lib/thumb/v7e-m+fp/hard\libc_nano.a(lib_a-memset.o)
 .ARM.attributes
                0x0000000000000657       0x1e c:/st/stm32cubeide_1.9.0/stm32cubeide/plugins/com.st.stm32cube.ide.mcu.externaltools.gnu-tools-for-stm32.10.3-2021.10.win32_1.0.0.202111181127/tools/bin/../lib/gcc/arm-none-eabi/10.3.1/thumb/v7e-m+fp/hard/crtn.o
OUTPUT(MP1D_CM4.elf elf32-littlearm)
LOAD linker stubs
LOAD c:/st/stm32cubeide_1.9.0/stm32cubeide/plugins/com.st.stm32cube.ide.mcu.externaltools.gnu-tools-for-stm32.10.3-2021.10.win32_1.0.0.202111181127/tools/bin/../lib/gcc/arm-none-eabi/10.3.1/../../../../arm-none-eabi/lib/thumb/v7e-m+fp/hard\libc.a
LOAD c:/st/stm32cubeide_1.9.0/stm32cubeide/plugins/com.st.stm32cube.ide.mcu.externaltools.gnu-tools-for-stm32.10.3-2021.10.win32_1.0.0.202111181127/tools/bin/../lib/gcc/arm-none-eabi/10.3.1/../../../../arm-none-eabi/lib/thumb/v7e-m+fp/hard\libm.a
LOAD c:/st/stm32cubeide_1.9.0/stm32cubeide/plugins/com.st.stm32cube.ide.mcu.externaltools.gnu-tools-for-stm32.10.3-2021.10.win32_1.0.0.202111181127/tools/bin/../lib/gcc/arm-none-eabi/10.3.1/thumb/v7e-m+fp/hard\libgcc.a

.debug_info     0x0000000000000000    0x24374
 .debug_info    0x0000000000000000     0x1303 ./Common/System/system_stm32mp1xx.o
 .debug_info    0x0000000000001303     0x12cb ./Core/Src/gpio.o
 .debug_info    0x00000000000025ce     0x16cc ./Core/Src/ipcc.o
 .debug_info    0x0000000000003c9a     0x1b12 ./Core/Src/lptim.o
 .debug_info    0x00000000000057ac     0x1d38 ./Core/Src/main.o
 .debug_info    0x00000000000074e4     0x143d ./Core/Src/stm32mp1xx_hal_msp.o
 .debug_info    0x0000000000008921     0x1332 ./Core/Src/stm32mp1xx_it.o
 .debug_info    0x0000000000009c53     0x2296 ./Core/Src/tim.o
 .debug_info    0x000000000000bee9     0x2824 ./Core/Src/usart.o
 .debug_info    0x000000000000e70d       0x22 ./Core/Startup/startup_stm32mp157aacx.o
 .debug_info    0x000000000000e72f      0xe2a ./Drivers/STM32MP1xx_HAL_Driver/stm32mp1xx_hal.o
 .debug_info    0x000000000000f559      0xf5f ./Drivers/STM32MP1xx_HAL_Driver/stm32mp1xx_hal_cortex.o
 .debug_info    0x00000000000104b8      0xb84 ./Drivers/STM32MP1xx_HAL_Driver/stm32mp1xx_hal_dma.o
 .debug_info    0x000000000001103c      0xa57 ./Drivers/STM32MP1xx_HAL_Driver/stm32mp1xx_hal_gpio.o
 .debug_info    0x0000000000011a93      0x8c7 ./Drivers/STM32MP1xx_HAL_Driver/stm32mp1xx_hal_ipcc.o
 .debug_info    0x000000000001235a     0x1d35 ./Drivers/STM32MP1xx_HAL_Driver/stm32mp1xx_hal_lptim.o
 .debug_info    0x000000000001408f      0xd7c ./Drivers/STM32MP1xx_HAL_Driver/stm32mp1xx_hal_mdma.o
 .debug_info    0x0000000000014e0b     0x1e7c ./Drivers/STM32MP1xx_HAL_Driver/stm32mp1xx_hal_rcc.o
 .debug_info    0x0000000000016c87     0x1950 ./Drivers/STM32MP1xx_HAL_Driver/stm32mp1xx_hal_rcc_ex.o
 .debug_info    0x00000000000185d7     0x29b7 ./Drivers/STM32MP1xx_HAL_Driver/stm32mp1xx_hal_tim.o
 .debug_info    0x000000000001af8e     0x1789 ./Drivers/STM32MP1xx_HAL_Driver/stm32mp1xx_hal_tim_ex.o
 .debug_info    0x000000000001c717     0x305c ./Drivers/STM32MP1xx_HAL_Driver/stm32mp1xx_hal_uart.o
 .debug_info    0x000000000001f773     0x1164 ./Drivers/STM32MP1xx_HAL_Driver/stm32mp1xx_hal_uart_ex.o
 .debug_info    0x00000000000208d7      0x127 ./module/DataScope/Src/DataScope_DP.o
 .debug_info    0x00000000000209fe      0xd8d ./module/DataScope/Src/show.o
 .debug_info    0x000000000002178b      0xdb2 ./module/motor/Src/BSP_Motor.o
 .debug_info    0x000000000002253d      0xf29 ./module/motor/Src/MotorPIControllerTest.o
 .debug_info    0x0000000000023466      0xf0e ./module/motor/Src/control.o

.debug_abbrev   0x0000000000000000     0x39a0
 .debug_abbrev  0x0000000000000000      0x125 ./Common/System/system_stm32mp1xx.o
 .debug_abbrev  0x0000000000000125      0x143 ./Core/Src/gpio.o
 .debug_abbrev  0x0000000000000268      0x1c3 ./Core/Src/ipcc.o
 .debug_abbrev  0x000000000000042b      0x1dc ./Core/Src/lptim.o
 .debug_abbrev  0x0000000000000607      0x26c ./Core/Src/main.o
 .debug_abbrev  0x0000000000000873       0xf2 ./Core/Src/stm32mp1xx_hal_msp.o
 .debug_abbrev  0x0000000000000965      0x1d6 ./Core/Src/stm32mp1xx_it.o
 .debug_abbrev  0x0000000000000b3b      0x25f ./Core/Src/tim.o
 .debug_abbrev  0x0000000000000d9a      0x256 ./Core/Src/usart.o
 .debug_abbrev  0x0000000000000ff0       0x12 ./Core/Startup/startup_stm32mp157aacx.o
 .debug_abbrev  0x0000000000001002      0x2ad ./Drivers/STM32MP1xx_HAL_Driver/stm32mp1xx_hal.o
 .debug_abbrev  0x00000000000012af      0x32b ./Drivers/STM32MP1xx_HAL_Driver/stm32mp1xx_hal_cortex.o
 .debug_abbrev  0x00000000000015da      0x26e ./Drivers/STM32MP1xx_HAL_Driver/stm32mp1xx_hal_dma.o
 .debug_abbrev  0x0000000000001848      0x1f7 ./Drivers/STM32MP1xx_HAL_Driver/stm32mp1xx_hal_gpio.o
 .debug_abbrev  0x0000000000001a3f      0x283 ./Drivers/STM32MP1xx_HAL_Driver/stm32mp1xx_hal_ipcc.o
 .debug_abbrev  0x0000000000001cc2      0x28f ./Drivers/STM32MP1xx_HAL_Driver/stm32mp1xx_hal_lptim.o
 .debug_abbrev  0x0000000000001f51      0x24d ./Drivers/STM32MP1xx_HAL_Driver/stm32mp1xx_hal_mdma.o
 .debug_abbrev  0x000000000000219e      0x2b9 ./Drivers/STM32MP1xx_HAL_Driver/stm32mp1xx_hal_rcc.o
 .debug_abbrev  0x0000000000002457      0x24c ./Drivers/STM32MP1xx_HAL_Driver/stm32mp1xx_hal_rcc_ex.o
 .debug_abbrev  0x00000000000026a3      0x27d ./Drivers/STM32MP1xx_HAL_Driver/stm32mp1xx_hal_tim.o
 .debug_abbrev  0x0000000000002920      0x280 ./Drivers/STM32MP1xx_HAL_Driver/stm32mp1xx_hal_tim_ex.o
 .debug_abbrev  0x0000000000002ba0      0x27f ./Drivers/STM32MP1xx_HAL_Driver/stm32mp1xx_hal_uart.o
 .debug_abbrev  0x0000000000002e1f      0x258 ./Drivers/STM32MP1xx_HAL_Driver/stm32mp1xx_hal_uart_ex.o
 .debug_abbrev  0x0000000000003077       0xe8 ./module/DataScope/Src/DataScope_DP.o
 .debug_abbrev  0x000000000000315f      0x1a3 ./module/DataScope/Src/show.o
 .debug_abbrev  0x0000000000003302      0x219 ./module/motor/Src/BSP_Motor.o
 .debug_abbrev  0x000000000000351b      0x22a ./module/motor/Src/MotorPIControllerTest.o
 .debug_abbrev  0x0000000000003745      0x25b ./module/motor/Src/control.o

.debug_aranges  0x0000000000000000     0x13d0
 .debug_aranges
                0x0000000000000000       0x28 ./Common/System/system_stm32mp1xx.o
 .debug_aranges
                0x0000000000000028       0x20 ./Core/Src/gpio.o
 .debug_aranges
                0x0000000000000048       0x30 ./Core/Src/ipcc.o
 .debug_aranges
                0x0000000000000078       0x38 ./Core/Src/lptim.o
 .debug_aranges
                0x00000000000000b0       0x38 ./Core/Src/main.o
 .debug_aranges
                0x00000000000000e8       0x20 ./Core/Src/stm32mp1xx_hal_msp.o
 .debug_aranges
                0x0000000000000108       0x88 ./Core/Src/stm32mp1xx_it.o
 .debug_aranges
                0x0000000000000190       0x58 ./Core/Src/tim.o
 .debug_aranges
                0x00000000000001e8       0x30 ./Core/Src/usart.o
 .debug_aranges
                0x0000000000000218       0x28 ./Core/Startup/startup_stm32mp157aacx.o
 .debug_aranges
                0x0000000000000240      0x160 ./Drivers/STM32MP1xx_HAL_Driver/stm32mp1xx_hal.o
 .debug_aranges
                0x00000000000003a0      0x100 ./Drivers/STM32MP1xx_HAL_Driver/stm32mp1xx_hal_cortex.o
 .debug_aranges
                0x00000000000004a0       0xa0 ./Drivers/STM32MP1xx_HAL_Driver/stm32mp1xx_hal_dma.o
 .debug_aranges
                0x0000000000000540       0x60 ./Drivers/STM32MP1xx_HAL_Driver/stm32mp1xx_hal_gpio.o
 .debug_aranges
                0x00000000000005a0       0xa0 ./Drivers/STM32MP1xx_HAL_Driver/stm32mp1xx_hal_ipcc.o
 .debug_aranges
                0x0000000000000640      0x168 ./Drivers/STM32MP1xx_HAL_Driver/stm32mp1xx_hal_lptim.o
 .debug_aranges
                0x00000000000007a8       0xd0 ./Drivers/STM32MP1xx_HAL_Driver/stm32mp1xx_hal_mdma.o
 .debug_aranges
                0x0000000000000878      0x160 ./Drivers/STM32MP1xx_HAL_Driver/stm32mp1xx_hal_rcc.o
 .debug_aranges
                0x00000000000009d8       0x58 ./Drivers/STM32MP1xx_HAL_Driver/stm32mp1xx_hal_rcc_ex.o
 .debug_aranges
                0x0000000000000a30      0x3b8 ./Drivers/STM32MP1xx_HAL_Driver/stm32mp1xx_hal_tim.o
 .debug_aranges
                0x0000000000000de8      0x180 ./Drivers/STM32MP1xx_HAL_Driver/stm32mp1xx_hal_tim_ex.o
 .debug_aranges
                0x0000000000000f68      0x270 ./Drivers/STM32MP1xx_HAL_Driver/stm32mp1xx_hal_uart.o
 .debug_aranges
                0x00000000000011d8       0x88 ./Drivers/STM32MP1xx_HAL_Driver/stm32mp1xx_hal_uart_ex.o
 .debug_aranges
                0x0000000000001260       0x30 ./module/DataScope/Src/DataScope_DP.o
 .debug_aranges
                0x0000000000001290       0x20 ./module/DataScope/Src/show.o
 .debug_aranges
                0x00000000000012b0       0x80 ./module/motor/Src/BSP_Motor.o
 .debug_aranges
                0x0000000000001330       0x50 ./module/motor/Src/MotorPIControllerTest.o
 .debug_aranges
                0x0000000000001380       0x50 ./module/motor/Src/control.o

.debug_ranges   0x0000000000000000     0x1218
 .debug_ranges  0x0000000000000000       0x18 ./Common/System/system_stm32mp1xx.o
 .debug_ranges  0x0000000000000018       0x10 ./Core/Src/gpio.o
 .debug_ranges  0x0000000000000028       0x20 ./Core/Src/ipcc.o
 .debug_ranges  0x0000000000000048       0x28 ./Core/Src/lptim.o
 .debug_ranges  0x0000000000000070       0x28 ./Core/Src/main.o
 .debug_ranges  0x0000000000000098       0x10 ./Core/Src/stm32mp1xx_hal_msp.o
 .debug_ranges  0x00000000000000a8       0x78 ./Core/Src/stm32mp1xx_it.o
 .debug_ranges  0x0000000000000120       0x48 ./Core/Src/tim.o
 .debug_ranges  0x0000000000000168       0x20 ./Core/Src/usart.o
 .debug_ranges  0x0000000000000188       0x20 ./Core/Startup/startup_stm32mp157aacx.o
 .debug_ranges  0x00000000000001a8      0x150 ./Drivers/STM32MP1xx_HAL_Driver/stm32mp1xx_hal.o
 .debug_ranges  0x00000000000002f8       0xf0 ./Drivers/STM32MP1xx_HAL_Driver/stm32mp1xx_hal_cortex.o
 .debug_ranges  0x00000000000003e8       0x90 ./Drivers/STM32MP1xx_HAL_Driver/stm32mp1xx_hal_dma.o
 .debug_ranges  0x0000000000000478       0x50 ./Drivers/STM32MP1xx_HAL_Driver/stm32mp1xx_hal_gpio.o
 .debug_ranges  0x00000000000004c8       0x90 ./Drivers/STM32MP1xx_HAL_Driver/stm32mp1xx_hal_ipcc.o
 .debug_ranges  0x0000000000000558      0x158 ./Drivers/STM32MP1xx_HAL_Driver/stm32mp1xx_hal_lptim.o
 .debug_ranges  0x00000000000006b0       0xc0 ./Drivers/STM32MP1xx_HAL_Driver/stm32mp1xx_hal_mdma.o
 .debug_ranges  0x0000000000000770      0x150 ./Drivers/STM32MP1xx_HAL_Driver/stm32mp1xx_hal_rcc.o
 .debug_ranges  0x00000000000008c0       0x48 ./Drivers/STM32MP1xx_HAL_Driver/stm32mp1xx_hal_rcc_ex.o
 .debug_ranges  0x0000000000000908      0x3a8 ./Drivers/STM32MP1xx_HAL_Driver/stm32mp1xx_hal_tim.o
 .debug_ranges  0x0000000000000cb0      0x170 ./Drivers/STM32MP1xx_HAL_Driver/stm32mp1xx_hal_tim_ex.o
 .debug_ranges  0x0000000000000e20      0x260 ./Drivers/STM32MP1xx_HAL_Driver/stm32mp1xx_hal_uart.o
 .debug_ranges  0x0000000000001080       0x78 ./Drivers/STM32MP1xx_HAL_Driver/stm32mp1xx_hal_uart_ex.o
 .debug_ranges  0x00000000000010f8       0x20 ./module/DataScope/Src/DataScope_DP.o
 .debug_ranges  0x0000000000001118       0x10 ./module/DataScope/Src/show.o
 .debug_ranges  0x0000000000001128       0x70 ./module/motor/Src/BSP_Motor.o
 .debug_ranges  0x0000000000001198       0x40 ./module/motor/Src/MotorPIControllerTest.o
 .debug_ranges  0x00000000000011d8       0x40 ./module/motor/Src/control.o

.debug_macro    0x0000000000000000    0x4b5c7
 .debug_macro   0x0000000000000000      0x338 ./Common/System/system_stm32mp1xx.o
 .debug_macro   0x0000000000000338      0xa7e ./Common/System/system_stm32mp1xx.o
 .debug_macro   0x0000000000000db6       0xf9 ./Common/System/system_stm32mp1xx.o
 .debug_macro   0x0000000000000eaf       0x2e ./Common/System/system_stm32mp1xx.o
 .debug_macro   0x0000000000000edd       0x3a ./Common/System/system_stm32mp1xx.o
 .debug_macro   0x0000000000000f17       0x22 ./Common/System/system_stm32mp1xx.o
 .debug_macro   0x0000000000000f39       0x8e ./Common/System/system_stm32mp1xx.o
 .debug_macro   0x0000000000000fc7       0x51 ./Common/System/system_stm32mp1xx.o
 .debug_macro   0x0000000000001018      0x103 ./Common/System/system_stm32mp1xx.o
 .debug_macro   0x000000000000111b       0x6a ./Common/System/system_stm32mp1xx.o
 .debug_macro   0x0000000000001185      0x1df ./Common/System/system_stm32mp1xx.o
 .debug_macro   0x0000000000001364       0x1c ./Common/System/system_stm32mp1xx.o
 .debug_macro   0x0000000000001380       0x22 ./Common/System/system_stm32mp1xx.o
 .debug_macro   0x00000000000013a2       0xfb ./Common/System/system_stm32mp1xx.o
 .debug_macro   0x000000000000149d     0x1011 ./Common/System/system_stm32mp1xx.o
 .debug_macro   0x00000000000024ae      0x11f ./Common/System/system_stm32mp1xx.o
 .debug_macro   0x00000000000025cd    0x3b3de ./Common/System/system_stm32mp1xx.o
 .debug_macro   0x000000000003d9ab       0x43 ./Common/System/system_stm32mp1xx.o
 .debug_macro   0x000000000003d9ee       0x52 ./Common/System/system_stm32mp1xx.o
 .debug_macro   0x000000000003da40       0x1e ./Common/System/system_stm32mp1xx.o
 .debug_macro   0x000000000003da5e       0x3c ./Common/System/system_stm32mp1xx.o
 .debug_macro   0x000000000003da9a       0x34 ./Common/System/system_stm32mp1xx.o
 .debug_macro   0x000000000003dace       0x16 ./Common/System/system_stm32mp1xx.o
 .debug_macro   0x000000000003dae4       0x97 ./Common/System/system_stm32mp1xx.o
 .debug_macro   0x000000000003db7b      0x341 ./Common/System/system_stm32mp1xx.o
 .debug_macro   0x000000000003debc       0xfd ./Common/System/system_stm32mp1xx.o
 .debug_macro   0x000000000003dfb9       0x10 ./Common/System/system_stm32mp1xx.o
 .debug_macro   0x000000000003dfc9       0x16 ./Common/System/system_stm32mp1xx.o
 .debug_macro   0x000000000003dfdf       0x43 ./Common/System/system_stm32mp1xx.o
 .debug_macro   0x000000000003e022       0x34 ./Common/System/system_stm32mp1xx.o
 .debug_macro   0x000000000003e056       0x10 ./Common/System/system_stm32mp1xx.o
 .debug_macro   0x000000000003e066       0x58 ./Common/System/system_stm32mp1xx.o
 .debug_macro   0x000000000003e0be       0x71 ./Common/System/system_stm32mp1xx.o
 .debug_macro   0x000000000003e12f       0x1c ./Common/System/system_stm32mp1xx.o
 .debug_macro   0x000000000003e14b      0x12a ./Common/System/system_stm32mp1xx.o
 .debug_macro   0x000000000003e275       0x10 ./Common/System/system_stm32mp1xx.o
 .debug_macro   0x000000000003e285       0x1c ./Common/System/system_stm32mp1xx.o
 .debug_macro   0x000000000003e2a1       0x52 ./Common/System/system_stm32mp1xx.o
 .debug_macro   0x000000000003e2f3       0x22 ./Common/System/system_stm32mp1xx.o
 .debug_macro   0x000000000003e315       0x10 ./Common/System/system_stm32mp1xx.o
 .debug_macro   0x000000000003e325       0x52 ./Common/System/system_stm32mp1xx.o
 .debug_macro   0x000000000003e377       0xd5 ./Common/System/system_stm32mp1xx.o
 .debug_macro   0x000000000003e44c       0x1c ./Common/System/system_stm32mp1xx.o
 .debug_macro   0x000000000003e468       0x3d ./Common/System/system_stm32mp1xx.o
 .debug_macro   0x000000000003e4a5       0x16 ./Common/System/system_stm32mp1xx.o
 .debug_macro   0x000000000003e4bb      0x145 ./Common/System/system_stm32mp1xx.o
 .debug_macro   0x000000000003e600       0x54 ./Common/System/system_stm32mp1xx.o
 .debug_macro   0x000000000003e654     0x1d00 ./Common/System/system_stm32mp1xx.o
 .debug_macro   0x0000000000040354      0x9b1 ./Common/System/system_stm32mp1xx.o
 .debug_macro   0x0000000000040d05       0x2e ./Common/System/system_stm32mp1xx.o
 .debug_macro   0x0000000000040d33      0x33a ./Common/System/system_stm32mp1xx.o
 .debug_macro   0x000000000004106d      0x13a ./Common/System/system_stm32mp1xx.o
 .debug_macro   0x00000000000411a7      0x2f2 ./Common/System/system_stm32mp1xx.o
 .debug_macro   0x0000000000041499       0x27 ./Common/System/system_stm32mp1xx.o
 .debug_macro   0x00000000000414c0       0x4a ./Common/System/system_stm32mp1xx.o
 .debug_macro   0x000000000004150a      0x558 ./Common/System/system_stm32mp1xx.o
 .debug_macro   0x0000000000041a62       0xe0 ./Common/System/system_stm32mp1xx.o
 .debug_macro   0x0000000000041b42       0x66 ./Common/System/system_stm32mp1xx.o
 .debug_macro   0x0000000000041ba8      0x3c9 ./Common/System/system_stm32mp1xx.o
 .debug_macro   0x0000000000041f71      0x227 ./Common/System/system_stm32mp1xx.o
 .debug_macro   0x0000000000042198       0x4a ./Common/System/system_stm32mp1xx.o
 .debug_macro   0x00000000000421e2      0x272 ./Common/System/system_stm32mp1xx.o
 .debug_macro   0x0000000000042454      0x152 ./Common/System/system_stm32mp1xx.o
 .debug_macro   0x00000000000425a6      0x1f9 ./Common/System/system_stm32mp1xx.o
 .debug_macro   0x000000000004279f       0x19 ./Common/System/system_stm32mp1xx.o
 .debug_macro   0x00000000000427b8      0xa1a ./Common/System/system_stm32mp1xx.o
 .debug_macro   0x00000000000431d2      0x27b ./Common/System/system_stm32mp1xx.o
 .debug_macro   0x000000000004344d      0x64d ./Common/System/system_stm32mp1xx.o
 .debug_macro   0x0000000000043a9a       0xa6 ./Common/System/system_stm32mp1xx.o
 .debug_macro   0x0000000000043b40      0x521 ./Common/System/system_stm32mp1xx.o
 .debug_macro   0x0000000000044061      0x346 ./Core/Src/gpio.o
 .debug_macro   0x00000000000443a7      0x346 ./Core/Src/ipcc.o
 .debug_macro   0x00000000000446ed      0x346 ./Core/Src/lptim.o
 .debug_macro   0x0000000000044a33      0x38e ./Core/Src/main.o
 .debug_macro   0x0000000000044dc1       0x46 ./Core/Src/main.o
 .debug_macro   0x0000000000044e07       0x28 ./Core/Src/main.o
 .debug_macro   0x0000000000044e2f      0x33c ./Core/Src/stm32mp1xx_hal_msp.o
 .debug_macro   0x000000000004516b      0x346 ./Core/Src/stm32mp1xx_it.o
 .debug_macro   0x00000000000454b1      0x346 ./Core/Src/tim.o
 .debug_macro   0x00000000000457f7      0x346 ./Core/Src/usart.o
 .debug_macro   0x0000000000045b3d      0x362 ./Drivers/STM32MP1xx_HAL_Driver/stm32mp1xx_hal.o
 .debug_macro   0x0000000000045e9f      0x332 ./Drivers/STM32MP1xx_HAL_Driver/stm32mp1xx_hal_cortex.o
 .debug_macro   0x00000000000461d1      0x338 ./Drivers/STM32MP1xx_HAL_Driver/stm32mp1xx_hal_dma.o
 .debug_macro   0x0000000000046509      0x367 ./Drivers/STM32MP1xx_HAL_Driver/stm32mp1xx_hal_gpio.o
 .debug_macro   0x0000000000046870      0x344 ./Drivers/STM32MP1xx_HAL_Driver/stm32mp1xx_hal_ipcc.o
 .debug_macro   0x0000000000046bb4      0x33a ./Drivers/STM32MP1xx_HAL_Driver/stm32mp1xx_hal_lptim.o
 .debug_macro   0x0000000000046eee      0x341 ./Drivers/STM32MP1xx_HAL_Driver/stm32mp1xx_hal_mdma.o
 .debug_macro   0x000000000004722f      0x33e ./Drivers/STM32MP1xx_HAL_Driver/stm32mp1xx_hal_rcc.o
 .debug_macro   0x000000000004756d      0x338 ./Drivers/STM32MP1xx_HAL_Driver/stm32mp1xx_hal_rcc_ex.o
 .debug_macro   0x00000000000478a5      0x333 ./Drivers/STM32MP1xx_HAL_Driver/stm32mp1xx_hal_tim.o
 .debug_macro   0x0000000000047bd8      0x338 ./Drivers/STM32MP1xx_HAL_Driver/stm32mp1xx_hal_tim_ex.o
 .debug_macro   0x0000000000047f10      0x34f ./Drivers/STM32MP1xx_HAL_Driver/stm32mp1xx_hal_uart.o
 .debug_macro   0x000000000004825f      0x33e ./Drivers/STM32MP1xx_HAL_Driver/stm32mp1xx_hal_uart_ex.o
 .debug_macro   0x000000000004859d       0x1b ./module/DataScope/Src/DataScope_DP.o
 .debug_macro   0x00000000000485b8      0x477 ./module/DataScope/Src/show.o
 .debug_macro   0x0000000000048a2f       0x46 ./module/DataScope/Src/show.o
 .debug_macro   0x0000000000048a75      0xb8a ./module/DataScope/Src/show.o
 .debug_macro   0x00000000000495ff      0x659 ./module/DataScope/Src/show.o
 .debug_macro   0x0000000000049c58      0x19b ./module/DataScope/Src/show.o
 .debug_macro   0x0000000000049df3       0x16 ./module/DataScope/Src/show.o
 .debug_macro   0x0000000000049e09       0x20 ./module/DataScope/Src/show.o
 .debug_macro   0x0000000000049e29       0x76 ./module/DataScope/Src/show.o
 .debug_macro   0x0000000000049e9f       0x10 ./module/DataScope/Src/show.o
 .debug_macro   0x0000000000049eaf       0x34 ./module/DataScope/Src/show.o
 .debug_macro   0x0000000000049ee3       0x82 ./module/DataScope/Src/show.o
 .debug_macro   0x0000000000049f65       0xa6 ./module/DataScope/Src/show.o
 .debug_macro   0x000000000004a00b      0x828 ./module/DataScope/Src/show.o
 .debug_macro   0x000000000004a833       0x16 ./module/DataScope/Src/show.o
 .debug_macro   0x000000000004a849      0x476 ./module/motor/Src/BSP_Motor.o
 .debug_macro   0x000000000004acbf       0x22 ./module/motor/Src/BSP_Motor.o
 .debug_macro   0x000000000004ace1      0x471 ./module/motor/Src/MotorPIControllerTest.o
 .debug_macro   0x000000000004b152      0x475 ./module/motor/Src/control.o

.debug_line     0x0000000000000000    0x1f7bd
 .debug_line    0x0000000000000000      0x9a8 ./Common/System/system_stm32mp1xx.o
 .debug_line    0x00000000000009a8      0x8b2 ./Core/Src/gpio.o
 .debug_line    0x000000000000125a      0x8e5 ./Core/Src/ipcc.o
 .debug_line    0x0000000000001b3f      0x9c4 ./Core/Src/lptim.o
 .debug_line    0x0000000000002503      0xa07 ./Core/Src/main.o
 .debug_line    0x0000000000002f0a      0x8aa ./Core/Src/stm32mp1xx_hal_msp.o
 .debug_line    0x00000000000037b4      0x9de ./Core/Src/stm32mp1xx_it.o
 .debug_line    0x0000000000004192      0xbcb ./Core/Src/tim.o
 .debug_line    0x0000000000004d5d      0x956 ./Core/Src/usart.o
 .debug_line    0x00000000000056b3       0x8a ./Core/Startup/startup_stm32mp157aacx.o
 .debug_line    0x000000000000573d      0xe21 ./Drivers/STM32MP1xx_HAL_Driver/stm32mp1xx_hal.o
 .debug_line    0x000000000000655e      0xf9c ./Drivers/STM32MP1xx_HAL_Driver/stm32mp1xx_hal_cortex.o
 .debug_line    0x00000000000074fa     0x14ba ./Drivers/STM32MP1xx_HAL_Driver/stm32mp1xx_hal_dma.o
 .debug_line    0x00000000000089b4      0xf23 ./Drivers/STM32MP1xx_HAL_Driver/stm32mp1xx_hal_gpio.o
 .debug_line    0x00000000000098d7      0xcbe ./Drivers/STM32MP1xx_HAL_Driver/stm32mp1xx_hal_ipcc.o
 .debug_line    0x000000000000a595     0x18b3 ./Drivers/STM32MP1xx_HAL_Driver/stm32mp1xx_hal_lptim.o
 .debug_line    0x000000000000be48     0x1906 ./Drivers/STM32MP1xx_HAL_Driver/stm32mp1xx_hal_mdma.o
 .debug_line    0x000000000000d74e     0x1ff8 ./Drivers/STM32MP1xx_HAL_Driver/stm32mp1xx_hal_rcc.o
 .debug_line    0x000000000000f746     0x2235 ./Drivers/STM32MP1xx_HAL_Driver/stm32mp1xx_hal_rcc_ex.o
 .debug_line    0x000000000001197b     0x53a5 ./Drivers/STM32MP1xx_HAL_Driver/stm32mp1xx_hal_tim.o
 .debug_line    0x0000000000016d20     0x1f6b ./Drivers/STM32MP1xx_HAL_Driver/stm32mp1xx_hal_tim_ex.o
 .debug_line    0x0000000000018c8b     0x2fa7 ./Drivers/STM32MP1xx_HAL_Driver/stm32mp1xx_hal_uart.o
 .debug_line    0x000000000001bc32      0xe01 ./Drivers/STM32MP1xx_HAL_Driver/stm32mp1xx_hal_uart_ex.o
 .debug_line    0x000000000001ca33      0x173 ./module/DataScope/Src/DataScope_DP.o
 .debug_line    0x000000000001cba6      0xa27 ./module/DataScope/Src/show.o
 .debug_line    0x000000000001d5cd      0xb87 ./module/motor/Src/BSP_Motor.o
 .debug_line    0x000000000001e154      0xaf8 ./module/motor/Src/MotorPIControllerTest.o
 .debug_line    0x000000000001ec4c      0xb71 ./module/motor/Src/control.o

.debug_str      0x0000000000000000   0x1db071
 .debug_str     0x0000000000000000   0x1ccd3b ./Common/System/system_stm32mp1xx.o
                                     0x1cd085 (size before relaxing)
 .debug_str     0x00000000001ccd3b      0x154 ./Core/Src/gpio.o
                                     0x1cd08a (size before relaxing)
 .debug_str     0x00000000001cce8f      0xa14 ./Core/Src/ipcc.o
                                     0x1cd99f (size before relaxing)
 .debug_str     0x00000000001cd8a3      0x672 ./Core/Src/lptim.o
                                     0x1cd75f (size before relaxing)
 .debug_str     0x00000000001cdf15      0x9f5 ./Core/Src/main.o
                                     0x1cdb93 (size before relaxing)
 .debug_str     0x00000000001ce90a       0x4a ./Core/Src/stm32mp1xx_hal_msp.o
                                     0x1cd7dc (size before relaxing)
 .debug_str     0x00000000001ce954      0x61a ./Core/Src/stm32mp1xx_it.o
                                     0x1cd0ea (size before relaxing)
 .debug_str     0x00000000001cef6e      0x2de ./Core/Src/tim.o
                                     0x1ce1bb (size before relaxing)
 .debug_str     0x00000000001cf24c       0xa8 ./Core/Src/usart.o
                                     0x1ce61f (size before relaxing)
 .debug_str     0x00000000001cf2f4       0x37 ./Core/Startup/startup_stm32mp157aacx.o
                                         0x76 (size before relaxing)
 .debug_str     0x00000000001cf32b      0x79a ./Drivers/STM32MP1xx_HAL_Driver/stm32mp1xx_hal.o
                                     0x1cd4ba (size before relaxing)
 .debug_str     0x00000000001cfac5      0x316 ./Drivers/STM32MP1xx_HAL_Driver/stm32mp1xx_hal_cortex.o
                                     0x1cd10f (size before relaxing)
 .debug_str     0x00000000001cfddb      0x3c3 ./Drivers/STM32MP1xx_HAL_Driver/stm32mp1xx_hal_dma.o
                                     0x1ccb17 (size before relaxing)
 .debug_str     0x00000000001d019e      0x325 ./Drivers/STM32MP1xx_HAL_Driver/stm32mp1xx_hal_gpio.o
                                     0x1cc8b3 (size before relaxing)
 .debug_str     0x00000000001d04c3      0x297 ./Drivers/STM32MP1xx_HAL_Driver/stm32mp1xx_hal_ipcc.o
                                     0x1cc7dc (size before relaxing)
 .debug_str     0x00000000001d075a      0x4ba ./Drivers/STM32MP1xx_HAL_Driver/stm32mp1xx_hal_lptim.o
                                     0x1cd6af (size before relaxing)
 .debug_str     0x00000000001d0c14      0x518 ./Drivers/STM32MP1xx_HAL_Driver/stm32mp1xx_hal_mdma.o
                                     0x1cccbf (size before relaxing)
 .debug_str     0x00000000001d112c      0x70e ./Drivers/STM32MP1xx_HAL_Driver/stm32mp1xx_hal_rcc.o
                                     0x1cd986 (size before relaxing)
 .debug_str     0x00000000001d183a      0x112 ./Drivers/STM32MP1xx_HAL_Driver/stm32mp1xx_hal_rcc_ex.o
                                     0x1cd815 (size before relaxing)
 .debug_str     0x00000000001d194c      0xd7c ./Drivers/STM32MP1xx_HAL_Driver/stm32mp1xx_hal_tim.o
                                     0x1cd888 (size before relaxing)
 .debug_str     0x00000000001d26c8      0x54f ./Drivers/STM32MP1xx_HAL_Driver/stm32mp1xx_hal_tim_ex.o
                                     0x1cd279 (size before relaxing)
 .debug_str     0x00000000001d2c17      0xa20 ./Drivers/STM32MP1xx_HAL_Driver/stm32mp1xx_hal_uart.o
                                     0x1ce419 (size before relaxing)
 .debug_str     0x00000000001d3637      0x226 ./Drivers/STM32MP1xx_HAL_Driver/stm32mp1xx_hal_uart_ex.o
                                     0x1ccfa4 (size before relaxing)
 .debug_str     0x00000000001d385d       0xb8 ./module/DataScope/Src/DataScope_DP.o
                                       0x2dba (size before relaxing)
 .debug_str     0x00000000001d3915     0x73a6 ./module/DataScope/Src/show.o
                                     0x1d41d0 (size before relaxing)
 .debug_str     0x00000000001dacbb      0x1ee ./module/motor/Src/BSP_Motor.o
                                     0x1d438b (size before relaxing)
 .debug_str     0x00000000001daea9       0xbe ./module/motor/Src/MotorPIControllerTest.o
                                     0x1d41e1 (size before relaxing)
 .debug_str     0x00000000001daf67      0x10a ./module/motor/Src/control.o
                                     0x1d41a7 (size before relaxing)

.comment        0x0000000000000000       0x50
 .comment       0x0000000000000000       0x50 ./Common/System/system_stm32mp1xx.o
                                         0x51 (size before relaxing)
 .comment       0x0000000000000050       0x51 ./Core/Src/gpio.o
 .comment       0x0000000000000050       0x51 ./Core/Src/ipcc.o
 .comment       0x0000000000000050       0x51 ./Core/Src/lptim.o
 .comment       0x0000000000000050       0x51 ./Core/Src/main.o
 .comment       0x0000000000000050       0x51 ./Core/Src/stm32mp1xx_hal_msp.o
 .comment       0x0000000000000050       0x51 ./Core/Src/stm32mp1xx_it.o
 .comment       0x0000000000000050       0x51 ./Core/Src/tim.o
 .comment       0x0000000000000050       0x51 ./Core/Src/usart.o
 .comment       0x0000000000000050       0x51 ./Drivers/STM32MP1xx_HAL_Driver/stm32mp1xx_hal.o
 .comment       0x0000000000000050       0x51 ./Drivers/STM32MP1xx_HAL_Driver/stm32mp1xx_hal_cortex.o
 .comment       0x0000000000000050       0x51 ./Drivers/STM32MP1xx_HAL_Driver/stm32mp1xx_hal_dma.o
 .comment       0x0000000000000050       0x51 ./Drivers/STM32MP1xx_HAL_Driver/stm32mp1xx_hal_gpio.o
 .comment       0x0000000000000050       0x51 ./Drivers/STM32MP1xx_HAL_Driver/stm32mp1xx_hal_ipcc.o
 .comment       0x0000000000000050       0x51 ./Drivers/STM32MP1xx_HAL_Driver/stm32mp1xx_hal_lptim.o
 .comment       0x0000000000000050       0x51 ./Drivers/STM32MP1xx_HAL_Driver/stm32mp1xx_hal_mdma.o
 .comment       0x0000000000000050       0x51 ./Drivers/STM32MP1xx_HAL_Driver/stm32mp1xx_hal_rcc.o
 .comment       0x0000000000000050       0x51 ./Drivers/STM32MP1xx_HAL_Driver/stm32mp1xx_hal_rcc_ex.o
 .comment       0x0000000000000050       0x51 ./Drivers/STM32MP1xx_HAL_Driver/stm32mp1xx_hal_tim.o
 .comment       0x0000000000000050       0x51 ./Drivers/STM32MP1xx_HAL_Driver/stm32mp1xx_hal_tim_ex.o
 .comment       0x0000000000000050       0x51 ./Drivers/STM32MP1xx_HAL_Driver/stm32mp1xx_hal_uart.o
 .comment       0x0000000000000050       0x51 ./Drivers/STM32MP1xx_HAL_Driver/stm32mp1xx_hal_uart_ex.o
 .comment       0x0000000000000050       0x51 ./module/DataScope/Src/DataScope_DP.o
 .comment       0x0000000000000050       0x51 ./module/DataScope/Src/show.o
 .comment       0x0000000000000050       0x51 ./module/motor/Src/BSP_Motor.o
 .comment       0x0000000000000050       0x51 ./module/motor/Src/MotorPIControllerTest.o
 .comment       0x0000000000000050       0x51 ./module/motor/Src/control.o

.debug_frame    0x0000000000000000     0x50c4
 .debug_frame   0x0000000000000000       0x58 ./Common/System/system_stm32mp1xx.o
 .debug_frame   0x0000000000000058       0x34 ./Core/Src/gpio.o
 .debug_frame   0x000000000000008c       0x74 ./Core/Src/ipcc.o
 .debug_frame   0x0000000000000100       0x94 ./Core/Src/lptim.o
 .debug_frame   0x0000000000000194       0x94 ./Core/Src/main.o
 .debug_frame   0x0000000000000228       0x2c ./Core/Src/stm32mp1xx_hal_msp.o
 .debug_frame   0x0000000000000254      0x190 ./Core/Src/stm32mp1xx_it.o
 .debug_frame   0x00000000000003e4      0x130 ./Core/Src/tim.o
 .debug_frame   0x0000000000000514       0x78 ./Core/Src/usart.o
 .debug_frame   0x000000000000058c      0x56c ./Drivers/STM32MP1xx_HAL_Driver/stm32mp1xx_hal.o
 .debug_frame   0x0000000000000af8      0x428 ./Drivers/STM32MP1xx_HAL_Driver/stm32mp1xx_hal_cortex.o
 .debug_frame   0x0000000000000f20      0x2a8 ./Drivers/STM32MP1xx_HAL_Driver/stm32mp1xx_hal_dma.o
 .debug_frame   0x00000000000011c8      0x164 ./Drivers/STM32MP1xx_HAL_Driver/stm32mp1xx_hal_gpio.o
 .debug_frame   0x000000000000132c      0x298 ./Drivers/STM32MP1xx_HAL_Driver/stm32mp1xx_hal_ipcc.o
 .debug_frame   0x00000000000015c4      0x62c ./Drivers/STM32MP1xx_HAL_Driver/stm32mp1xx_hal_lptim.o
 .debug_frame   0x0000000000001bf0      0x39c ./Drivers/STM32MP1xx_HAL_Driver/stm32mp1xx_hal_mdma.o
 .debug_frame   0x0000000000001f8c      0x5ac ./Drivers/STM32MP1xx_HAL_Driver/stm32mp1xx_hal_rcc.o
 .debug_frame   0x0000000000002538      0x158 ./Drivers/STM32MP1xx_HAL_Driver/stm32mp1xx_hal_rcc_ex.o
 .debug_frame   0x0000000000002690     0x1160 ./Drivers/STM32MP1xx_HAL_Driver/stm32mp1xx_hal_tim.o
 .debug_frame   0x00000000000037f0      0x694 ./Drivers/STM32MP1xx_HAL_Driver/stm32mp1xx_hal_tim_ex.o
 .debug_frame   0x0000000000003e84      0xb2c ./Drivers/STM32MP1xx_HAL_Driver/stm32mp1xx_hal_uart.o
 .debug_frame   0x00000000000049b0      0x224 ./Drivers/STM32MP1xx_HAL_Driver/stm32mp1xx_hal_uart_ex.o
 .debug_frame   0x0000000000004bd4       0x84 ./module/DataScope/Src/DataScope_DP.o
 .debug_frame   0x0000000000004c58       0x34 ./module/DataScope/Src/show.o
 .debug_frame   0x0000000000004c8c      0x1b8 ./module/motor/Src/BSP_Motor.o
 .debug_frame   0x0000000000004e44      0x110 ./module/motor/Src/MotorPIControllerTest.o
 .debug_frame   0x0000000000004f54      0x124 ./module/motor/Src/control.o